
 RUN  v3.2.4 /Users/kaipeace/Documents/Development Files/aworkflow-nextjs

 ✓ __tests__/encryption-service.test.ts (13 tests) 236ms
 ✓ __tests__/crypto.test.ts (23 tests) 307ms
 ✓ __tests__/user-settings-storage.test.ts (20 tests) 402ms
 ✓ __tests__/components/SettingsDashboard.test.tsx (28 tests | 1 skipped) 523ms
 ❯ __tests__/components/ApiKeyTester.test.tsx (21 tests | 19 failed) 553ms
   × ApiKeyTester Component > Component Rendering > should render API key tester with provider options 35ms
     → Unable to find an element with the display value: anthropic.

Ignored nodes: comments, script, style
[36m<body>[39m
  [36m<div>[39m
    [36m<div[39m
      [33mclass[39m=[32m"max-w-2xl mx-auto p-6"[39m
    [36m>[39m
      [36m<div[39m
        [33mclass[39m=[32m"bg-white rounded-lg shadow-md p-6"[39m
      [36m>[39m
        [36m<h2[39m
          [33mclass[39m=[32m"text-2xl font-bold text-gray-900 mb-2"[39m
        [36m>[39m
          [0mAPI Key Testing[0m
        [36m</h2>[39m
        [36m<p[39m
          [33mclass[39m=[32m"text-gray-600 mb-6"[39m
        [36m>[39m
          [0mTest your API keys for connectivity and functionality[0m
        [36m</p>[39m
        [36m<div[39m
          [33mclass[39m=[32m"space-y-6"[39m
        [36m>[39m
          [36m<div>[39m
            [36m<label[39m
              [33mclass[39m=[32m"block text-sm font-medium text-gray-700 mb-2"[39m
              [33mfor[39m=[32m"provider"[39m
            [36m>[39m
              [0mSelect Provider[0m
            [36m</label>[39m
            [36m<select[39m
              [33mclass[39m=[32m"w-full px-3 py-2 border border-gray-300 rounded-md focus:outline-none focus:ring-2 focus:ring-blue-500"[39m
              [33mid[39m=[32m"provider"[39m
              [33mtabindex[39m=[32m"0"[39m
            [36m>[39m
              [36m<option[39m
                [33mvalue[39m=[32m"anthropic"[39m
              [36m>[39m
                [0mAnthropic[0m
              [36m</option>[39m
              [36m<option[39m
                [33mvalue[39m=[32m"openai"[39m
              [36m>[39m
                [0mOpenAI[0m
              [36m</option>[39m
              [36m<option[39m
                [33mvalue[39m=[32m"zotero"[39m
              [36m>[39m
                [0mZotero[0m
              [36m</option>[39m
            [36m</select>[39m
          [36m</div>[39m
          [36m<div>[39m
            [36m<label[39m
              [33mclass[39m=[32m"block text-sm font-medium text-gray-700 mb-2"[39m
              [33mfor[39m=[32m"apiKey"[39m
            [36m>[39m
              [0mAPI Key[0m
            [36m</label>[39m
            [36m<input[39m
              [33mclass[39m=[32m"w-full px-3 py-2 border rounded-md focus:outline-none focus:ring-2 focus:ring-blue-500 border-gray-300"[39m
              [33mid[39m=[32m"apiKey"[39m
              [33mplaceholder[39m=[32m"Enter your API key..."[39m
              [33mtabindex[39m=[32m"0"[39m
              [33mtype[39m=[32m"password"[39m
              [33mvalue[39m=[32m""[39m
            [36m/>[39m
          [36m</div>[39m
          [36m<div>[39m
            [36m<button[39m
              [33mclass[39m=[32m"w-full px-4 py-2 bg-blue-600 text-white rounded-md hover:bg-blue-700 disabled:bg-gray-400 disabled:cursor-not-allowed flex items-center justify-center"[39m
              [33mdisabled[39m=[32m""[39m
              [33mtabindex[39m=[32m"0"[39m
            [36m>[39m
              [0mTest API Key[0m
            [36m</button>[39m
          [36m</div>[39m
        [36m</div>[39m
      [36m</div>[39m
    [36m</div>[39m
  [36m</div>[39m
[36m</body>[39m
   × ApiKeyTester Component > Component Rendering > should show API key input field 9ms
     → Found multiple elements with the placeholder text of: /enter your api key/i

Here are the matching elements:

Ignored nodes: comments, script, style
[36m<input[39m
  [33mclass[39m=[32m"w-full px-3 py-2 border rounded-md focus:outline-none focus:ring-2 focus:ring-blue-500 border-gray-300"[39m
  [33mid[39m=[32m"apiKey"[39m
  [33mplaceholder[39m=[32m"Enter your API key..."[39m
  [33mtabindex[39m=[32m"0"[39m
  [33mtype[39m=[32m"password"[39m
  [33mvalue[39m=[32m""[39m
[36m/>[39m

Ignored nodes: comments, script, style
[36m<input[39m
  [33mclass[39m=[32m"w-full px-3 py-2 border rounded-md focus:outline-none focus:ring-2 focus:ring-blue-500 border-gray-300"[39m
  [33mid[39m=[32m"apiKey"[39m
  [33mplaceholder[39m=[32m"Enter your API key..."[39m
  [33mtabindex[39m=[32m"0"[39m
  [33mtype[39m=[32m"password"[39m
  [33mvalue[39m=[32m""[39m
[36m/>[39m

(If this is intentional, then use the `*AllBy*` variant of the query (like `queryAllByText`, `getAllByText`, or `findAllByText`)).

Ignored nodes: comments, script, style
[36m<body>[39m
  [36m<div>[39m
    [36m<div[39m
      [33mclass[39m=[32m"max-w-2xl mx-auto p-6"[39m
    [36m>[39m
      [36m<div[39m
        [33mclass[39m=[32m"bg-white rounded-lg shadow-md p-6"[39m
      [36m>[39m
        [36m<h2[39m
          [33mclass[39m=[32m"text-2xl font-bold text-gray-900 mb-2"[39m
        [36m>[39m
          [0mAPI Key Testing[0m
        [36m</h2>[39m
        [36m<p[39m
          [33mclass[39m=[32m"text-gray-600 mb-6"[39m
        [36m>[39m
          [0mTest your API keys for connectivity and functionality[0m
        [36m</p>[39m
        [36m<div[39m
          [33mclass[39m=[32m"space-y-6"[39m
        [36m>[39m
          [36m<div>[39m
            [36m<label[39m
              [33mclass[39m=[32m"block text-sm font-medium text-gray-700 mb-2"[39m
              [33mfor[39m=[32m"provider"[39m
            [36m>[39m
              [0mSelect Provider[0m
            [36m</label>[39m
            [36m<select[39m
              [33mclass[39m=[32m"w-full px-3 py-2 border border-gray-300 rounded-md focus:outline-none focus:ring-2 focus:ring-blue-500"[39m
              [33mid[39m=[32m"provider"[39m
              [33mtabindex[39m=[32m"0"[39m
            [36m>[39m
              [36m<option[39m
                [33mvalue[39m=[32m"anthropic"[39m
              [36m>[39m
                [0mAnthropic[0m
              [36m</option>[39m
              [36m<option[39m
                [33mvalue[39m=[32m"openai"[39m
              [36m>[39m
                [0mOpenAI[0m
              [36m</option>[39m
              [36m<option[39m
                [33mvalue[39m=[32m"zotero"[39m
              [36m>[39m
                [0mZotero[0m
              [36m</option>[39m
            [36m</select>[39m
          [36m</div>[39m
          [36m<div>[39m
            [36m<label[39m
              [33mclass[39m=[32m"block text-sm font-medium text-gray-700 mb-2"[39m
              [33mfor[39m=[32m"apiKey"[39m
            [36m>[39m
              [0mAPI Key[0m
            [36m</label>[39m
            [36m<input[39m
              [33mclass[39m=[32m"w-full px-3 py-2 border rounded-md focus:outline-none focus:ring-2 focus:ring-blue-500 border-gray-300"[39m
              [33mid[39m=[32m"apiKey"[39m
              [33mplaceholder[39m=[32m"Enter your API key..."[39m
              [33mtabindex[39m=[32m"0"[39m
              [33mtype[39m=[32m"password"[39m
              [33mvalue[39m=[32m""[39m
            [36m/>[39m
          [36m</div>[39m
          [36m<div>[39m
            [36m<button[39m
              [33mclass[39m=[32m"w-full px-4 py-2 bg-blue-600 text-white rounded-md hover:bg-blue-700 disabled:bg-gray-400 disabled:cursor-not-allowed flex items-center justify-center"[39m
              [33mdisabled[39m=[32m""[39m
              [33mtabindex[39m=[32m"0"[39m
            [36m>[39m
              [0mTest API Key[0m
            [36m</button>[39m
          [36m</div>[39m
        [36m</div>[39m
      [36m</div>[39m
    [36m</div>[39m
  [36m</div>[39m
  [36m<div>[39m
    [36m<div[39m
      [33mclass[39m=[32m"max-w-2xl mx-auto p-6"[39m
    [36m>[39m
      [36m<div[39m
        [33mclass[39m=[32m"bg-white rounded-lg shadow-md p-6"[39m
      [36m>[39m
        [36m<h2[39m
          [33mclass[39m=[32m"text-2xl font-bold text-gray-900 mb-2"[39m
        [36m>[39m
          [0mAPI Key Testing[0m
        [36m</h2>[39m
        [36m<p[39m
          [33mclass[39m=[32m"text-gray-600 mb-6"[39m
        [36m>[39m
          [0mTest your API keys for connectivity and functionality[0m
        [36m</p>[39m
        [36m<div[39m
          [33mclass[39m=[32m"space-y-6"[39m
        [36m>[39m
          [36m<div>[39m
            [36m<label[39m
              [33mclass[39m=[32m"block text-sm font-medium text-gray-700 mb-2"[39m
              [33mfor[39m=[32m"provider"[39m
            [36m>[39m
              [0mSelect Provider[0m
            [36m</label>[39m
            [36m<select[39m
              [33mclass[39m=[32m"w-full px-3 py-2 border border-gray-300 rounded-md focus:outline-none focus:ring-2 focus:ring-blue-500"[39m
              [33mid[39m=[32m"provider"[39m
              [33mtabindex[39m=[32m"0"[39m
            [36m>[39m
              [36m<option[39m
                [33mvalue[39m=[32m"anthropic"[39m
              [36m>[39m
                [0mAnthropic[0m
              [36m</option>[39m
              [36m<option[39m
                [33mvalue[39m=[32m"openai"[39m
              [36m>[39m
                [0mOpenAI[0m
              [36m</option>[39m
              [36m<option[39m
                [33mvalue[39m=[32m"zotero"[39m
              [36m>[39m
                [0mZotero[0m
              [36m</option>[39m
            [36m</select>[39m
          [36m</div>[39m
          [36m<div>[39m
            [36m<label[39m
              [33mclass[39m=[32m"block text-sm font-medium text-gray-700 mb-2"[39m
              [33mfor[39m=[32m"apiKey"[39m
            [36m>[39m
              [0mAPI Key[0m
            [36m</label>[39m
            [36m<input[39m
              [33mclass[39m=[32m"w-full px-3 py-2 border rounded-md focus:outline-none focus:ring-2 focus:ring-blue-500 border-gray-300"[39m
              [33mid[39m=[32m"apiKey"[39m
              [33mplaceholder[39m=[32m"Enter your API key..."[39m
              [33mtabindex[39m=[32m"0"[39m
              [33mtype[39m=[32m"password"[39m
              [33mvalue[39m=[32m""[39m
            [36m/>[39m
          [36m</div>[39m
          [36m<div>[39m
            [36m<button[39m
              [33mclass[39m=[32m"w-full px-4 py-2 bg-blue-600 text-white rounded-md hover:bg-blue-700 disabled:bg-gray-400 disabled:cursor-not-allowed flex items-center justify-center"[39m
              [33mdisabled[39m=[32m""[39m
              [33mtabindex[39m=[32m"0"[39m
            [36m>[39m
              [0mTest API Key[0m
            [36m</button>[39m
          [36m</div>[39m
        [36m</div>[39m
      [36m</div>[39m
    [36m</div>[39m
  [36m</div>[39m
[36m</body>[39m
   × ApiKeyTester Component > Component Rendering > should show test button 50ms
     → Found multiple elements with the role "button" and name `/test api key/i`

Here are the matching elements:

Ignored nodes: comments, script, style
[36m<button[39m
  [33mclass[39m=[32m"w-full px-4 py-2 bg-blue-600 text-white rounded-md hover:bg-blue-700 disabled:bg-gray-400 disabled:cursor-not-allowed flex items-center justify-center"[39m
  [33mdisabled[39m=[32m""[39m
  [33mtabindex[39m=[32m"0"[39m
[36m>[39m
  [0mTest API Key[0m
[36m</button>[39m

Ignored nodes: comments, script, style
[36m<button[39m
  [33mclass[39m=[32m"w-full px-4 py-2 bg-blue-600 text-white rounded-md hover:bg-blue-700 disabled:bg-gray-400 disabled:cursor-not-allowed flex items-center justify-center"[39m
  [33mdisabled[39m=[32m""[39m
  [33mtabindex[39m=[32m"0"[39m
[36m>[39m
  [0mTest API Key[0m
[36m</button>[39m

Ignored nodes: comments, script, style
[36m<button[39m
  [33mclass[39m=[32m"w-full px-4 py-2 bg-blue-600 text-white rounded-md hover:bg-blue-700 disabled:bg-gray-400 disabled:cursor-not-allowed flex items-center justify-center"[39m
  [33mdisabled[39m=[32m""[39m
  [33mtabindex[39m=[32m"0"[39m
[36m>[39m
  [0mTest API Key[0m
[36m</button>[39m

(If this is intentional, then use the `*AllBy*` variant of the query (like `queryAllByText`, `getAllByText`, or `findAllByText`)).

Ignored nodes: comments, script, style
[36m<body>[39m
  [36m<div>[39m
    [36m<div[39m
      [33mclass[39m=[32m"max-w-2xl mx-auto p-6"[39m
    [36m>[39m
      [36m<div[39m
        [33mclass[39m=[32m"bg-white rounded-lg shadow-md p-6"[39m
      [36m>[39m
        [36m<h2[39m
          [33mclass[39m=[32m"text-2xl font-bold text-gray-900 mb-2"[39m
        [36m>[39m
          [0mAPI Key Testing[0m
        [36m</h2>[39m
        [36m<p[39m
          [33mclass[39m=[32m"text-gray-600 mb-6"[39m
        [36m>[39m
          [0mTest your API keys for connectivity and functionality[0m
        [36m</p>[39m
        [36m<div[39m
          [33mclass[39m=[32m"space-y-6"[39m
        [36m>[39m
          [36m<div>[39m
            [36m<label[39m
              [33mclass[39m=[32m"block text-sm font-medium text-gray-700 mb-2"[39m
              [33mfor[39m=[32m"provider"[39m
            [36m>[39m
              [0mSelect Provider[0m
            [36m</label>[39m
            [36m<select[39m
              [33mclass[39m=[32m"w-full px-3 py-2 border border-gray-300 rounded-md focus:outline-none focus:ring-2 focus:ring-blue-500"[39m
              [33mid[39m=[32m"provider"[39m
              [33mtabindex[39m=[32m"0"[39m
            [36m>[39m
              [36m<option[39m
                [33mvalue[39m=[32m"anthropic"[39m
              [36m>[39m
                [0mAnthropic[0m
              [36m</option>[39m
              [36m<option[39m
                [33mvalue[39m=[32m"openai"[39m
              [36m>[39m
                [0mOpenAI[0m
              [36m</option>[39m
              [36m<option[39m
                [33mvalue[39m=[32m"zotero"[39m
              [36m>[39m
                [0mZotero[0m
              [36m</option>[39m
            [36m</select>[39m
          [36m</div>[39m
          [36m<div>[39m
            [36m<label[39m
              [33mclass[39m=[32m"block text-sm font-medium text-gray-700 mb-2"[39m
              [33mfor[39m=[32m"apiKey"[39m
            [36m>[39m
              [0mAPI Key[0m
            [36m</label>[39m
            [36m<input[39m
              [33mclass[39m=[32m"w-full px-3 py-2 border rounded-md focus:outline-none focus:ring-2 focus:ring-blue-500 border-gray-300"[39m
              [33mid[39m=[32m"apiKey"[39m
              [33mplaceholder[39m=[32m"Enter your API key..."[39m
              [33mtabindex[39m=[32m"0"[39m
              [33mtype[39m=[32m"password"[39m
              [33mvalue[39m=[32m""[39m
            [36m/>[39m
          [36m</div>[39m
          [36m<div>[39m
            [36m<button[39m
              [33mclass[39m=[32m"w-full px-4 py-2 bg-blue-600 text-white rounded-md hover:bg-blue-700 disabled:bg-gray-400 disabled:cursor-not-allowed flex items-center justify-center"[39m
              [33mdisabled[39m=[32m""[39m
              [33mtabindex[39m=[32m"0"[39m
            [36m>[39m
              [0mTest API Key[0m
            [36m</button>[39m
          [36m</div>[39m
        [36m</div>[39m
      [36m</div>[39m
    [36m</div>[39m
  [36m</div>[39m
  [36m<div>[39m
    [36m<div[39m
      [33mclass[39m=[32m"max-w-2xl mx-auto p-6"[39m
    [36m>[39m
      [36m<div[39m
        [33mclass[39m=[32m"bg-white rounded-lg shadow-md p-6"[39m
      [36m>[39m
        [36m<h2[39m
          [33mclass[39m=[32m"text-2xl font-bold text-gray-900 mb-2"[39m
        [36m>[39m
          [0mAPI Key Testing[0m
        [36m</h2>[39m
        [36m<p[39m
          [33mclass[39m=[32m"text-gray-600 mb-6"[39m
        [36m>[39m
          [0mTest your API keys for connectivity and functionality[0m
        [36m</p>[39m
        [36m<div[39m
          [33mclass[39m=[32m"space-y-6"[39m
        [36m>[39m
          [36m<div>[39m
            [36m<label[39m
              [33mclass[39m=[32m"block text-sm font-medium text-gray-700 mb-2"[39m
              [33mfor[39m=[32m"provider"[39m
            [36m>[39m
              [0mSelect Provider[0m
            [36m</label>[39m
            [36m<select[39m
              [33mclass[39m=[32m"w-full px-3 py-2 border border-gray-300 rounded-md focus:outline-none focus:ring-2 focus:ring-blue-500"[39m
              [33mid[39m=[32m"provider"[39m
              [33mtabindex[39m=[32m"0"[39m
            [36m>[39m
              [36m<option[39m
                [33mvalue[39m=[32m"anthropic"[39m
              [36m>[39m
                [0mAnthropic[0m
              [36m</option>[39m
              [36m<option[39m
                [33mvalue[39m=[32m"openai"[39m
              [36m>[39m
                [0mOpenAI[0m
              [36m</option>[39m
              [36m<option[39m
                [33mvalue[39m=[32m"zotero"[39m
              [36m>[39m
                [0mZotero[0m
              [36m</option>[39m
            [36m</select>[39m
          [36m</div>[39m
          [36m<div>[39m
            [36m<label[39m
              [33mclass[39m=[32m"block text-sm font-medium text-gray-700 mb-2"[39m
              [33mfor[39m=[32m"apiKey"[39m
            [36m>[39m
              [0mAPI Key[0m
            [36m</label>[39m
            [36m<input[39m
              [33mclass[39m=[32m"w-full px-3 py-2 border rounded-md focus:outline-none focus:ring-2 focus:ring-blue-500 border-gray-300"[39m
              [33mid[39m=[32m"apiKey"[39m
              [33mplaceholder[39m=[32m"Enter your API key..."[39m
              [33mtabindex[39m=[32m"0"[39m
              [33mtype[39m=[32m"password"[39m
              [33mvalue[39m=[32m""[39m
            [36m/>[39m
          [36m</div>[39m
          [36m<div>[39m
            [36m<button[39m
              [33mclass[39m=[32m"w-full px-4 py-2 bg-blue-600 text-white rounded-md hover:bg-blue-700 disabled:bg-gray-400 disabled:cursor-not-allowed flex items-center justify-center"[39m
              [33mdisabled[39m=[32m""[39m
              [33mtabindex[39m=[32m"0"[39m
            [36m>[39m
              [0mTest API Key[0m
            [36m</button>[39m
          [36m</div>[39m
        [36m</div>[39m
      [36m</div>[39m
    [36m</div>[39m
  [36m</div>[39m
  [36m<div>[39m
    [36m<div[39m
      [33mclass[39m=[32m"max-w-2xl mx-auto p-6"[39m
    [36m>[39m
      [36m<div[39m
        [33mclass[39m=[32m"bg-white rounded-lg shadow-md p-6"[39m
      [36m>[39m
        [36m<h2[39m
          [33mclass[39m=[32m"text-2xl font-bold text-gray-900 mb-2"[39m
        [36m>[39m
          [0mAPI Key Testing[0m
        [36m</h2>[39m
        [36m<p[39m
          [33mclass[39m=[32m"text-gray-600 mb-6"[39m
        [36m>[39m
          [0mTest your API keys for connectivity and functionality[0m
        [36m</p>[39m
        [36m<div[39m
          [33mclass[39m=[32m"space-y-6"[39m
        [36m>[39m
          [36m<div>[39m
            [36m<label[39m
              [33mclass[39m=[32m"block text-sm font-medium text-gray-700 mb-2"[39m
              [33mfor[39m=[32m"provider"[39m
            [36m>[39m
              [0mSelect Provider[0m
            [36m</label>[39m
            [36m<select[39m
              [33mclass[39m=[32m"w-full px-3 py-2 border border-gray-300 rounded-md focus:outline-none focus:ring-2 focus:ring-blue-500"[39m
              [33mid[39m=[32m"provider"[39m
              [33mtabindex[39m=[32m"0"[39m
            [36m>[39m
              [36m<option[39m
                [33mvalue[39m=[32m"anthropic"[39m
              [36m>[39m
                [0mAnthropic[0m
              [36m</option>[39m
              [36m<option[39m
                [33mvalue[39m=[32m"openai"[39m
              [36m>[39m
                [0mOpenAI[0m
              [36m</option>[39m
              [36m<option[39m
                [33mvalue[39m=[32m"zotero"[39m
              [36m>[39m
                [0mZotero[0m
              [36m</option>[39m
            [36m</select>[39m
          [36m</div>[39m
          [36m<div>[39m
            [36m<label[39m
              [33mclass[39m=[32m"block text-sm font-medium text-gray-700 mb-2"[39m
              [33mfor[39m=[32m"apiKey"[39m
            [36m>[39m
              [0mAPI Key[0m
            [36m</label>[39m
            [36m<input[39m
              [33mclass[39m=[32m"w-full px-3 py-2 border rounded-md focus:outline-none focus:ring-2 focus:ring-blue-500 border-gray-300"[39m
              [33mid[39m=[32m"apiKey"[39m
              [33mplaceholder[39m=[32m"Enter your API key..."[39m
              [33mtabindex[39m=[32m"0"[39m
              [33mtype[39m=[32m"password"[39m
              [33mvalue[39m=[32m""[39m
            [36m/>[39m
          [36m</div>[39m
          [36m<div>[39m
            [36m<button[39m
              [33mclass[39m=[32m"w-full px-4 py-2 bg-blue-600 text-white rounded-md hover:bg-blue-700 disabled:bg-gray-400 disabled:cursor-not-allowed flex items-center justify-center"[39m
              [33mdisabled[39m=[32m""[39m
              [33mtabindex[39m=[32m"0"[39m
            [36m>[39m
              [0mTest API Key[0m
            [36m</button>[39m
          [36m</div>[39m
        [36m</div>[39m
      [36m</div>[39m
    [36m</div>[39m
  [36m</div>[39m
[36m</body>[39m
   ✓ ApiKeyTester Component > Component Rendering > should show additional fields for Zotero provider 19ms
   × ApiKeyTester Component > Form Validation > should validate API key format for Anthropic 11ms
     → Unable to find an element with the text: /anthropic api keys must start with sk-ant-/i. This could be because the text is broken up by multiple elements. In this case, you can provide a function for your text matcher to make your matcher more flexible.

Ignored nodes: comments, script, style
[36m<body>[39m
  [36m<div>[39m
    [36m<div[39m
      [33mclass[39m=[32m"max-w-2xl mx-auto p-6"[39m
    [36m>[39m
      [36m<div[39m
        [33mclass[39m=[32m"bg-white rounded-lg shadow-md p-6"[39m
      [36m>[39m
        [36m<h2[39m
          [33mclass[39m=[32m"text-2xl font-bold text-gray-900 mb-2"[39m
        [36m>[39m
          [0mAPI Key Testing[0m
        [36m</h2>[39m
        [36m<p[39m
          [33mclass[39m=[32m"text-gray-600 mb-6"[39m
        [36m>[39m
          [0mTest your API keys for connectivity and functionality[0m
        [36m</p>[39m
        [36m<div[39m
          [33mclass[39m=[32m"space-y-6"[39m
        [36m>[39m
          [36m<div>[39m
            [36m<label[39m
              [33mclass[39m=[32m"block text-sm font-medium text-gray-700 mb-2"[39m
              [33mfor[39m=[32m"provider"[39m
            [36m>[39m
              [0mSelect Provider[0m
            [36m</label>[39m
            [36m<select[39m
              [33mclass[39m=[32m"w-full px-3 py-2 border border-gray-300 rounded-md focus:outline-none focus:ring-2 focus:ring-blue-500"[39m
              [33mid[39m=[32m"provider"[39m
              [33mtabindex[39m=[32m"0"[39m
            [36m>[39m
              [36m<option[39m
                [33mvalue[39m=[32m"anthropic"[39m
              [36m>[39m
                [0mAnthropic[0m
              [36m</option>[39m
              [36m<option[39m
                [33mvalue[39m=[32m"openai"[39m
              [36m>[39m
                [0mOpenAI[0m
              [36m</option>[39m
              [36m<option[39m
                [33mvalue[39m=[32m"zotero"[39m
              [36m>[39m
                [0mZotero[0m
              [36m</option>[39m
            [36m</select>[39m
          [36m</div>[39m
          [36m<div>[39m
            [36m<label[39m
              [33mclass[39m=[32m"block text-sm font-medium text-gray-700 mb-2"[39m
              [33mfor[39m=[32m"apiKey"[39m
            [36m>[39m
              [0mAPI Key[0m
            [36m</label>[39m
            [36m<input[39m
              [33mclass[39m=[32m"w-full px-3 py-2 border rounded-md focus:outline-none focus:ring-2 focus:ring-blue-500 border-gray-300"[39m
              [33mid[39m=[32m"apiKey"[39m
              [33mplaceholder[39m=[32m"Enter your API key..."[39m
              [33mtabindex[39m=[32m"0"[39m
              [33mtype[39m=[32m"password"[39m
              [33mvalue[39m=[32m"invalid-key"[39m
            [36m/>[39m
            [36m<p[39m
              [33mclass[39m=[32m"mt-1 text-sm text-blue-600"[39m
            [36m>[39m
              [0mEntering [0m
              [0mZotero[0m
              [0m API key...[0m
            [36m</p>[39m
          [36m</div>[39m
          [36m<div>[39m
            [36m<label[39m
              [33mclass[39m=[32m"block text-sm font-medium text-gray-700 mb-2"[39m
              [33mfor[39m=[32m"userId"[39m
            [36m>[39m
              [0mUser ID[0m
            [36m</label>[39m
            [36m<input[39m
              [33mclass[39m=[32m"w-full px-3 py-2 border border-gray-300 rounded-md focus:outline-none focus:ring-2 focus:ring-blue-500"[39m
              [33mid[39m=[32m"userId"[39m
              [33mplaceholder[39m=[32m"Enter your Zotero User ID..."[39m
              [33mtabindex[39m=[32m"0"[39m
              [33mtype[39m=[32m"text"[39m
              [33mvalue[39m=[32m""[39m
            [36m/>[39m
          [36m</div>[39m
          [36m<div>[39m
            [36m<button[39m
              [33mclass[39m=[32m"w-full px-4 py-2 bg-blue-600 text-white rounded-md hover:bg-blue-700 disabled:bg-gray-400 disabled:cursor-not-allowed flex items-center justify-center"[39m
              [33mdisabled[39m=[32m""[39m
              [33mtabindex[39m=[32m"0"[39m
            [36m>[39m
              [0mTest API Key[0m
            [36m</button>[39m
          [36m</div>[39m
        [36m</div>[39m
      [36m</div>[39m
    [36m</div>[39m
  [36m</div>[39m
  [36m<div>[39m
    [36m<div[39m
      [33mclass[39m=[32m"max-w-2xl mx-auto p-6"[39m
    [36m>[39m
      [36m<div[39m
        [33mclass[39m=[32m"bg-white rounded-lg shadow-md p-6"[39m
      [36m>[39m
        [36m<h2[39m
          [33mclass[39m=[32m"text-2xl font-bold text-gray-900 mb-2"[39m
        [36m>[39m
          [0mAPI Key Testing[0m
        [36m</h2>[39m
        [36m<p[39m
          [33mclass[39m=[32m"text-gray-600 mb-6"[39m
        [36m>[39m
          [0mTest your API keys for connectivity and functionality[0m
        [36m</p>[39m
        [36m<div[39m
          [33mclass[39m=[32m"space-y-6"[39m
        [36m>[39m
          [36m<div>[39m
            [36m<label[39m
              [33mclass[39m=[32m"block text-sm font-medium text-gray-700 mb-2"[39m
              [33mfor[39m=[32m"provider"[39m
            [36m>[39m
              [0mSelect Provider[0m
            [36m</label>[39m
            [36m<select[39m
              [33mclass[39m=[32m"w-full px-3 py-2 border border-gray-300 rounded-md focus:outline-none focus:ring-2 focus:ring-blue-500"[39m
              [33mid[39m=[32m"provider"[39m
              [33mtabindex[39m=[32m"0"[39m
            [36m>[39m
              [36m<option[39m
                [33mvalue[39m=[32m"anthropic"[39m
              [36m>[39m
                [0mAnthropic[0m
              [36m</option>[39m
              [36m<option[39m
                [33mvalue[39m=[32m"openai"[39m
              [36m>[39m
                [0mOpenAI[0m
              [36m</option>[39m
              [36m<option[39m
                [33mvalue[39m=[32m"zotero"[39m
              [36m>[39m
                [0mZotero[0m
              [36m</option>[39m
            [36m</select>[39m
          [36m</div>[39m
          [36m<div>[39m
            [36m<label[39m
              [33mclass[39m=[32m"block text-sm font-medium text-gray-700 mb-2"[39m
              [33mfor[39m=[32m"apiKey"[39m
            [36m>[39m
              [0mAPI Key[0m
            [36m</label>[39m
            [36m<input[39m
              [33mclass[39m=[32m"w-full px-3 py-2 border rounded-md focus:outline-none focus:ring-2 focus:ring-blue-500 border-gray-300"[39m
              [33mid[39m=[32m"apiKey"[39m
              [33mplaceholder[39m=[32m"Enter your API key..."[39m
              [33mtabindex[39m=[32m"0"[39m
              [33mtype[39m=[32m"password"[39m
              [33mvalue[39m=[32m""[39m
            [36m/>[39m
          [36m</div>[39m
          [36m<div>[39m
            [36m<button[39m
              [33mclass[39m=[32m"w-full px-4 py-2 bg-blue-600 text-white rounded-md hover:bg-blue-700 disabled:bg-gray-400 disabled:cursor-not-allowed flex items-center justify-center"[39m
              [33mdisabled[39m=[32m""[39m
              [33mtabindex[39m=[32m"0"[39m
            [36m>[39m
              [0mTest API Key[0m
            [36m</button>[39m
          [36m</div>[39m
        [36m</div>[39m
      [36m</div>[39m
    [36m</div>[39m
  [36m</div>[39m
  [36m<div>[39m
    [36m<div[39m
      [33mclass[39m=[32m"max-w-2xl mx-auto p-6"[39m
    [36m>[39m
      [36m<div[39m
        [33mclass[39m=[32m"bg-white rounded-lg shadow-md p-6"[39m
      [36m>[39m
        [36m<h2[39m
          [33mclass[39m=[32m"text-2xl font-bold text-gray-900 mb-2"[39m
        [36m>[39m
          [0mAPI Key Testing[0m
        [36m</h2>[39m
        [36m<p[39m
          [33mclass[39m=[32m"text-gray-600 mb-6"[39m
        [36m>[39m
          [0mTest your API keys for connectivity and functionality[0m
        [36m</p>[39m
        [36m<div[39m
          [33mclass[39m=[32m"space-y-6"[39m
        [36m>[39m
          [36m<div>[39m
            [36m<label[39m
              [33mclass[39m=[32m"block text-sm font-medium text-gray-700 mb-2"[39m
              [33mfor[39m=[32m"provider"[39m
            [36m>[39m
              [0mSelect Provider[0m
            [36m</label>[39m
            [36m<select[39m
              [33mclass[39m=[32m"w-full px-3 py-2 border border-gray-300 rounded-md focus:outline-none focus:ring-2 focus:ring-blue-500"[39m
              [33mid[39m=[32m"provider"[39m
              [33mtabindex[39m=[32m"0"[39m
            [36m>[39m
              [36m<option[39m
                [33mvalue[39m=[32m"anthropic"[39m
              [36m>[39m
                [0mAnthropic[0m
              [36m</option>[39m
              [36m<option[39m
                [33mvalue[39m=[32m"openai"[39m
              [36m>[39m
                [0mOpenAI[0m
              [36m</option>[39m
              [36m<option[39m
                [33mvalue[39m=[32m"zotero"[39m
              [36m>[39m
                [0mZotero[0m
              [36m</option>[39m
            [36m</select>[39m
          [36m</div>[39m
          [36m<div>[39m
            [36m<label[39m
              [33mclass[39m=[32m"block text-sm font-medium text-gray-700 mb-2"[39m
              [33mfor[39m=[32m"apiKey"[39m
            [36m>[39m
              [0mAPI Key[0m
            [36m</label>[39m
            [36m<input[39m
              [33mclass[39m=[32m"w-full px-3 py-2 border rounded-md focus:outline-none focus:ring-2 focus:ring-blue-500 border-gray-300"[39m
              [33mid[39m=[32m"apiKey"[39m
              [33mplaceholder[39m=[32m"Enter your API key..."[39m
              [33mtabindex[39m=[32m"0"[39m
              [33mtype[39m=[32m"password"[39m
              [33mvalue[39m=[32m""[39m
            [36m/>[39m
          [36m</div>[39m
          [36m<div>[39m
            [36m<button[39m
              [33mclass[39m=[32m"w-full px-4 py-2 bg-blue-600 text-white rounded-md hover:bg-blue-700 disabled:bg-gray-400 disabled:cursor-not-allowed flex items-center justify-center"[39m
              [33mdisabled[39m=[32m""[39m
              [33mtabindex[39m=[32m"0"[39m
            [36m>[39m
              [0mTest API Key[0m
            [36m</button>[39m
          [36m</div>[39m
        [36m</div>[39m
      [36m</div>[39m
    [36m</div>[39m
  [36m</div>[39m
  [36m<div>[39m
    [36m<div[39m
      [33mclass[39m=[32m"max-w-2xl mx-auto p-6"[39m
    [36m>[39m
      [36m<div[39m
        [33mclass[39m=[32m"bg-white rounded-lg shadow-md p-6"[39m
      [36m>[39m
        [36m<h2[39m
          [33mclass[39m=[32m"text-2xl font-bold text-gray-900 mb-2"[39m
        [36m>[39m
          [0mAPI Key Testing[0m
        [36m</h2>[39m
        [36m<p[39m
          [33mclass[39m=[32m"text-gray-600 mb-6"[39m
        [36m>[39m
          [0mTest your API keys for connectivity and functionality[0m
        [36m</p>[39m
        [36m<div[39m
          [33mclass[39m=[32m"space-y-6"[39m
        [36m>[39m
          [36m<div>[39m
            [36m<label[39m
              [33mclass[39m=[32m"block text-sm font-medium text-gray-700 mb-2"[39m
              [33mfor[39m=[32m"provider"[39m
            [36m>[39m
              [0mSelect Provider[0m
            [36m</label>[39m
            [36m<select[39m
              [33mclass[39m=[32m"w-full px-3 py-2 border border-gray-300 rounded-md focus:outline-none focus:ring-2 focus:ring-blue-500"[39m
              [33mid[39m=[32m"provider"[39m
              [33mtabindex[39m=[32m"0"[39m
            [36m>[39m
              [36m<option[39m
                [33mvalue[39m=[32m"anthropic"[39m
              [36m>[39m
                [0mAnthropic[0m
              [36m</option>[39m
              [36m<option[39m
                [33mvalue[39m=[32m"openai"[39m
              [36m>[39m
                [0mOpenAI[0m
              [36m</option>[39m
              [36m<option[39m
                [33mvalue[39m=[32m"zotero"[39m
              [36m>[39m
                [0mZotero[0m
              [36m</option>[39m
            [36m</select>[39m
          [36m</div>[39m
          [36m<div>[39m
            [36m<label[39m
              [33mclass[39m=[32m"block text-sm font-medium text-gray-700 mb-2"[39m
              [33mfor[39m=[32m"apiKey"[39m
            [36m>[39m
              [0mAPI Key[0m
            [36m</label>[39m
            [36m<input[39m
              [33mclass[39m=[32m"w-full px-3 py-2 border rounded-md focus:outline-none focus:ring-2 focus:ring-blue-500 border-gray-300"[39m
              [33mid[39m=[32m"apiKey"[39m
              [33mplaceholder[39m=[32m"Enter your API key..."[39m
              [33mtabindex[39m=[32m"0"[39m
              [33mtype[39m=[32m"password"[39m
              [33mvalue[39m=[32m""[39m
            [36m/>[39m
          [36m</div>[39m
          [36m<div>[39m
            [36m<button[39m
              [33mclass[39m=[32m"w-full px-4 py-2 bg-blue-600 text-white rounded-md hover:bg-blue-700 disabled:bg-gray-400 disabled:cursor-not-allowed flex items-center justify-center"[39m
              [33mdisabled[39m=[32m""[39m
              [33mtabindex[39m=[32m"0"[39m
            [36m>[39m
              [0mTest API Key[0m
            [36m</button>[39m
          [36m</div>[39m
        [36m</div>[39m
      [36m</div>[39m
    [36m</div>[39m
  [36m</div>[39m
  [36m<div>[39m
    [36m<div[39m
      [33mclass[39m=[32m"max-w-2xl mx-auto p-6"[39m
    [36m>[39m
      [36m<div[39m
        [33mclass[39m=[32m"bg-white rounded-lg shadow-md p-6"[39m
      [36m>[39m
        [36m<h2[39m
          [33mclass[39m=[32m"text-2xl font-bold text-gray-900 mb-2"[39m
        [36m>[39m
          [0mAPI Key Testing[0m
        [36m</h2>[39m
        [36m<p[39m
          [33mclass[39m=[32m"text-gray-600 mb-6"[39m
        [36m>[39m
          [0mTest your API keys for connectivity and functionality[0m
        [36m</p>[39m
        [36m<div[39m
          [33mclass[39m=[32m"space-y-6"[39m
        [36m>[39m
          [36m<div>[39m
            [36m<label[39m
              [33mclass[39m=[32m"block text-sm font-medium text-gray-700 mb-2"[39m
              [33mfor[39m=[32m"provider"[39m
            [36m>[39m
              [0mSelect Provider[0m
            [36m</label>[39m
            [36m<select[39m
              [33mclass[39m=[32m"w-full px-3 py-2 border border-gray-300 rounded-md focus:outline-none focus:ring-2 focus:ring-blue-500"[39m
              [33mid[39m=[32m"provider"[39m
              [33mtabindex[39m=[32m"0"[39m
            [36m>[39m
              [36m<option[39m
                [33mvalue[39m=[32m"anthropic"[39m
              [36m>[39m
                [0mAnthropic[0m
              [36m</option>[39m
              [36m<option[39m
                [33mvalue[39m=[32m"openai"[39m
              [36m>[39m
                [0mOpenAI[0m
              [36m</option>[39m
              [36m<option[39m
                [33mvalue[39m=[32m"zotero"[39m
              [36m>[39m
                [0mZotero[0m
              [36m</option>[39m
            [36m</select>[39m
          [36m</div>[39m
          [36m<div>[39m
            [36m<label[39m
              [33mclass[39m=[32m"block text-sm font-medium text-gray-700 mb-2"[39m
              [33mfor[39m=[32m"apiKey"[39m
            [36m>[39m
              [0mAPI Key[0m
            [36m</label>[39m
            [36m<input[39m
              [33mclass[39m=[32m"w-full px-3 py-2 border rounded-md focus:outline-none focus:ring-2 focus:ring-blue-500 border-gray-300"[39m
              [33mid[39m=[32m"apiKey"[39m
              [33mplaceholder[39m=[32m"Enter your API key..."[39m
              [33mtabindex[39m=[32m"0"[39m
              [33mtype[39m=[32m"password"[39m
              [33mvalue[39m=[32m""[39m
            [36m/>[39m
          [36m</div>[39m
          [36m<div>[39m
            [36m<button[39m
              [33mclass[39m=[32m"w-full px-4 py-2 bg-blue-600 text-white rounded-md hover:bg-blue-700 disabled:bg-gray-400 disabled:cursor-not-allowed flex items-center justify-center"[39m
              [33mdisabled[39m=[32m""[39m
              [33mtabindex[39m=[32m"0"[39m
            [36m>[39m
              [0mTest API Key[0m
            [36m</button>[39m
          [36m</div>[39m
        [36m</div>[39m
      [36m</div>[39m
    [36m</div>[39m
  [36m</div>[39m
[36m</body>[39m
   ✓ ApiKeyTester Component > Form Validation > should validate API key format for OpenAI 13ms
   × ApiKeyTester Component > Form Validation > should require User ID for Zotero testing 27ms
     → Found multiple elements with the role "button" and name `/test api key/i`

Here are the matching elements:

Ignored nodes: comments, script, style
[36m<button[39m
  [33mclass[39m=[32m"w-full px-4 py-2 bg-blue-600 text-white rounded-md hover:bg-blue-700 disabled:bg-gray-400 disabled:cursor-not-allowed flex items-center justify-center"[39m
  [33mdisabled[39m=[32m""[39m
  [33mtabindex[39m=[32m"0"[39m
[36m>[39m
  [0mTest API Key[0m
[36m</button>[39m

Ignored nodes: comments, script, style
[36m<button[39m
  [33mclass[39m=[32m"w-full px-4 py-2 bg-blue-600 text-white rounded-md hover:bg-blue-700 disabled:bg-gray-400 disabled:cursor-not-allowed flex items-center justify-center"[39m
  [33mdisabled[39m=[32m""[39m
  [33mtabindex[39m=[32m"0"[39m
[36m>[39m
  [0mTest API Key[0m
[36m</button>[39m

Ignored nodes: comments, script, style
[36m<button[39m
  [33mclass[39m=[32m"w-full px-4 py-2 bg-blue-600 text-white rounded-md hover:bg-blue-700 disabled:bg-gray-400 disabled:cursor-not-allowed flex items-center justify-center"[39m
  [33mdisabled[39m=[32m""[39m
  [33mtabindex[39m=[32m"0"[39m
[36m>[39m
  [0mTest API Key[0m
[36m</button>[39m

Ignored nodes: comments, script, style
[36m<button[39m
  [33mclass[39m=[32m"w-full px-4 py-2 bg-blue-600 text-white rounded-md hover:bg-blue-700 disabled:bg-gray-400 disabled:cursor-not-allowed flex items-center justify-center"[39m
  [33mdisabled[39m=[32m""[39m
  [33mtabindex[39m=[32m"0"[39m
[36m>[39m
  [0mTest API Key[0m
[36m</button>[39m

Ignored nodes: comments, script, style
[36m<button[39m
  [33mclass[39m=[32m"w-full px-4 py-2 bg-blue-600 text-white rounded-md hover:bg-blue-700 disabled:bg-gray-400 disabled:cursor-not-allowed flex items-center justify-center"[39m
  [33mdisabled[39m=[32m""[39m
  [33mtabindex[39m=[32m"0"[39m
[36m>[39m
  [0mTest API Key[0m
[36m</button>[39m

Ignored nodes: comments, script, style
[36m<button[39m
  [33mclass[39m=[32m"w-full px-4 py-2 bg-blue-600 text-white rounded-md hover:bg-blue-700 disabled:bg-gray-400 disabled:cursor-not-allowed flex items-center justify-center"[39m
  [33mdisabled[39m=[32m""[39m
  [33mtabindex[39m=[32m"0"[39m
[36m>[39m
  [0mTest API Key[0m
[36m</button>[39m

Ignored nodes: comments, script, style
[36m<button[39m
  [33mclass[39m=[32m"w-full px-4 py-2 bg-blue-600 text-white rounded-md hover:bg-blue-700 disabled:bg-gray-400 disabled:cursor-not-allowed flex items-center justify-center"[39m
  [33mdisabled[39m=[32m""[39m
  [33mtabindex[39m=[32m"0"[39m
[36m>[39m
  [0mTest API Key[0m
[36m</button>[39m

(If this is intentional, then use the `*AllBy*` variant of the query (like `queryAllByText`, `getAllByText`, or `findAllByText`)).

Ignored nodes: comments, script, style
[36m<body>[39m
  [36m<div>[39m
    [36m<div[39m
      [33mclass[39m=[32m"max-w-2xl mx-auto p-6"[39m
    [36m>[39m
      [36m<div[39m
        [33mclass[39m=[32m"bg-white rounded-lg shadow-md p-6"[39m
      [36m>[39m
        [36m<h2[39m
          [33mclass[39m=[32m"text-2xl font-bold text-gray-900 mb-2"[39m
        [36m>[39m
          [0mAPI Key Testing[0m
        [36m</h2>[39m
        [36m<p[39m
          [33mclass[39m=[32m"text-gray-600 mb-6"[39m
        [36m>[39m
          [0mTest your API keys for connectivity and functionality[0m
        [36m</p>[39m
        [36m<div[39m
          [33mclass[39m=[32m"space-y-6"[39m
        [36m>[39m
          [36m<div>[39m
            [36m<label[39m
              [33mclass[39m=[32m"block text-sm font-medium text-gray-700 mb-2"[39m
              [33mfor[39m=[32m"provider"[39m
            [36m>[39m
              [0mSelect Provider[0m
            [36m</label>[39m
            [36m<select[39m
              [33mclass[39m=[32m"w-full px-3 py-2 border border-gray-300 rounded-md focus:outline-none focus:ring-2 focus:ring-blue-500"[39m
              [33mid[39m=[32m"provider"[39m
              [33mtabindex[39m=[32m"0"[39m
            [36m>[39m
              [36m<option[39m
                [33mvalue[39m=[32m"anthropic"[39m
              [36m>[39m
                [0mAnthropic[0m
              [36m</option>[39m
              [36m<option[39m
                [33mvalue[39m=[32m"openai"[39m
              [36m>[39m
                [0mOpenAI[0m
              [36m</option>[39m
              [36m<option[39m
                [33mvalue[39m=[32m"zotero"[39m
              [36m>[39m
                [0mZotero[0m
              [36m</option>[39m
            [36m</select>[39m
          [36m</div>[39m
          [36m<div>[39m
            [36m<label[39m
              [33mclass[39m=[32m"block text-sm font-medium text-gray-700 mb-2"[39m
              [33mfor[39m=[32m"apiKey"[39m
            [36m>[39m
              [0mAPI Key[0m
            [36m</label>[39m
            [36m<input[39m
              [33mclass[39m=[32m"w-full px-3 py-2 border rounded-md focus:outline-none focus:ring-2 focus:ring-blue-500 border-gray-300"[39m
              [33mid[39m=[32m"apiKey"[39m
              [33mplaceholder[39m=[32m"Enter your API key..."[39m
              [33mtabindex[39m=[32m"0"[39m
              [33mtype[39m=[32m"password"[39m
              [33mvalue[39m=[32m"valid-zotero-key"[39m
            [36m/>[39m
            [36m<p[39m
              [33mclass[39m=[32m"mt-1 text-sm text-blue-600"[39m
            [36m>[39m
              [0mEntering [0m
              [0mZotero[0m
              [0m API key...[0m
            [36m</p>[39m
          [36m</div>[39m
          [36m<div>[39m
            [36m<label[39m
              [33mclass[39m=[32m"block text-sm font-medium text-gray-700 mb-2"[39m
              [33mfor[39m=[32m"userId"[39m
            [36m>[39m
              [0mUser ID[0m
            [36m</label>[39m
            [36m<input[39m
              [33mclass[39m=[32m"w-full px-3 py-2 border border-gray-300 rounded-md focus:outline-none focus:ring-2 focus:ring-blue-500"[39m
              [33mid[39m=[32m"userId"[39m
              [33mplaceholder[39m=[32m"Enter your Zotero User ID..."[39m
              [33mtabindex[39m=[32m"0"[39m
              [33mtype[39m=[32m"text"[39m
              [33mvalue[39m=[32m""[39m
            [36m/>[39m
          [36m</div>[39m
          [36m<div>[39m
            [36m<button[39m
              [33mclass[39m=[32m"w-full px-4 py-2 bg-blue-600 text-white rounded-md hover:bg-blue-700 disabled:bg-gray-400 disabled:cursor-not-allowed flex items-center justify-center"[39m
              [33mdisabled[39m=[32m""[39m
              [33mtabindex[39m=[32m"0"[39m
            [36m>[39m
              [0mTest API Key[0m
            [36m</button>[39m
          [36m</div>[39m
        [36m</div>[39m
      [36m</div>[39m
    [36m</div>[39m
  [36m</div>[39m
  [36m<div>[39m
    [36m<div[39m
      [33mclass[39m=[32m"max-w-2xl mx-auto p-6"[39m
    [36m>[39m
      [36m<div[39m
        [33mclass[39m=[32m"bg-white rounded-lg shadow-md p-6"[39m
      [36m>[39m
        [36m<h2[39m
          [33mclass[39m=[32m"text-2xl font-bold text-gray-900 mb-2"[39m
        [36m>[39m
          [0mAPI Key Testing[0m
        [36m</h2>[39m
        [36m<p[39m
          [33mclass[39m=[32m"text-gray-600 mb-6"[39m
        [36m>[39m
          [0mTest your API keys for connectivity and functionality[0m
        [36m</p>[39m
        [36m<div[39m
          [33mclass[39m=[32m"space-y-6"[39m
        [36m>[39m
          [36m<div>[39m
            [36m<label[39m
              [33mclass[39m=[32m"block text-sm font-medium text-gray-700 mb-2"[39m
              [33mfor[39m=[32m"provider"[39m
            [36m>[39m
              [0mSelect Provider[0m
            [36m</label>[39m
            [36m<select[39m
              [33mclass[39m=[32m"w-full px-3 py-2 border border-gray-300 rounded-md focus:outline-none focus:ring-2 focus:ring-blue-500"[39m
              [33mid[39m=[32m"provider"[39m
              [33mtabindex[39m=[32m"0"[39m
            [36m>[39m
              [36m<option[39m
                [33mvalue[39m=[32m"anthropic"[39m
              [36m>[39m
                [0mAnthropic[0m
              [36m</option>[39m
              [36m<option[39m
                [33mvalue[39m=[32m"openai"[39m
              [36m>[39m
                [0mOpenAI[0m
              [36m</option>[39m
              [36m<option[39m
                [33mvalue[39m=[32m"zotero"[39m
              [36m>[39m
                [0mZotero[0m
              [36m</option>[39m
            [36m</select>[39m
          [36m</div>[39m
          [36m<div>[39m
            [36m<label[39m
              [33mclass[39m=[32m"block text-sm font-medium text-gray-700 mb-2"[39m
              [33mfor[39m=[32m"apiKey"[39m
            [36m>[39m
              [0mAPI Key[0m
            [36m</label>[39m
            [36m<input[39m
              [33mclass[39m=[32m"w-full px-3 py-2 border rounded-md focus:outline-none focus:ring-2 focus:ring-blue-500 border-gray-300"[39m
              [33mid[39m=[32m"apiKey"[39m
              [33mplaceholder[39m=[32m"Enter your API key..."[39m
              [33mtabindex[39m=[32m"0"[39m
              [33mtype[39m=[32m"password"[39m
              [33mvalue[39m=[32m""[39m
            [36m/>[39m
          [36m</div>[39m
          [36m<div>[39m
            [36m<button[39m
              [33mclass[39m=[32m"w-full px-4 py-2 bg-blue-600 text-white rounded-md hover:bg-blue-700 disabled:bg-gray-400 disabled:cursor-not-allowed flex items-c...
   × ApiKeyTester Component > Form Validation > should enable test button when valid inputs provided 17ms
     → Found multiple elements with the role "button" and name `/test api key/i`

Here are the matching elements:

Ignored nodes: comments, script, style
[36m<button[39m
  [33mclass[39m=[32m"w-full px-4 py-2 bg-blue-600 text-white rounded-md hover:bg-blue-700 disabled:bg-gray-400 disabled:cursor-not-allowed flex items-center justify-center"[39m
  [33mdisabled[39m=[32m""[39m
  [33mtabindex[39m=[32m"0"[39m
[36m>[39m
  [0mTest API Key[0m
[36m</button>[39m

Ignored nodes: comments, script, style
[36m<button[39m
  [33mclass[39m=[32m"w-full px-4 py-2 bg-blue-600 text-white rounded-md hover:bg-blue-700 disabled:bg-gray-400 disabled:cursor-not-allowed flex items-center justify-center"[39m
  [33mdisabled[39m=[32m""[39m
  [33mtabindex[39m=[32m"0"[39m
[36m>[39m
  [0mTest API Key[0m
[36m</button>[39m

Ignored nodes: comments, script, style
[36m<button[39m
  [33mclass[39m=[32m"w-full px-4 py-2 bg-blue-600 text-white rounded-md hover:bg-blue-700 disabled:bg-gray-400 disabled:cursor-not-allowed flex items-center justify-center"[39m
  [33mdisabled[39m=[32m""[39m
  [33mtabindex[39m=[32m"0"[39m
[36m>[39m
  [0mTest API Key[0m
[36m</button>[39m

Ignored nodes: comments, script, style
[36m<button[39m
  [33mclass[39m=[32m"w-full px-4 py-2 bg-blue-600 text-white rounded-md hover:bg-blue-700 disabled:bg-gray-400 disabled:cursor-not-allowed flex items-center justify-center"[39m
  [33mdisabled[39m=[32m""[39m
  [33mtabindex[39m=[32m"0"[39m
[36m>[39m
  [0mTest API Key[0m
[36m</button>[39m

Ignored nodes: comments, script, style
[36m<button[39m
  [33mclass[39m=[32m"w-full px-4 py-2 bg-blue-600 text-white rounded-md hover:bg-blue-700 disabled:bg-gray-400 disabled:cursor-not-allowed flex items-center justify-center"[39m
  [33mdisabled[39m=[32m""[39m
  [33mtabindex[39m=[32m"0"[39m
[36m>[39m
  [0mTest API Key[0m
[36m</button>[39m

Ignored nodes: comments, script, style
[36m<button[39m
  [33mclass[39m=[32m"w-full px-4 py-2 bg-blue-600 text-white rounded-md hover:bg-blue-700 disabled:bg-gray-400 disabled:cursor-not-allowed flex items-center justify-center"[39m
  [33mdisabled[39m=[32m""[39m
  [33mtabindex[39m=[32m"0"[39m
[36m>[39m
  [0mTest API Key[0m
[36m</button>[39m

Ignored nodes: comments, script, style
[36m<button[39m
  [33mclass[39m=[32m"w-full px-4 py-2 bg-blue-600 text-white rounded-md hover:bg-blue-700 disabled:bg-gray-400 disabled:cursor-not-allowed flex items-center justify-center"[39m
  [33mdisabled[39m=[32m""[39m
  [33mtabindex[39m=[32m"0"[39m
[36m>[39m
  [0mTest API Key[0m
[36m</button>[39m

Ignored nodes: comments, script, style
[36m<button[39m
  [33mclass[39m=[32m"w-full px-4 py-2 bg-blue-600 text-white rounded-md hover:bg-blue-700 disabled:bg-gray-400 disabled:cursor-not-allowed flex items-center justify-center"[39m
  [33mdisabled[39m=[32m""[39m
  [33mtabindex[39m=[32m"0"[39m
[36m>[39m
  [0mTest API Key[0m
[36m</button>[39m

(If this is intentional, then use the `*AllBy*` variant of the query (like `queryAllByText`, `getAllByText`, or `findAllByText`)).

Ignored nodes: comments, script, style
[36m<body>[39m
  [36m<div>[39m
    [36m<div[39m
      [33mclass[39m=[32m"max-w-2xl mx-auto p-6"[39m
    [36m>[39m
      [36m<div[39m
        [33mclass[39m=[32m"bg-white rounded-lg shadow-md p-6"[39m
      [36m>[39m
        [36m<h2[39m
          [33mclass[39m=[32m"text-2xl font-bold text-gray-900 mb-2"[39m
        [36m>[39m
          [0mAPI Key Testing[0m
        [36m</h2>[39m
        [36m<p[39m
          [33mclass[39m=[32m"text-gray-600 mb-6"[39m
        [36m>[39m
          [0mTest your API keys for connectivity and functionality[0m
        [36m</p>[39m
        [36m<div[39m
          [33mclass[39m=[32m"space-y-6"[39m
        [36m>[39m
          [36m<div>[39m
            [36m<label[39m
              [33mclass[39m=[32m"block text-sm font-medium text-gray-700 mb-2"[39m
              [33mfor[39m=[32m"provider"[39m
            [36m>[39m
              [0mSelect Provider[0m
            [36m</label>[39m
            [36m<select[39m
              [33mclass[39m=[32m"w-full px-3 py-2 border border-gray-300 rounded-md focus:outline-none focus:ring-2 focus:ring-blue-500"[39m
              [33mid[39m=[32m"provider"[39m
              [33mtabindex[39m=[32m"0"[39m
            [36m>[39m
              [36m<option[39m
                [33mvalue[39m=[32m"anthropic"[39m
              [36m>[39m
                [0mAnthropic[0m
              [36m</option>[39m
              [36m<option[39m
                [33mvalue[39m=[32m"openai"[39m
              [36m>[39m
                [0mOpenAI[0m
              [36m</option>[39m
              [36m<option[39m
                [33mvalue[39m=[32m"zotero"[39m
              [36m>[39m
                [0mZotero[0m
              [36m</option>[39m
            [36m</select>[39m
          [36m</div>[39m
          [36m<div>[39m
            [36m<label[39m
              [33mclass[39m=[32m"block text-sm font-medium text-gray-700 mb-2"[39m
              [33mfor[39m=[32m"apiKey"[39m
            [36m>[39m
              [0mAPI Key[0m
            [36m</label>[39m
            [36m<input[39m
              [33mclass[39m=[32m"w-full px-3 py-2 border rounded-md focus:outline-none focus:ring-2 focus:ring-blue-500 border-gray-300"[39m
              [33mid[39m=[32m"apiKey"[39m
              [33mplaceholder[39m=[32m"Enter your API key..."[39m
              [33mtabindex[39m=[32m"0"[39m
              [33mtype[39m=[32m"password"[39m
              [33mvalue[39m=[32m"sk-ant-valid-key-123"[39m
            [36m/>[39m
            [36m<p[39m
              [33mclass[39m=[32m"mt-1 text-sm text-blue-600"[39m
            [36m>[39m
              [0mEntering [0m
              [0mZotero[0m
              [0m API key...[0m
            [36m</p>[39m
          [36m</div>[39m
          [36m<div>[39m
            [36m<label[39m
              [33mclass[39m=[32m"block text-sm font-medium text-gray-700 mb-2"[39m
              [33mfor[39m=[32m"userId"[39m
            [36m>[39m
              [0mUser ID[0m
            [36m</label>[39m
            [36m<input[39m
              [33mclass[39m=[32m"w-full px-3 py-2 border border-gray-300 rounded-md focus:outline-none focus:ring-2 focus:ring-blue-500"[39m
              [33mid[39m=[32m"userId"[39m
              [33mplaceholder[39m=[32m"Enter your Zotero User ID..."[39m
              [33mtabindex[39m=[32m"0"[39m
              [33mtype[39m=[32m"text"[39m
              [33mvalue[39m=[32m""[39m
            [36m/>[39m
          [36m</div>[39m
          [36m<div>[39m
            [36m<button[39m
              [33mclass[39m=[32m"w-full px-4 py-2 bg-blue-600 text-white rounded-md hover:bg-blue-700 disabled:bg-gray-400 disabled:cursor-not-allowed flex items-center justify-center"[39m
              [33mdisabled[39m=[32m""[39m
              [33mtabindex[39m=[32m"0"[39m
            [36m>[39m
              [0mTest API Key[0m
            [36m</button>[39m
          [36m</div>[39m
        [36m</div>[39m
      [36m</div>[39m
    [36m</div>[39m
  [36m</div>[39m
  [36m<div>[39m
    [36m<div[39m
      [33mclass[39m=[32m"max-w-2xl mx-auto p-6"[39m
    [36m>[39m
      [36m<div[39m
        [33mclass[39m=[32m"bg-white rounded-lg shadow-md p-6"[39m
      [36m>[39m
        [36m<h2[39m
          [33mclass[39m=[32m"text-2xl font-bold text-gray-900 mb-2"[39m
        [36m>[39m
          [0mAPI Key Testing[0m
        [36m</h2>[39m
        [36m<p[39m
          [33mclass[39m=[32m"text-gray-600 mb-6"[39m
        [36m>[39m
          [0mTest your API keys for connectivity and functionality[0m
        [36m</p>[39m
        [36m<div[39m
          [33mclass[39m=[32m"space-y-6"[39m
        [36m>[39m
          [36m<div>[39m
            [36m<label[39m
              [33mclass[39m=[32m"block text-sm font-medium text-gray-700 mb-2"[39m
              [33mfor[39m=[32m"provider"[39m
            [36m>[39m
              [0mSelect Provider[0m
            [36m</label>[39m
            [36m<select[39m
              [33mclass[39m=[32m"w-full px-3 py-2 border border-gray-300 rounded-md focus:outline-none focus:ring-2 focus:ring-blue-500"[39m
              [33mid[39m=[32m"provider"[39m
              [33mtabindex[39m=[32m"0"[39m
            [36m>[39m
              [36m<option[39m
                [33mvalue[39m=[32m"anthropic"[39m
              [36m>[39m
                [0mAnthropic[0m
              [36m</option>[39m
              [36m<option[39m
                [33mvalue[39m=[32m"openai"[39m
              [36m>[39m
                [0mOpenAI[0m
              [36m</option>[39m
              [36m<option[39m
                [33mvalue[39m=[32m"zotero"[39m
              [36m>[39m
                [0mZotero[0m
              [36m</option>[39m
            [36m</select>[39m
          [36m</div>[39m
          [36m<div>[39m
            [36m<label[39m
              [33mclass[39m=[32m"block text-sm font-medium text-gray-700 mb-2"[39m
              [33mfor[39m=[32m"apiKey"[39m
            [36m>[39m
              [0mAPI Key[0m
            [36m</label>[39m
            [36m<input[39m
              [33mclass[39m=[32m"w-full px-3 py-2 border rounded-md focus:outline-none focus:ring-2 focus:ring-blue-500 border-gray-300"[39m
              [33mid[39m=[32m"apiKey"[39m
              [33mplaceholder[39m=[32m"Enter your API key..."[39m
              [33mtabindex[39m=[32m"0"[39m
              [33mtype[39m=[32m"password"[39m
              [33mvalue[39m=[32m""[39m
            [36m/>[39m
          [36m</div>[39m
          [36m<div>[39m
            [36m<button[39m
              [33mclass[39m=[32m"w-full px-4 py-2 bg-blue-600 text-white rounded-md hover:bg-blue-700 disabled:bg-gray-400 disabled:cursor-not-allowed flex ite...
   × ApiKeyTester Component > API Key Testing > should test Anthropic API key successfully 18ms
     → Found multiple elements with the role "button" and name `/test api key/i`

Here are the matching elements:

Ignored nodes: comments, script, style
[36m<button[39m
  [33mclass[39m=[32m"w-full px-4 py-2 bg-blue-600 text-white rounded-md hover:bg-blue-700 disabled:bg-gray-400 disabled:cursor-not-allowed flex items-center justify-center"[39m
  [33mdisabled[39m=[32m""[39m
  [33mtabindex[39m=[32m"0"[39m
[36m>[39m
  [0mTest API Key[0m
[36m</button>[39m

Ignored nodes: comments, script, style
[36m<button[39m
  [33mclass[39m=[32m"w-full px-4 py-2 bg-blue-600 text-white rounded-md hover:bg-blue-700 disabled:bg-gray-400 disabled:cursor-not-allowed flex items-center justify-center"[39m
  [33mdisabled[39m=[32m""[39m
  [33mtabindex[39m=[32m"0"[39m
[36m>[39m
  [0mTest API Key[0m
[36m</button>[39m

Ignored nodes: comments, script, style
[36m<button[39m
  [33mclass[39m=[32m"w-full px-4 py-2 bg-blue-600 text-white rounded-md hover:bg-blue-700 disabled:bg-gray-400 disabled:cursor-not-allowed flex items-center justify-center"[39m
  [33mdisabled[39m=[32m""[39m
  [33mtabindex[39m=[32m"0"[39m
[36m>[39m
  [0mTest API Key[0m
[36m</button>[39m

Ignored nodes: comments, script, style
[36m<button[39m
  [33mclass[39m=[32m"w-full px-4 py-2 bg-blue-600 text-white rounded-md hover:bg-blue-700 disabled:bg-gray-400 disabled:cursor-not-allowed flex items-center justify-center"[39m
  [33mdisabled[39m=[32m""[39m
  [33mtabindex[39m=[32m"0"[39m
[36m>[39m
  [0mTest API Key[0m
[36m</button>[39m

Ignored nodes: comments, script, style
[36m<button[39m
  [33mclass[39m=[32m"w-full px-4 py-2 bg-blue-600 text-white rounded-md hover:bg-blue-700 disabled:bg-gray-400 disabled:cursor-not-allowed flex items-center justify-center"[39m
  [33mdisabled[39m=[32m""[39m
  [33mtabindex[39m=[32m"0"[39m
[36m>[39m
  [0mTest API Key[0m
[36m</button>[39m

Ignored nodes: comments, script, style
[36m<button[39m
  [33mclass[39m=[32m"w-full px-4 py-2 bg-blue-600 text-white rounded-md hover:bg-blue-700 disabled:bg-gray-400 disabled:cursor-not-allowed flex items-center justify-center"[39m
  [33mdisabled[39m=[32m""[39m
  [33mtabindex[39m=[32m"0"[39m
[36m>[39m
  [0mTest API Key[0m
[36m</button>[39m

Ignored nodes: comments, script, style
[36m<button[39m
  [33mclass[39m=[32m"w-full px-4 py-2 bg-blue-600 text-white rounded-md hover:bg-blue-700 disabled:bg-gray-400 disabled:cursor-not-allowed flex items-center justify-center"[39m
  [33mdisabled[39m=[32m""[39m
  [33mtabindex[39m=[32m"0"[39m
[36m>[39m
  [0mTest API Key[0m
[36m</button>[39m

Ignored nodes: comments, script, style
[36m<button[39m
  [33mclass[39m=[32m"w-full px-4 py-2 bg-blue-600 text-white rounded-md hover:bg-blue-700 disabled:bg-gray-400 disabled:cursor-not-allowed flex items-center justify-center"[39m
  [33mdisabled[39m=[32m""[39m
  [33mtabindex[39m=[32m"0"[39m
[36m>[39m
  [0mTest API Key[0m
[36m</button>[39m

Ignored nodes: comments, script, style
[36m<button[39m
  [33mclass[39m=[32m"w-full px-4 py-2 bg-blue-600 text-white rounded-md hover:bg-blue-700 disabled:bg-gray-400 disabled:cursor-not-allowed flex items-center justify-center"[39m
  [33mdisabled[39m=[32m""[39m
  [33mtabindex[39m=[32m"0"[39m
[36m>[39m
  [0mTest API Key[0m
[36m</button>[39m

(If this is intentional, then use the `*AllBy*` variant of the query (like `queryAllByText`, `getAllByText`, or `findAllByText`)).

Ignored nodes: comments, script, style
[36m<body>[39m
  [36m<div>[39m
    [36m<div[39m
      [33mclass[39m=[32m"max-w-2xl mx-auto p-6"[39m
    [36m>[39m
      [36m<div[39m
        [33mclass[39m=[32m"bg-white rounded-lg shadow-md p-6"[39m
      [36m>[39m
        [36m<h2[39m
          [33mclass[39m=[32m"text-2xl font-bold text-gray-900 mb-2"[39m
        [36m>[39m
          [0mAPI Key Testing[0m
        [36m</h2>[39m
        [36m<p[39m
          [33mclass[39m=[32m"text-gray-600 mb-6"[39m
        [36m>[39m
          [0mTest your API keys for connectivity and functionality[0m
        [36m</p>[39m
        [36m<div[39m
          [33mclass[39m=[32m"space-y-6"[39m
        [36m>[39m
          [36m<div>[39m
            [36m<label[39m
              [33mclass[39m=[32m"block text-sm font-medium text-gray-700 mb-2"[39m
              [33mfor[39m=[32m"provider"[39m
            [36m>[39m
              [0mSelect Provider[0m
            [36m</label>[39m
            [36m<select[39m
              [33mclass[39m=[32m"w-full px-3 py-2 border border-gray-300 rounded-md focus:outline-none focus:ring-2 focus:ring-blue-500"[39m
              [33mid[39m=[32m"provider"[39m
              [33mtabindex[39m=[32m"0"[39m
            [36m>[39m
              [36m<option[39m
                [33mvalue[39m=[32m"anthropic"[39m
              [36m>[39m
                [0mAnthropic[0m
              [36m</option>[39m
              [36m<option[39m
                [33mvalue[39m=[32m"openai"[39m
              [36m>[39m
                [0mOpenAI[0m
              [36m</option>[39m
              [36m<option[39m
                [33mvalue[39m=[32m"zotero"[39m
              [36m>[39m
                [0mZotero[0m
              [36m</option>[39m
            [36m</select>[39m
          [36m</div>[39m
          [36m<div>[39m
            [36m<label[39m
              [33mclass[39m=[32m"block text-sm font-medium text-gray-700 mb-2"[39m
              [33mfor[39m=[32m"apiKey"[39m
            [36m>[39m
              [0mAPI Key[0m
            [36m</label>[39m
            [36m<input[39m
              [33mclass[39m=[32m"w-full px-3 py-2 border rounded-md focus:outline-none focus:ring-2 focus:ring-blue-500 border-gray-300"[39m
              [33mid[39m=[32m"apiKey"[39m
              [33mplaceholder[39m=[32m"Enter your API key..."[39m
              [33mtabindex[39m=[32m"0"[39m
              [33mtype[39m=[32m"password"[39m
              [33mvalue[39m=[32m"sk-ant-valid-key-123"[39m
            [36m/>[39m
            [36m<p[39m
              [33mclass[39m=[32m"mt-1 text-sm text-blue-600"[39m
            [36m>[39m
              [0mEntering [0m
              [0mZotero[0m
              [0m API key...[0m
            [36m</p>[39m
          [36m</div>[39m
          [36m<div>[39m
            [36m<label[39m
              [33mclass[39m=[32m"block text-sm font-medium text-gray-700 mb-2"[39m
              [33mfor[39m=[32m"userId"[39m
            [36m>[39m
              [0mUser ID[0m
            [36m</label>[39m
            [36m<input[39m
              [33mclass[39m=[32m"w-full px-3 py-2 border border-gray-300 rounded-md focus:outline-none focus:ring-2 focus:ring-blue-500"[39m
              [33mid[39m=[32m"userId"[39m
              [33mplaceholder[39m=[32m"Enter your Zotero User ID..."[39m
              [33mtabindex[39m=[32m"0"[39m
              [33mtype[39m=[32m"text"[39m
              [33mvalue[39m=[32m""[39m
            [36m/>[39m
          [36m</div>[39m
          [36m<div>[39m
            [36m<button[39m
              [33mclass[39m=[32m"w-full px-4 py-2 bg-blue-600 text-white rounded-md hover:bg-blue-700 disabled:bg-gray-400 disabled:cursor-not-allowed flex items-center justify-center"[39m
              [33mdisabled[39m=[32m""[39m
              [33mtabindex[39m=[32m"0"[39m
            [36m>[39m
              [0mTest API Key[0m
            [36m</button>[39m
          [36m</div>[39m
        [36m</div>[39m
      [36m</div>[39m
    [36m</div>[39m
  [36m</div>[39m
  [36m<div>[39m
    [36m<div[39m
      [33mclass[39m=[32m"max-w-2xl mx-auto p-6"[39m
    [36m>[39m
      [36m<div[39m
        [33mclass[39m=[32m"bg-white rounded-lg shadow-md p-6"[39m
      [36m>[39m
        [36m<h2[39m
          [33mclass[39m=[32m"text-2xl font-bold text-gray-900 mb-2"[39m
        [36m>[39m
          [0mAPI Key Testing[0m
        [36m</h2>[39m
        [36m<p[39m
          [33mclass[39m=[32m"text-gray-600 mb-6"[39m
        [36m>[39m
          [0mTest your API keys for connectivity and functionality[0m
        [36m</p>[39m
        [36m<div[39m
          [33mclass[39m=[32m"space-y-6"[39m
        [36m>[39m
          [36m<div>[39m
            [36m<label[39m
              [33mclass[39m=[32m"block text-sm font-medium text-gray-700 mb-2"[39m
              [33mfor[39m=[32m"provider"[39m
            [36m>[39m
              [0mSelect Provider[0m
            [36m</label>[39m
            [36m<select[39m
              [33mclass[39m=[32m"w-full px-3 py-2 border border-gray-300 rounded-md focus:outline-none focus:ring-2 focus:ring-blue-500"[39m
              [33mid[39m=[32m"provider"[39m
              [33mtabindex[39m=[32m"0"[39m
            [36m>[39m
              [36m<option[39m
                [33mvalue[39m=[32m"anthropic"[39m
              [36m>[39m
                [0mAnthropic[0m
              [36m</option>[39m
              [36m<option[39m
                [33mvalue[39m=[32m"openai"[39m
              [36m>[39m
                [0mOpenAI[0m
              [36m</option>[39m
              [36m<option[39m
                [33mvalue[39m=[32m"zotero"[39m
              [36m>[39m
                [0mZotero[0m
              [36m</option>[39m
            [36m</select>[39m
          [36m</div>[39m
          [36m<div>[39m
            [36m<label[39m
              [33mclass[39m=[32m"block text-sm font-medium text-gray-700 mb-2"[39m
              [33mfor[39m=[32m"apiKey"[39m
            [36m>[39m
              [0mAPI Key[0m
            [36m</label>[39m
            [36m<input[39m
              [33mclass[39m=[32m"w-full px-3 py-2 border rounded-md focus:outline-none focus:ring-2 focus:ring-blue-500 border-gray-300"[39m
              [33mid[39m=[32m"apiKey"[39m
              [33mplaceholder[39m=[32m"Enter your API key..."[39m
              [33mtabindex[39m=[32m"0"[39m
              [33mtype[39m=[32m"password"[39m
              [33mvalue[39m=[32m""[39m
            [36m/>[39m
          [36m</div>[39m
          [36m<div>[39m
            [36m<button[39m
              [33mclass[39m=[32m"w-full px-4 py-2 bg-blue-600 text-white rounded-md hover:bg-blue-700 disabled:bg-gray-400 disabled:cursor-not-allowed flex ite...
   × ApiKeyTester Component > API Key Testing > should handle invalid API key gracefully 21ms
     → Found multiple elements with the role "button" and name `/test api key/i`

Here are the matching elements:

Ignored nodes: comments, script, style
[36m<button[39m
  [33mclass[39m=[32m"w-full px-4 py-2 bg-blue-600 text-white rounded-md hover:bg-blue-700 disabled:bg-gray-400 disabled:cursor-not-allowed flex items-center justify-center"[39m
  [33mdisabled[39m=[32m""[39m
  [33mtabindex[39m=[32m"0"[39m
[36m>[39m
  [0mTest API Key[0m
[36m</button>[39m

Ignored nodes: comments, script, style
[36m<button[39m
  [33mclass[39m=[32m"w-full px-4 py-2 bg-blue-600 text-white rounded-md hover:bg-blue-700 disabled:bg-gray-400 disabled:cursor-not-allowed flex items-center justify-center"[39m
  [33mdisabled[39m=[32m""[39m
  [33mtabindex[39m=[32m"0"[39m
[36m>[39m
  [0mTest API Key[0m
[36m</button>[39m

Ignored nodes: comments, script, style
[36m<button[39m
  [33mclass[39m=[32m"w-full px-4 py-2 bg-blue-600 text-white rounded-md hover:bg-blue-700 disabled:bg-gray-400 disabled:cursor-not-allowed flex items-center justify-center"[39m
  [33mdisabled[39m=[32m""[39m
  [33mtabindex[39m=[32m"0"[39m
[36m>[39m
  [0mTest API Key[0m
[36m</button>[39m

Ignored nodes: comments, script, style
[36m<button[39m
  [33mclass[39m=[32m"w-full px-4 py-2 bg-blue-600 text-white rounded-md hover:bg-blue-700 disabled:bg-gray-400 disabled:cursor-not-allowed flex items-center justify-center"[39m
  [33mdisabled[39m=[32m""[39m
  [33mtabindex[39m=[32m"0"[39m
[36m>[39m
  [0mTest API Key[0m
[36m</button>[39m

Ignored nodes: comments, script, style
[36m<button[39m
  [33mclass[39m=[32m"w-full px-4 py-2 bg-blue-600 text-white rounded-md hover:bg-blue-700 disabled:bg-gray-400 disabled:cursor-not-allowed flex items-center justify-center"[39m
  [33mdisabled[39m=[32m""[39m
  [33mtabindex[39m=[32m"0"[39m
[36m>[39m
  [0mTest API Key[0m
[36m</button>[39m

Ignored nodes: comments, script, style
[36m<button[39m
  [33mclass[39m=[32m"w-full px-4 py-2 bg-blue-600 text-white rounded-md hover:bg-blue-700 disabled:bg-gray-400 disabled:cursor-not-allowed flex items-center justify-center"[39m
  [33mdisabled[39m=[32m""[39m
  [33mtabindex[39m=[32m"0"[39m
[36m>[39m
  [0mTest API Key[0m
[36m</button>[39m

Ignored nodes: comments, script, style
[36m<button[39m
  [33mclass[39m=[32m"w-full px-4 py-2 bg-blue-600 text-white rounded-md hover:bg-blue-700 disabled:bg-gray-400 disabled:cursor-not-allowed flex items-center justify-center"[39m
  [33mdisabled[39m=[32m""[39m
  [33mtabindex[39m=[32m"0"[39m
[36m>[39m
  [0mTest API Key[0m
[36m</button>[39m

Ignored nodes: comments, script, style
[36m<button[39m
  [33mclass[39m=[32m"w-full px-4 py-2 bg-blue-600 text-white rounded-md hover:bg-blue-700 disabled:bg-gray-400 disabled:cursor-not-allowed flex items-center justify-center"[39m
  [33mdisabled[39m=[32m""[39m
  [33mtabindex[39m=[32m"0"[39m
[36m>[39m
  [0mTest API Key[0m
[36m</button>[39m

Ignored nodes: comments, script, style
[36m<button[39m
  [33mclass[39m=[32m"w-full px-4 py-2 bg-blue-600 text-white rounded-md hover:bg-blue-700 disabled:bg-gray-400 disabled:cursor-not-allowed flex items-center justify-center"[39m
  [33mdisabled[39m=[32m""[39m
  [33mtabindex[39m=[32m"0"[39m
[36m>[39m
  [0mTest API Key[0m
[36m</button>[39m

Ignored nodes: comments, script, style
[36m<button[39m
  [33mclass[39m=[32m"w-full px-4 py-2 bg-blue-600 text-white rounded-md hover:bg-blue-700 disabled:bg-gray-400 disabled:cursor-not-allowed flex items-center justify-center"[39m
  [33mdisabled[39m=[32m""[39m
  [33mtabindex[39m=[32m"0"[39m
[36m>[39m
  [0mTest API Key[0m
[36m</button>[39m

(If this is intentional, then use the `*AllBy*` variant of the query (like `queryAllByText`, `getAllByText`, or `findAllByText`)).

Ignored nodes: comments, script, style
[36m<body>[39m
  [36m<div>[39m
    [36m<div[39m
      [33mclass[39m=[32m"max-w-2xl mx-auto p-6"[39m
    [36m>[39m
      [36m<div[39m
        [33mclass[39m=[32m"bg-white rounded-lg shadow-md p-6"[39m
      [36m>[39m
        [36m<h2[39m
          [33mclass[39m=[32m"text-2xl font-bold text-gray-900 mb-2"[39m
        [36m>[39m
          [0mAPI Key Testing[0m
        [36m</h2>[39m
        [36m<p[39m
          [33mclass[39m=[32m"text-gray-600 mb-6"[39m
        [36m>[39m
          [0mTest your API keys for connectivity and functionality[0m
        [36m</p>[39m
        [36m<div[39m
          [33mclass[39m=[32m"space-y-6"[39m
        [36m>[39m
          [36m<div>[39m
            [36m<label[39m
              [33mclass[39m=[32m"block text-sm font-medium text-gray-700 mb-2"[39m
              [33mfor[39m=[32m"provider"[39m
            [36m>[39m
              [0mSelect Provider[0m
            [36m</label>[39m
            [36m<select[39m
              [33mclass[39m=[32m"w-full px-3 py-2 border border-gray-300 rounded-md focus:outline-none focus:ring-2 focus:ring-blue-500"[39m
              [33mid[39m=[32m"provider"[39m
              [33mtabindex[39m=[32m"0"[39m
            [36m>[39m
              [36m<option[39m
                [33mvalue[39m=[32m"anthropic"[39m
              [36m>[39m
                [0mAnthropic[0m
              [36m</option>[39m
              [36m<option[39m
                [33mvalue[39m=[32m"openai"[39m
              [36m>[39m
                [0mOpenAI[0m
              [36m</option>[39m
              [36m<option[39m
                [33mvalue[39m=[32m"zotero"[39m
              [36m>[39m
                [0mZotero[0m
              [36m</option>[39m
            [36m</select>[39m
          [36m</div>[39m
          [36m<div>[39m
            [36m<label[39m
              [33mclass[39m=[32m"block text-sm font-medium text-gray-700 mb-2"[39m
              [33mfor[39m=[32m"apiKey"[39m
            [36m>[39m
              [0mAPI Key[0m
            [36m</label>[39m
            [36m<input[39m
              [33mclass[39m=[32m"w-full px-3 py-2 border rounded-md focus:outline-none focus:ring-2 focus:ring-blue-500 border-gray-300"[39m
              [33mid[39m=[32m"apiKey"[39m
              [33mplaceholder[39m=[32m"Enter your API key..."[39m
              [33mtabindex[39m=[32m"0"[39m
              [33mtype[39m=[32m"password"[39m
              [33mvalue[39m=[32m"sk-ant-invalid-key"[39m
            [36m/>[39m
            [36m<p[39m
              [33mclass[39m=[32m"mt-1 text-sm text-blue-600"[39m
            [36m>[39m
              [0mEntering [0m
              [0mZotero[0m
              [0m API key...[0m
            [36m</p>[39m
          [36m</div>[39m
          [36m<div>[39m
            [36m<label[39m
              [33mclass[39m=[32m"block text-sm font-medium text-gray-700 mb-2"[39m
              [33mfor[39m=[32m"userId"[39m
            [36m>[39m
              [0mUser ID[0m
            [36m</label>[39m
            [36m<input[39m
              [33mclass[39m=[32m"w-full px-3 py-2 border border-gray-300 rounded-md focus:outline-none focus:ring-2 focus:ring-blue-500"[39m
              [33mid[39m=[32m"userId"[39m
              [33mplaceholder[39m=[32m"Enter your Zotero User ID..."[39m
              [33mtabindex[39m=[32m"0"[39m
              [33mtype[39m=[32m"text"[39m
              [33mvalue[39m=[32m""[39m
            [36m/>[39m
          [36m</div>[39m
          [36m<div>[39m
            [36m<button[39m
              [33mclass[39m=[32m"w-full px-4 py-2 bg-blue-600 text-white rounded-md hover:bg-blue-700 disabled:bg-gray-400 disabled:cursor-not-allowed flex items-center justify-center"[39m
              [33mdisabled[39m=[32m""[39m
              [33mtabindex[39m=[32m"0"[39m
            [36m>[39m
              [0mTest API Key[0m
            [36m</button>[39m
          [36m</div>[39m
        [36m</div>[39m
      [36m</div>[39m
    [36m</div>[39m
  [36m</div>[39m
  [36m<div>[39m
    [36m<div[39m
      [33mclass[39m=[32m"max-w-2xl mx-auto p-6"[39m
    [36m>[39m
      [36m<div[39m
        [33mclass[39m=[32m"bg-white rounded-lg shadow-md p-6"[39m
      [36m>[39m
        [36m<h2[39m
          [33mclass[39m=[32m"text-2xl font-bold text-gray-900 mb-2"[39m
        [36m>[39m
          [0mAPI Key Testing[0m
        [36m</h2>[39m
        [36m<p[39m
          [33mclass[39m=[32m"text-gray-600 mb-6"[39m
        [36m>[39m
          [0mTest your API keys for connectivity and functionality[0m
        [36m</p>[39m
        [36m<div[39m
          [33mclass[39m=[32m"space-y-6"[39m
        [36m>[39m
          [36m<div>[39m
            [36m<label[39m
              [33mclass[39m=[32m"block text-sm font-medium text-gray-700 mb-2"[39m
              [33mfor[39m=[32m"provider"[39m
            [36m>[39m
              [0mSelect Provider[0m
            [36m</label>[39m
            [36m<select[39m
              [33mclass[39m=[32m"w-full px-3 py-2 border border-gray-300 rounded-md focus:outline-none focus:ring-2 focus:ring-blue-500"[39m
              [33mid[39m=[32m"provider"[39m
              [33mtabindex[39m=[32m"0"[39m
            [36m>[39m
              [36m<option[39m
                [33mvalue[39m=[32m"anthropic"[39m
              [36m>[39m
                [0mAnthropic[0m
              [36m</option>[39m
              [36m<option[39m
                [33mvalue[39m=[32m"openai"[39m
              [36m>[39m
                [0mOpenAI[0m
              [36m</option>[39m
              [36m<option[39m
                [33mvalue[39m=[32m"zotero"[39m
              [36m>[39m
                [0mZotero[0m
              [36m</option>[39m
            [36m</select>[39m
          [36m</div>[39m
          [36m<div>[39m
            [36m<label[39m
              [33mclass[39m=[32m"block text-sm font-medium text-gray-700 mb-2"[39m
              [33mfor[39m=[32m"apiKey"[39m
            [36m>[39m
              [0mAPI Key[0m
            [36m</label>[39m
            [36m<input[39m
              [33mclass[39m=[32m"w-full px-3 py-2 border rounded-md focus:outline-none focus:ring-2 focus:ring-blue-500 border-gray-300"[39m
              [33mid[39m=[32m"apiKey"[39m
              [33mplaceholder[39m=[32m"Enter your API key..."[39m
              [33mtabindex[39m=[32m"0"[39m
              [33mtype[39m=[32m"password"[39m
              [33mvalue[39m=[32m""[39m
            [36m/>[39m
          [36m</div>[39m
          [36m<div>[39m
            [36m<button[39m
              [33mclass[39m=[32m"w-full px-4 py-2 bg-blue-600 text-white rounded-md hover:bg-blue-700 disabled:bg-gray-400 disabled:cursor-not-allowed flex items...
   × ApiKeyTester Component > API Key Testing > should test OpenAI API key successfully 25ms
     → Found multiple elements with the role "button" and name `/test api key/i`

Here are the matching elements:

Ignored nodes: comments, script, style
[36m<button[39m
  [33mclass[39m=[32m"w-full px-4 py-2 bg-blue-600 text-white rounded-md hover:bg-blue-700 disabled:bg-gray-400 disabled:cursor-not-allowed flex items-center justify-center"[39m
  [33mtabindex[39m=[32m"0"[39m
[36m>[39m
  [0mTest API Key[0m
[36m</button>[39m

Ignored nodes: comments, script, style
[36m<button[39m
  [33mclass[39m=[32m"w-full px-4 py-2 bg-blue-600 text-white rounded-md hover:bg-blue-700 disabled:bg-gray-400 disabled:cursor-not-allowed flex items-center justify-center"[39m
  [33mdisabled[39m=[32m""[39m
  [33mtabindex[39m=[32m"0"[39m
[36m>[39m
  [0mTest API Key[0m
[36m</button>[39m

Ignored nodes: comments, script, style
[36m<button[39m
  [33mclass[39m=[32m"w-full px-4 py-2 bg-blue-600 text-white rounded-md hover:bg-blue-700 disabled:bg-gray-400 disabled:cursor-not-allowed flex items-center justify-center"[39m
  [33mdisabled[39m=[32m""[39m
  [33mtabindex[39m=[32m"0"[39m
[36m>[39m
  [0mTest API Key[0m
[36m</button>[39m

Ignored nodes: comments, script, style
[36m<button[39m
  [33mclass[39m=[32m"w-full px-4 py-2 bg-blue-600 text-white rounded-md hover:bg-blue-700 disabled:bg-gray-400 disabled:cursor-not-allowed flex items-center justify-center"[39m
  [33mdisabled[39m=[32m""[39m
  [33mtabindex[39m=[32m"0"[39m
[36m>[39m
  [0mTest API Key[0m
[36m</button>[39m

Ignored nodes: comments, script, style
[36m<button[39m
  [33mclass[39m=[32m"w-full px-4 py-2 bg-blue-600 text-white rounded-md hover:bg-blue-700 disabled:bg-gray-400 disabled:cursor-not-allowed flex items-center justify-center"[39m
  [33mdisabled[39m=[32m""[39m
  [33mtabindex[39m=[32m"0"[39m
[36m>[39m
  [0mTest API Key[0m
[36m</button>[39m

Ignored nodes: comments, script, style
[36m<button[39m
  [33mclass[39m=[32m"w-full px-4 py-2 bg-blue-600 text-white rounded-md hover:bg-blue-700 disabled:bg-gray-400 disabled:cursor-not-allowed flex items-center justify-center"[39m
  [33mdisabled[39m=[32m""[39m
  [33mtabindex[39m=[32m"0"[39m
[36m>[39m
  [0mTest API Key[0m
[36m</button>[39m

Ignored nodes: comments, script, style
[36m<button[39m
  [33mclass[39m=[32m"w-full px-4 py-2 bg-blue-600 text-white rounded-md hover:bg-blue-700 disabled:bg-gray-400 disabled:cursor-not-allowed flex items-center justify-center"[39m
  [33mdisabled[39m=[32m""[39m
  [33mtabindex[39m=[32m"0"[39m
[36m>[39m
  [0mTest API Key[0m
[36m</button>[39m

Ignored nodes: comments, script, style
[36m<button[39m
  [33mclass[39m=[32m"w-full px-4 py-2 bg-blue-600 text-white rounded-md hover:bg-blue-700 disabled:bg-gray-400 disabled:cursor-not-allowed flex items-center justify-center"[39m
  [33mdisabled[39m=[32m""[39m
  [33mtabindex[39m=[32m"0"[39m
[36m>[39m
  [0mTest API Key[0m
[36m</button>[39m

Ignored nodes: comments, script, style
[36m<button[39m
  [33mclass[39m=[32m"w-full px-4 py-2 bg-blue-600 text-white rounded-md hover:bg-blue-700 disabled:bg-gray-400 disabled:cursor-not-allowed flex items-center justify-center"[39m
  [33mdisabled[39m=[32m""[39m
  [33mtabindex[39m=[32m"0"[39m
[36m>[39m
  [0mTest API Key[0m
[36m</button>[39m

Ignored nodes: comments, script, style
[36m<button[39m
  [33mclass[39m=[32m"w-full px-4 py-2 bg-blue-600 text-white rounded-md hover:bg-blue-700 disabled:bg-gray-400 disabled:cursor-not-allowed flex items-center justify-center"[39m
  [33mdisabled[39m=[32m""[39m
  [33mtabindex[39m=[32m"0"[39m
[36m>[39m
  [0mTest API Key[0m
[36m</button>[39m

Ignored nodes: comments, script, style
[36m<button[39m
  [33mclass[39m=[32m"w-full px-4 py-2 bg-blue-600 text-white rounded-md hover:bg-blue-700 disabled:bg-gray-400 disabled:cursor-not-allowed flex items-center justify-center"[39m
  [33mdisabled[39m=[32m""[39m
  [33mtabindex[39m=[32m"0"[39m
[36m>[39m
  [0mTest API Key[0m
[36m</button>[39m

(If this is intentional, then use the `*AllBy*` variant of the query (like `queryAllByText`, `getAllByText`, or `findAllByText`)).

Ignored nodes: comments, script, style
[36m<body>[39m
  [36m<div>[39m
    [36m<div[39m
      [33mclass[39m=[32m"max-w-2xl mx-auto p-6"[39m
    [36m>[39m
      [36m<div[39m
        [33mclass[39m=[32m"bg-white rounded-lg shadow-md p-6"[39m
      [36m>[39m
        [36m<h2[39m
          [33mclass[39m=[32m"text-2xl font-bold text-gray-900 mb-2"[39m
        [36m>[39m
          [0mAPI Key Testing[0m
        [36m</h2>[39m
        [36m<p[39m
          [33mclass[39m=[32m"text-gray-600 mb-6"[39m
        [36m>[39m
          [0mTest your API keys for connectivity and functionality[0m
        [36m</p>[39m
        [36m<div[39m
          [33mclass[39m=[32m"space-y-6"[39m
        [36m>[39m
          [36m<div>[39m
            [36m<label[39m
              [33mclass[39m=[32m"block text-sm font-medium text-gray-700 mb-2"[39m
              [33mfor[39m=[32m"provider"[39m
            [36m>[39m
              [0mSelect Provider[0m
            [36m</label>[39m
            [36m<select[39m
              [33mclass[39m=[32m"w-full px-3 py-2 border border-gray-300 rounded-md focus:outline-none focus:ring-2 focus:ring-blue-500"[39m
              [33mid[39m=[32m"provider"[39m
              [33mtabindex[39m=[32m"0"[39m
            [36m>[39m
              [36m<option[39m
                [33mvalue[39m=[32m"anthropic"[39m
              [36m>[39m
                [0mAnthropic[0m
              [36m</option>[39m
              [36m<option[39m
                [33mvalue[39m=[32m"openai"[39m
              [36m>[39m
                [0mOpenAI[0m
              [36m</option>[39m
              [36m<option[39m
                [33mvalue[39m=[32m"zotero"[39m
              [36m>[39m
                [0mZotero[0m
              [36m</option>[39m
            [36m</select>[39m
          [36m</div>[39m
          [36m<div>[39m
            [36m<label[39m
              [33mclass[39m=[32m"block text-sm font-medium text-gray-700 mb-2"[39m
              [33mfor[39m=[32m"apiKey"[39m
            [36m>[39m
              [0mAPI Key[0m
            [36m</label>[39m
            [36m<input[39m
              [33mclass[39m=[32m"w-full px-3 py-2 border rounded-md focus:outline-none focus:ring-2 focus:ring-blue-500 border-gray-300"[39m
              [33mid[39m=[32m"apiKey"[39m
              [33mplaceholder[39m=[32m"Enter your API key..."[39m
              [33mtabindex[39m=[32m"0"[39m
              [33mtype[39m=[32m"password"[39m
              [33mvalue[39m=[32m"sk-valid-openai-key"[39m
            [36m/>[39m
            [36m<p[39m
              [33mclass[39m=[32m"mt-1 text-sm text-blue-600"[39m
            [36m>[39m
              [0mEntering [0m
              [0mOpenAI[0m
              [0m API key...[0m
            [36m</p>[39m
          [36m</div>[39m
          [36m<div>[39m
            [36m<button[39m
              [33mclass[39m=[32m"w-full px-4 py-2 bg-blue-600 text-white rounded-md hover:bg-blue-700 disabled:bg-gray-400 disabled:cursor-not-allowed flex items-center justify-center"[39m
              [33mtabindex[39m=[32m"0"[39m
            [36m>[39m
              [0mTest API Key[0m
            [36m</button>[39m
          [36m</div>[39m
        [36m</div>[39m
      [36m</div>[39m
    [36m</div>[39m
  [36m</div>[39m
  [36m<div>[39m
    [36m<div[39m
      [33mclass[39m=[32m"max-w-2xl mx-auto p-6"[39m
    [36m>[39m
      [36m<div[39m
        [33mclass[39m=[32m"bg-white rounded-lg shadow-md p-6"[39m
      [36m>[39m
        [36m<h2[39m
          [33mclass[39m=[32m"text-2xl font-bold text-gray-900 mb-2"[39m
        [36m>[39m
          [0mAPI Key Testing[0m
        [36m</h2>[39m
        [36m<p[39m
          [33mclass[39m=[32m"text-gray-600 mb-6"[39m
        [36m>[39m
          [0mTest your API keys for connectivity and functionality[0m
        [36m</p>[39m
        [36m<div[39m
          [33mclass[39m=[32m"space-y-6"[39m
        [36m>[39m
          [36m<div>[39m
            [36m<label[39m
              [33mclass[39m=[32m"block text-sm font-medium text-gray-700 mb-2"[39m
              [33mfor[39m=[32m"provider"[39m
            [36m>[39m
              [0mSelect Provider[0m
            [36m</label>[39m
            [36m<select[39m
              [33mclass[39m=[32m"w-full px-3 py-2 border border-gray-300 rounded-md focus:outline-none focus:ring-2 focus:ring-blue-500"[39m
              [33mid[39m=[32m"provider"[39m
              [33mtabindex[39m=[32m"0"[39m
            [36m>[39m
              [36m<option[39m
                [33mvalue[39m=[32m"anthropic"[39m
              [36m>[39m
                [0mAnthropic[0m
              [36m</option>[39m
              [36m<option[39m
                [33mvalue[39m=[32m"openai"[39m
              [36m>[39m
                [0mOpenAI[0m
              [36m</option>[39m
              [36m<option[39m
                [33mvalue[39m=[32m"zotero"[39m
              [36m>[39m
                [0mZotero[0m
              [36m</option>[39m
            [36m</select>[39m
          [36m</div>[39m
          [36m<div>[39m
            [36m<label[39m
              [33mclass[39m=[32m"block text-sm font-medium text-gray-700 mb-2"[39m
              [33mfor[39m=[32m"apiKey"[39m
            [36m>[39m
              [0mAPI Key[0m
            [36m</label>[39m
            [36m<input[39m
              [33mclass[39m=[32m"w-full px-3 py-2 border rounded-md focus:outline-none focus:ring-2 focus:ring-blue-500 border-gray-300"[39m
              [33mid[39m=[32m"apiKey"[39m
              [33mplaceholder[39m=[32m"Enter your API key..."[39m
              [33mtabindex[39m=[32m"0"[39m
              [33mtype[39m=[32m"password"[39m
              [33mvalue[39m=[32m""[39m
            [36m/>[39m
          [36m</div>[39m
          [36m<div>[39m
            [36m<button[39m
              [33mclass[39m=[32m"w-full px-4 py-2 bg-blue-600 text-white rounded-md hover:bg-blue-700 disabled:bg-gray-400 disabled:cursor-not-allowed flex items-center justify-center"[39m
              [33mdisabled[39m=[32m""[39m
              [33mtabindex[39m=[32m"0"[39m
            [36m>[39m
              [0mTest API Key[0m
            [36m</button>[39m
          [36m</div>[39m
        [36m</div>[39m
      [36m</div>[39m
    [36m</div>[39m
  [36m</div>[39m
  [36m<div>[39m
    [36m<div[39m
      [33mclass[39m=[32m"max-w-2xl mx-auto p-6"[39m
    [36m>[39m
      [36m<div[39m
        [33mclass[39m=[32m"bg-white rounded-lg shadow-md p-6"[39m
      [36m>[39m
        [36m<h2[39m
          [33mclass[39m=[32m"text-2xl font-bold text-gray-900 mb-2"[39m
        [36m>[39m
          [0mAPI Key Testing[0m
        [36m</h2>[39m
        [36m<p[39m
          [33mclass[39m=[32m"text-gray-600 mb-6"[39m
    ...
   × ApiKeyTester Component > API Key Testing > should test Zotero API key with User ID 25ms
     → Found multiple elements with the role "button" and name `/test api key/i`

Here are the matching elements:

Ignored nodes: comments, script, style
[36m<button[39m
  [33mclass[39m=[32m"w-full px-4 py-2 bg-blue-600 text-white rounded-md hover:bg-blue-700 disabled:bg-gray-400 disabled:cursor-not-allowed flex items-center justify-center"[39m
  [33mtabindex[39m=[32m"0"[39m
[36m>[39m
  [0mTest API Key[0m
[36m</button>[39m

Ignored nodes: comments, script, style
[36m<button[39m
  [33mclass[39m=[32m"w-full px-4 py-2 bg-blue-600 text-white rounded-md hover:bg-blue-700 disabled:bg-gray-400 disabled:cursor-not-allowed flex items-center justify-center"[39m
  [33mdisabled[39m=[32m""[39m
  [33mtabindex[39m=[32m"0"[39m
[36m>[39m
  [0mTest API Key[0m
[36m</button>[39m

Ignored nodes: comments, script, style
[36m<button[39m
  [33mclass[39m=[32m"w-full px-4 py-2 bg-blue-600 text-white rounded-md hover:bg-blue-700 disabled:bg-gray-400 disabled:cursor-not-allowed flex items-center justify-center"[39m
  [33mdisabled[39m=[32m""[39m
  [33mtabindex[39m=[32m"0"[39m
[36m>[39m
  [0mTest API Key[0m
[36m</button>[39m

Ignored nodes: comments, script, style
[36m<button[39m
  [33mclass[39m=[32m"w-full px-4 py-2 bg-blue-600 text-white rounded-md hover:bg-blue-700 disabled:bg-gray-400 disabled:cursor-not-allowed flex items-center justify-center"[39m
  [33mdisabled[39m=[32m""[39m
  [33mtabindex[39m=[32m"0"[39m
[36m>[39m
  [0mTest API Key[0m
[36m</button>[39m

Ignored nodes: comments, script, style
[36m<button[39m
  [33mclass[39m=[32m"w-full px-4 py-2 bg-blue-600 text-white rounded-md hover:bg-blue-700 disabled:bg-gray-400 disabled:cursor-not-allowed flex items-center justify-center"[39m
  [33mdisabled[39m=[32m""[39m
  [33mtabindex[39m=[32m"0"[39m
[36m>[39m
  [0mTest API Key[0m
[36m</button>[39m

Ignored nodes: comments, script, style
[36m<button[39m
  [33mclass[39m=[32m"w-full px-4 py-2 bg-blue-600 text-white rounded-md hover:bg-blue-700 disabled:bg-gray-400 disabled:cursor-not-allowed flex items-center justify-center"[39m
  [33mdisabled[39m=[32m""[39m
  [33mtabindex[39m=[32m"0"[39m
[36m>[39m
  [0mTest API Key[0m
[36m</button>[39m

Ignored nodes: comments, script, style
[36m<button[39m
  [33mclass[39m=[32m"w-full px-4 py-2 bg-blue-600 text-white rounded-md hover:bg-blue-700 disabled:bg-gray-400 disabled:cursor-not-allowed flex items-center justify-center"[39m
  [33mdisabled[39m=[32m""[39m
  [33mtabindex[39m=[32m"0"[39m
[36m>[39m
  [0mTest API Key[0m
[36m</button>[39m

Ignored nodes: comments, script, style
[36m<button[39m
  [33mclass[39m=[32m"w-full px-4 py-2 bg-blue-600 text-white rounded-md hover:bg-blue-700 disabled:bg-gray-400 disabled:cursor-not-allowed flex items-center justify-center"[39m
  [33mdisabled[39m=[32m""[39m
  [33mtabindex[39m=[32m"0"[39m
[36m>[39m
  [0mTest API Key[0m
[36m</button>[39m

Ignored nodes: comments, script, style
[36m<button[39m
  [33mclass[39m=[32m"w-full px-4 py-2 bg-blue-600 text-white rounded-md hover:bg-blue-700 disabled:bg-gray-400 disabled:cursor-not-allowed flex items-center justify-center"[39m
  [33mdisabled[39m=[32m""[39m
  [33mtabindex[39m=[32m"0"[39m
[36m>[39m
  [0mTest API Key[0m
[36m</button>[39m

Ignored nodes: comments, script, style
[36m<button[39m
  [33mclass[39m=[32m"w-full px-4 py-2 bg-blue-600 text-white rounded-md hover:bg-blue-700 disabled:bg-gray-400 disabled:cursor-not-allowed flex items-center justify-center"[39m
  [33mdisabled[39m=[32m""[39m
  [33mtabindex[39m=[32m"0"[39m
[36m>[39m
  [0mTest API Key[0m
[36m</button>[39m

Ignored nodes: comments, script, style
[36m<button[39m
  [33mclass[39m=[32m"w-full px-4 py-2 bg-blue-600 text-white rounded-md hover:bg-blue-700 disabled:bg-gray-400 disabled:cursor-not-allowed flex items-center justify-center"[39m
  [33mdisabled[39m=[32m""[39m
  [33mtabindex[39m=[32m"0"[39m
[36m>[39m
  [0mTest API Key[0m
[36m</button>[39m

Ignored nodes: comments, script, style
[36m<button[39m
  [33mclass[39m=[32m"w-full px-4 py-2 bg-blue-600 text-white rounded-md hover:bg-blue-700 disabled:bg-gray-400 disabled:cursor-not-allowed flex items-center justify-center"[39m
  [33mdisabled[39m=[32m""[39m
  [33mtabindex[39m=[32m"0"[39m
[36m>[39m
  [0mTest API Key[0m
[36m</button>[39m

(If this is intentional, then use the `*AllBy*` variant of the query (like `queryAllByText`, `getAllByText`, or `findAllByText`)).

Ignored nodes: comments, script, style
[36m<body>[39m
  [36m<div>[39m
    [36m<div[39m
      [33mclass[39m=[32m"max-w-2xl mx-auto p-6"[39m
    [36m>[39m
      [36m<div[39m
        [33mclass[39m=[32m"bg-white rounded-lg shadow-md p-6"[39m
      [36m>[39m
        [36m<h2[39m
          [33mclass[39m=[32m"text-2xl font-bold text-gray-900 mb-2"[39m
        [36m>[39m
          [0mAPI Key Testing[0m
        [36m</h2>[39m
        [36m<p[39m
          [33mclass[39m=[32m"text-gray-600 mb-6"[39m
        [36m>[39m
          [0mTest your API keys for connectivity and functionality[0m
        [36m</p>[39m
        [36m<div[39m
          [33mclass[39m=[32m"space-y-6"[39m
        [36m>[39m
          [36m<div>[39m
            [36m<label[39m
              [33mclass[39m=[32m"block text-sm font-medium text-gray-700 mb-2"[39m
              [33mfor[39m=[32m"provider"[39m
            [36m>[39m
              [0mSelect Provider[0m
            [36m</label>[39m
            [36m<select[39m
              [33mclass[39m=[32m"w-full px-3 py-2 border border-gray-300 rounded-md focus:outline-none focus:ring-2 focus:ring-blue-500"[39m
              [33mid[39m=[32m"provider"[39m
              [33mtabindex[39m=[32m"0"[39m
            [36m>[39m
              [36m<option[39m
                [33mvalue[39m=[32m"anthropic"[39m
              [36m>[39m
                [0mAnthropic[0m
              [36m</option>[39m
              [36m<option[39m
                [33mvalue[39m=[32m"openai"[39m
              [36m>[39m
                [0mOpenAI[0m
              [36m</option>[39m
              [36m<option[39m
                [33mvalue[39m=[32m"zotero"[39m
              [36m>[39m
                [0mZotero[0m
              [36m</option>[39m
            [36m</select>[39m
          [36m</div>[39m
          [36m<div>[39m
            [36m<label[39m
              [33mclass[39m=[32m"block text-sm font-medium text-gray-700 mb-2"[39m
              [33mfor[39m=[32m"apiKey"[39m
            [36m>[39m
              [0mAPI Key[0m
            [36m</label>[39m
            [36m<input[39m
              [33mclass[39m=[32m"w-full px-3 py-2 border rounded-md focus:outline-none focus:ring-2 focus:ring-blue-500 border-gray-300"[39m
              [33mid[39m=[32m"apiKey"[39m
              [33mplaceholder[39m=[32m"Enter your API key..."[39m
              [33mtabindex[39m=[32m"0"[39m
              [33mtype[39m=[32m"password"[39m
              [33mvalue[39m=[32m"valid-zotero-key"[39m
            [36m/>[39m
            [36m<p[39m
              [33mclass[39m=[32m"mt-1 text-sm text-blue-600"[39m
            [36m>[39m
              [0mEntering [0m
              [0mZotero[0m
              [0m API key...[0m
            [36m</p>[39m
          [36m</div>[39m
          [36m<div>[39m
            [36m<label[39m
              [33mclass[39m=[32m"block text-sm font-medium text-gray-700 mb-2"[39m
              [33mfor[39m=[32m"userId"[39m
            [36m>[39m
              [0mUser ID[0m
            [36m</label>[39m
            [36m<input[39m
              [33mclass[39m=[32m"w-full px-3 py-2 border border-gray-300 rounded-md focus:outline-none focus:ring-2 focus:ring-blue-500"[39m
              [33mid[39m=[32m"userId"[39m
              [33mplaceholder[39m=[32m"Enter your Zotero User ID..."[39m
              [33mtabindex[39m=[32m"0"[39m
              [33mtype[39m=[32m"text"[39m
              [33mvalue[39m=[32m"12345"[39m
            [36m/>[39m
          [36m</div>[39m
          [36m<div>[39m
            [36m<button[39m
              [33mclass[39m=[32m"w-full px-4 py-2 bg-blue-600 text-white rounded-md hover:bg-blue-700 disabled:bg-gray-400 disabled:cursor-not-allowed flex items-center justify-center"[39m
              [33mtabindex[39m=[32m"0"[39m
            [36m>[39m
              [0mTest API Key[0m
            [36m</button>[39m
          [36m</div>[39m
        [36m</div>[39m
      [36m</div>[39m
    [36m</div>[39m
  [36m</div>[39m
  [36m<div>[39m
    [36m<div[39m
      [33mclass[39m=[32m"max-w-2xl mx-auto p-6"[39m
    [36m>[39m
      [36m<div[39m
        [33mclass[39m=[32m"bg-white rounded-lg shadow-md p-6"[39m
      [36m>[39m
        [36m<h2[39m
          [33mclass[39m=[32m"text-2xl font-bold text-gray-900 mb-2"[39m
        [36m>[39m
          [0mAPI Key Testing[0m
        [36m</h2>[39m
        [36m<p[39m
          [33mclass[39m=[32m"text-gray-600 mb-6"[39m
        [36m>[39m
          [0mTest your API keys for connectivity and functionality[0m
        [36m</p>[39m
        [36m<div[39m
          [33mclass[39m=[32m"space-y-6"[39m
        [36m>[39m
          [36m<div>[39m
            [36m<label[39m
              [33mclass[39m=[32m"block text-sm font-medium text-gray-700 mb-2"[39m
              [33mfor[39m=[32m"provider"[39m
            [36m>[39m
              [0mSelect Provider[0m
            [36m</label>[39m
            [36m<select[39m
              [33mclass[39m=[32m"w-full px-3 py-2 border border-gray-300 rounded-md focus:outline-none focus:ring-2 focus:ring-blue-500"[39m
              [33mid[39m=[32m"provider"[39m
              [33mtabindex[39m=[32m"0"[39m
            [36m>[39m
              [36m<option[39m
                [33mvalue[39m=[32m"anthropic"[39m
              [36m>[39m
                [0mAnthropic[0m
              [36m</option>[39m
              [36m<option[39m
                [33mvalue[39m=[32m"openai"[39m
              [36m>[39m
                [0mOpenAI[0m
              [36m</option>[39m
              [36m<option[39m
                [33mvalue[39m=[32m"zotero"[39m
              [36m>[39m
                [0mZotero[0m
              [36m</option>[39m
            [36m</select>[39m
          [36m</div>[39m
          [36m<div>[39m
            [36m<label[39m
              [33mclass[39m=[32m"block text-sm font-medium text-gray-700 mb-2"[39m
              [33mfor[39m=[32m"apiKey"[39m
            [36m>[39m
              [0mAPI Key[0m
            [36m</label>[39m
            [36m<input[39m
              [33mclass[39m=[32m"w-full px-3 py-2 border rounded-md focus:outline-none focus:ring-2 focus:ring-blue-500 border-gray-300"[39m
              [33mid[39m=[32m"apiKey"[39m
              [33mplaceholder[39m=[32m"Enter your API key..."[39m
              [33mtabindex[39m=[32m"0"[39m
              [33mtype[39m=[32m"password"[39m
              [33mvalue[39m=[32m""[39m
            [36m/>[39m
          [36m</div>[39m
          [36m<div>[39m
            [36m<button[39m
              [33mclass[39m=[32m"w-full px-4 py-2 bg-blue-600 text-white rounded-md hover:bg-blue-700 disabled:bg-gray-400 disabled:cursor-not-allowed flex items-center justify-center"[39m
              ...
   × ApiKeyTester Component > API Key Testing > should handle network errors gracefully 22ms
     → Found multiple elements with the role "button" and name `/test api key/i`

Here are the matching elements:

Ignored nodes: comments, script, style
[36m<button[39m
  [33mclass[39m=[32m"w-full px-4 py-2 bg-blue-600 text-white rounded-md hover:bg-blue-700 disabled:bg-gray-400 disabled:cursor-not-allowed flex items-center justify-center"[39m
  [33mtabindex[39m=[32m"0"[39m
[36m>[39m
  [0mTest API Key[0m
[36m</button>[39m

Ignored nodes: comments, script, style
[36m<button[39m
  [33mclass[39m=[32m"w-full px-4 py-2 bg-blue-600 text-white rounded-md hover:bg-blue-700 disabled:bg-gray-400 disabled:cursor-not-allowed flex items-center justify-center"[39m
  [33mdisabled[39m=[32m""[39m
  [33mtabindex[39m=[32m"0"[39m
[36m>[39m
  [0mTest API Key[0m
[36m</button>[39m

Ignored nodes: comments, script, style
[36m<button[39m
  [33mclass[39m=[32m"w-full px-4 py-2 bg-blue-600 text-white rounded-md hover:bg-blue-700 disabled:bg-gray-400 disabled:cursor-not-allowed flex items-center justify-center"[39m
  [33mdisabled[39m=[32m""[39m
  [33mtabindex[39m=[32m"0"[39m
[36m>[39m
  [0mTest API Key[0m
[36m</button>[39m

Ignored nodes: comments, script, style
[36m<button[39m
  [33mclass[39m=[32m"w-full px-4 py-2 bg-blue-600 text-white rounded-md hover:bg-blue-700 disabled:bg-gray-400 disabled:cursor-not-allowed flex items-center justify-center"[39m
  [33mdisabled[39m=[32m""[39m
  [33mtabindex[39m=[32m"0"[39m
[36m>[39m
  [0mTest API Key[0m
[36m</button>[39m

Ignored nodes: comments, script, style
[36m<button[39m
  [33mclass[39m=[32m"w-full px-4 py-2 bg-blue-600 text-white rounded-md hover:bg-blue-700 disabled:bg-gray-400 disabled:cursor-not-allowed flex items-center justify-center"[39m
  [33mdisabled[39m=[32m""[39m
  [33mtabindex[39m=[32m"0"[39m
[36m>[39m
  [0mTest API Key[0m
[36m</button>[39m

Ignored nodes: comments, script, style
[36m<button[39m
  [33mclass[39m=[32m"w-full px-4 py-2 bg-blue-600 text-white rounded-md hover:bg-blue-700 disabled:bg-gray-400 disabled:cursor-not-allowed flex items-center justify-center"[39m
  [33mdisabled[39m=[32m""[39m
  [33mtabindex[39m=[32m"0"[39m
[36m>[39m
  [0mTest API Key[0m
[36m</button>[39m

Ignored nodes: comments, script, style
[36m<button[39m
  [33mclass[39m=[32m"w-full px-4 py-2 bg-blue-600 text-white rounded-md hover:bg-blue-700 disabled:bg-gray-400 disabled:cursor-not-allowed flex items-center justify-center"[39m
  [33mdisabled[39m=[32m""[39m
  [33mtabindex[39m=[32m"0"[39m
[36m>[39m
  [0mTest API Key[0m
[36m</button>[39m

Ignored nodes: comments, script, style
[36m<button[39m
  [33mclass[39m=[32m"w-full px-4 py-2 bg-blue-600 text-white rounded-md hover:bg-blue-700 disabled:bg-gray-400 disabled:cursor-not-allowed flex items-center justify-center"[39m
  [33mdisabled[39m=[32m""[39m
  [33mtabindex[39m=[32m"0"[39m
[36m>[39m
  [0mTest API Key[0m
[36m</button>[39m

Ignored nodes: comments, script, style
[36m<button[39m
  [33mclass[39m=[32m"w-full px-4 py-2 bg-blue-600 text-white rounded-md hover:bg-blue-700 disabled:bg-gray-400 disabled:cursor-not-allowed flex items-center justify-center"[39m
  [33mdisabled[39m=[32m""[39m
  [33mtabindex[39m=[32m"0"[39m
[36m>[39m
  [0mTest API Key[0m
[36m</button>[39m

Ignored nodes: comments, script, style
[36m<button[39m
  [33mclass[39m=[32m"w-full px-4 py-2 bg-blue-600 text-white rounded-md hover:bg-blue-700 disabled:bg-gray-400 disabled:cursor-not-allowed flex items-center justify-center"[39m
  [33mdisabled[39m=[32m""[39m
  [33mtabindex[39m=[32m"0"[39m
[36m>[39m
  [0mTest API Key[0m
[36m</button>[39m

Ignored nodes: comments, script, style
[36m<button[39m
  [33mclass[39m=[32m"w-full px-4 py-2 bg-blue-600 text-white rounded-md hover:bg-blue-700 disabled:bg-gray-400 disabled:cursor-not-allowed flex items-center justify-center"[39m
  [33mdisabled[39m=[32m""[39m
  [33mtabindex[39m=[32m"0"[39m
[36m>[39m
  [0mTest API Key[0m
[36m</button>[39m

Ignored nodes: comments, script, style
[36m<button[39m
  [33mclass[39m=[32m"w-full px-4 py-2 bg-blue-600 text-white rounded-md hover:bg-blue-700 disabled:bg-gray-400 disabled:cursor-not-allowed flex items-center justify-center"[39m
  [33mdisabled[39m=[32m""[39m
  [33mtabindex[39m=[32m"0"[39m
[36m>[39m
  [0mTest API Key[0m
[36m</button>[39m

Ignored nodes: comments, script, style
[36m<button[39m
  [33mclass[39m=[32m"w-full px-4 py-2 bg-blue-600 text-white rounded-md hover:bg-blue-700 disabled:bg-gray-400 disabled:cursor-not-allowed flex items-center justify-center"[39m
  [33mdisabled[39m=[32m""[39m
  [33mtabindex[39m=[32m"0"[39m
[36m>[39m
  [0mTest API Key[0m
[36m</button>[39m

(If this is intentional, then use the `*AllBy*` variant of the query (like `queryAllByText`, `getAllByText`, or `findAllByText`)).

Ignored nodes: comments, script, style
[36m<body>[39m
  [36m<div>[39m
    [36m<div[39m
      [33mclass[39m=[32m"max-w-2xl mx-auto p-6"[39m
    [36m>[39m
      [36m<div[39m
        [33mclass[39m=[32m"bg-white rounded-lg shadow-md p-6"[39m
      [36m>[39m
        [36m<h2[39m
          [33mclass[39m=[32m"text-2xl font-bold text-gray-900 mb-2"[39m
        [36m>[39m
          [0mAPI Key Testing[0m
        [36m</h2>[39m
        [36m<p[39m
          [33mclass[39m=[32m"text-gray-600 mb-6"[39m
        [36m>[39m
          [0mTest your API keys for connectivity and functionality[0m
        [36m</p>[39m
        [36m<div[39m
          [33mclass[39m=[32m"space-y-6"[39m
        [36m>[39m
          [36m<div>[39m
            [36m<label[39m
              [33mclass[39m=[32m"block text-sm font-medium text-gray-700 mb-2"[39m
              [33mfor[39m=[32m"provider"[39m
            [36m>[39m
              [0mSelect Provider[0m
            [36m</label>[39m
            [36m<select[39m
              [33mclass[39m=[32m"w-full px-3 py-2 border border-gray-300 rounded-md focus:outline-none focus:ring-2 focus:ring-blue-500"[39m
              [33mid[39m=[32m"provider"[39m
              [33mtabindex[39m=[32m"0"[39m
            [36m>[39m
              [36m<option[39m
                [33mvalue[39m=[32m"anthropic"[39m
              [36m>[39m
                [0mAnthropic[0m
              [36m</option>[39m
              [36m<option[39m
                [33mvalue[39m=[32m"openai"[39m
              [36m>[39m
                [0mOpenAI[0m
              [36m</option>[39m
              [36m<option[39m
                [33mvalue[39m=[32m"zotero"[39m
              [36m>[39m
                [0mZotero[0m
              [36m</option>[39m
            [36m</select>[39m
          [36m</div>[39m
          [36m<div>[39m
            [36m<label[39m
              [33mclass[39m=[32m"block text-sm font-medium text-gray-700 mb-2"[39m
              [33mfor[39m=[32m"apiKey"[39m
            [36m>[39m
              [0mAPI Key[0m
            [36m</label>[39m
            [36m<input[39m
              [33mclass[39m=[32m"w-full px-3 py-2 border rounded-md focus:outline-none focus:ring-2 focus:ring-blue-500 border-gray-300"[39m
              [33mid[39m=[32m"apiKey"[39m
              [33mplaceholder[39m=[32m"Enter your API key..."[39m
              [33mtabindex[39m=[32m"0"[39m
              [33mtype[39m=[32m"password"[39m
              [33mvalue[39m=[32m"sk-ant-test-key"[39m
            [36m/>[39m
            [36m<p[39m
              [33mclass[39m=[32m"mt-1 text-sm text-blue-600"[39m
            [36m>[39m
              [0mEntering [0m
              [0mZotero[0m
              [0m API key...[0m
            [36m</p>[39m
          [36m</div>[39m
          [36m<div>[39m
            [36m<label[39m
              [33mclass[39m=[32m"block text-sm font-medium text-gray-700 mb-2"[39m
              [33mfor[39m=[32m"userId"[39m
            [36m>[39m
              [0mUser ID[0m
            [36m</label>[39m
            [36m<input[39m
              [33mclass[39m=[32m"w-full px-3 py-2 border border-gray-300 rounded-md focus:outline-none focus:ring-2 focus:ring-blue-500"[39m
              [33mid[39m=[32m"userId"[39m
              [33mplaceholder[39m=[32m"Enter your Zotero User ID..."[39m
              [33mtabindex[39m=[32m"0"[39m
              [33mtype[39m=[32m"text"[39m
              [33mvalue[39m=[32m"12345"[39m
            [36m/>[39m
          [36m</div>[39m
          [36m<div>[39m
            [36m<button[39m
              [33mclass[39m=[32m"w-full px-4 py-2 bg-blue-600 text-white rounded-md hover:bg-blue-700 disabled:bg-gray-400 disabled:cursor-not-allowed flex items-center justify-center"[39m
              [33mtabindex[39m=[32m"0"[39m
            [36m>[39m
              [0mTest API Key[0m
            [36m</button>[39m
          [36m</div>[39m
        [36m</div>[39m
      [36m</div>[39m
    [36m</div>[39m
  [36m</div>[39m
  [36m<div>[39m
    [36m<div[39m
      [33mclass[39m=[32m"max-w-2xl mx-auto p-6"[39m
    [36m>[39m
      [36m<div[39m
        [33mclass[39m=[32m"bg-white rounded-lg shadow-md p-6"[39m
      [36m>[39m
        [36m<h2[39m
          [33mclass[39m=[32m"text-2xl font-bold text-gray-900 mb-2"[39m
        [36m>[39m
          [0mAPI Key Testing[0m
        [36m</h2>[39m
        [36m<p[39m
          [33mclass[39m=[32m"text-gray-600 mb-6"[39m
        [36m>[39m
          [0mTest your API keys for connectivity and functionality[0m
        [36m</p>[39m
        [36m<div[39m
          [33mclass[39m=[32m"space-y-6"[39m
        [36m>[39m
          [36m<div>[39m
            [36m<label[39m
              [33mclass[39m=[32m"block text-sm font-medium text-gray-700 mb-2"[39m
              [33mfor[39m=[32m"provider"[39m
            [36m>[39m
              [0mSelect Provider[0m
            [36m</label>[39m
            [36m<select[39m
              [33mclass[39m=[32m"w-full px-3 py-2 border border-gray-300 rounded-md focus:outline-none focus:ring-2 focus:ring-blue-500"[39m
              [33mid[39m=[32m"provider"[39m
              [33mtabindex[39m=[32m"0"[39m
            [36m>[39m
              [36m<option[39m
                [33mvalue[39m=[32m"anthropic"[39m
              [36m>[39m
                [0mAnthropic[0m
              [36m</option>[39m
              [36m<option[39m
                [33mvalue[39m=[32m"openai"[39m
              [36m>[39m
                [0mOpenAI[0m
              [36m</option>[39m
              [36m<option[39m
                [33mvalue[39m=[32m"zotero"[39m
              [36m>[39m
                [0mZotero[0m
              [36m</option>[39m
            [36m</select>[39m
          [36m</div>[39m
          [36m<div>[39m
            [36m<label[39m
              [33mclass[39m=[32m"block text-sm font-medium text-gray-700 mb-2"[39m
              [33mfor[39m=[32m"apiKey"[39m
            [36m>[39m
              [0mAPI Key[0m
            [36m</label>[39m
            [36m<input[39m
              [33mclass[39m=[32m"w-full px-3 py-2 border rounded-md focus:outline-none focus:ring-2 focus:ring-blue-500 border-gray-300"[39m
              [33mid[39m=[32m"apiKey"[39m
              [33mplaceholder[39m=[32m"Enter your API key..."[39m
              [33mtabindex[39m=[32m"0"[39m
              [33mtype[39m=[32m"password"[39m
              [33mvalue[39m=[32m""[39m
            [36m/>[39m
          [36m</div>[39m
          [36m<div>[39m
            [36m<button[39m
              [33mclass[39m=[32m"w-full px-4 py-2 bg-blue-600 text-white rounded-md hover:bg-blue-700 disabled:bg-gray-400 disabled:cursor-not-allowed flex items-center justify-center"[39m
              ...
   × ApiKeyTester Component > API Key Testing > should show loading state during testing 32ms
     → Found multiple elements with the role "button" and name `/test api key/i`

Here are the matching elements:

Ignored nodes: comments, script, style
[36m<button[39m
  [33mclass[39m=[32m"w-full px-4 py-2 bg-blue-600 text-white rounded-md hover:bg-blue-700 disabled:bg-gray-400 disabled:cursor-not-allowed flex items-center justify-center"[39m
  [33mtabindex[39m=[32m"0"[39m
[36m>[39m
  [0mTest API Key[0m
[36m</button>[39m

Ignored nodes: comments, script, style
[36m<button[39m
  [33mclass[39m=[32m"w-full px-4 py-2 bg-blue-600 text-white rounded-md hover:bg-blue-700 disabled:bg-gray-400 disabled:cursor-not-allowed flex items-center justify-center"[39m
  [33mdisabled[39m=[32m""[39m
  [33mtabindex[39m=[32m"0"[39m
[36m>[39m
  [0mTest API Key[0m
[36m</button>[39m

Ignored nodes: comments, script, style
[36m<button[39m
  [33mclass[39m=[32m"w-full px-4 py-2 bg-blue-600 text-white rounded-md hover:bg-blue-700 disabled:bg-gray-400 disabled:cursor-not-allowed flex items-center justify-center"[39m
  [33mdisabled[39m=[32m""[39m
  [33mtabindex[39m=[32m"0"[39m
[36m>[39m
  [0mTest API Key[0m
[36m</button>[39m

Ignored nodes: comments, script, style
[36m<button[39m
  [33mclass[39m=[32m"w-full px-4 py-2 bg-blue-600 text-white rounded-md hover:bg-blue-700 disabled:bg-gray-400 disabled:cursor-not-allowed flex items-center justify-center"[39m
  [33mdisabled[39m=[32m""[39m
  [33mtabindex[39m=[32m"0"[39m
[36m>[39m
  [0mTest API Key[0m
[36m</button>[39m

Ignored nodes: comments, script, style
[36m<button[39m
  [33mclass[39m=[32m"w-full px-4 py-2 bg-blue-600 text-white rounded-md hover:bg-blue-700 disabled:bg-gray-400 disabled:cursor-not-allowed flex items-center justify-center"[39m
  [33mdisabled[39m=[32m""[39m
  [33mtabindex[39m=[32m"0"[39m
[36m>[39m
  [0mTest API Key[0m
[36m</button>[39m

Ignored nodes: comments, script, style
[36m<button[39m
  [33mclass[39m=[32m"w-full px-4 py-2 bg-blue-600 text-white rounded-md hover:bg-blue-700 disabled:bg-gray-400 disabled:cursor-not-allowed flex items-center justify-center"[39m
  [33mdisabled[39m=[32m""[39m
  [33mtabindex[39m=[32m"0"[39m
[36m>[39m
  [0mTest API Key[0m
[36m</button>[39m

Ignored nodes: comments, script, style
[36m<button[39m
  [33mclass[39m=[32m"w-full px-4 py-2 bg-blue-600 text-white rounded-md hover:bg-blue-700 disabled:bg-gray-400 disabled:cursor-not-allowed flex items-center justify-center"[39m
  [33mdisabled[39m=[32m""[39m
  [33mtabindex[39m=[32m"0"[39m
[36m>[39m
  [0mTest API Key[0m
[36m</button>[39m

Ignored nodes: comments, script, style
[36m<button[39m
  [33mclass[39m=[32m"w-full px-4 py-2 bg-blue-600 text-white rounded-md hover:bg-blue-700 disabled:bg-gray-400 disabled:cursor-not-allowed flex items-center justify-center"[39m
  [33mdisabled[39m=[32m""[39m
  [33mtabindex[39m=[32m"0"[39m
[36m>[39m
  [0mTest API Key[0m
[36m</button>[39m

Ignored nodes: comments, script, style
[36m<button[39m
  [33mclass[39m=[32m"w-full px-4 py-2 bg-blue-600 text-white rounded-md hover:bg-blue-700 disabled:bg-gray-400 disabled:cursor-not-allowed flex items-center justify-center"[39m
  [33mdisabled[39m=[32m""[39m
  [33mtabindex[39m=[32m"0"[39m
[36m>[39m
  [0mTest API Key[0m
[36m</button>[39m

Ignored nodes: comments, script, style
[36m<button[39m
  [33mclass[39m=[32m"w-full px-4 py-2 bg-blue-600 text-white rounded-md hover:bg-blue-700 disabled:bg-gray-400 disabled:cursor-not-allowed flex items-center justify-center"[39m
  [33mdisabled[39m=[32m""[39m
  [33mtabindex[39m=[32m"0"[39m
[36m>[39m
  [0mTest API Key[0m
[36m</button>[39m

Ignored nodes: comments, script, style
[36m<button[39m
  [33mclass[39m=[32m"w-full px-4 py-2 bg-blue-600 text-white rounded-md hover:bg-blue-700 disabled:bg-gray-400 disabled:cursor-not-allowed flex items-center justify-center"[39m
  [33mdisabled[39m=[32m""[39m
  [33mtabindex[39m=[32m"0"[39m
[36m>[39m
  [0mTest API Key[0m
[36m</button>[39m

Ignored nodes: comments, script, style
[36m<button[39m
  [33mclass[39m=[32m"w-full px-4 py-2 bg-blue-600 text-white rounded-md hover:bg-blue-700 disabled:bg-gray-400 disabled:cursor-not-allowed flex items-center justify-center"[39m
  [33mdisabled[39m=[32m""[39m
  [33mtabindex[39m=[32m"0"[39m
[36m>[39m
  [0mTest API Key[0m
[36m</button>[39m

Ignored nodes: comments, script, style
[36m<button[39m
  [33mclass[39m=[32m"w-full px-4 py-2 bg-blue-600 text-white rounded-md hover:bg-blue-700 disabled:bg-gray-400 disabled:cursor-not-allowed flex items-center justify-center"[39m
  [33mdisabled[39m=[32m""[39m
  [33mtabindex[39m=[32m"0"[39m
[36m>[39m
  [0mTest API Key[0m
[36m</button>[39m

Ignored nodes: comments, script, style
[36m<button[39m
  [33mclass[39m=[32m"w-full px-4 py-2 bg-blue-600 text-white rounded-md hover:bg-blue-700 disabled:bg-gray-400 disabled:cursor-not-allowed flex items-center justify-center"[39m
  [33mdisabled[39m=[32m""[39m
  [33mtabindex[39m=[32m"0"[39m
[36m>[39m
  [0mTest API Key[0m
[36m</button>[39m

(If this is intentional, then use the `*AllBy*` variant of the query (like `queryAllByText`, `getAllByText`, or `findAllByText`)).

Ignored nodes: comments, script, style
[36m<body>[39m
  [36m<div>[39m
    [36m<div[39m
      [33mclass[39m=[32m"max-w-2xl mx-auto p-6"[39m
    [36m>[39m
      [36m<div[39m
        [33mclass[39m=[32m"bg-white rounded-lg shadow-md p-6"[39m
      [36m>[39m
        [36m<h2[39m
          [33mclass[39m=[32m"text-2xl font-bold text-gray-900 mb-2"[39m
        [36m>[39m
          [0mAPI Key Testing[0m
        [36m</h2>[39m
        [36m<p[39m
          [33mclass[39m=[32m"text-gray-600 mb-6"[39m
        [36m>[39m
          [0mTest your API keys for connectivity and functionality[0m
        [36m</p>[39m
        [36m<div[39m
          [33mclass[39m=[32m"space-y-6"[39m
        [36m>[39m
          [36m<div>[39m
            [36m<label[39m
              [33mclass[39m=[32m"block text-sm font-medium text-gray-700 mb-2"[39m
              [33mfor[39m=[32m"provider"[39m
            [36m>[39m
              [0mSelect Provider[0m
            [36m</label>[39m
            [36m<select[39m
              [33mclass[39m=[32m"w-full px-3 py-2 border border-gray-300 rounded-md focus:outline-none focus:ring-2 focus:ring-blue-500"[39m
              [33mid[39m=[32m"provider"[39m
              [33mtabindex[39m=[32m"0"[39m
            [36m>[39m
              [36m<option[39m
                [33mvalue[39m=[32m"anthropic"[39m
              [36m>[39m
                [0mAnthropic[0m
              [36m</option>[39m
              [36m<option[39m
                [33mvalue[39m=[32m"openai"[39m
              [36m>[39m
                [0mOpenAI[0m
              [36m</option>[39m
              [36m<option[39m
                [33mvalue[39m=[32m"zotero"[39m
              [36m>[39m
                [0mZotero[0m
              [36m</option>[39m
            [36m</select>[39m
          [36m</div>[39m
          [36m<div>[39m
            [36m<label[39m
              [33mclass[39m=[32m"block text-sm font-medium text-gray-700 mb-2"[39m
              [33mfor[39m=[32m"apiKey"[39m
            [36m>[39m
              [0mAPI Key[0m
            [36m</label>[39m
            [36m<input[39m
              [33mclass[39m=[32m"w-full px-3 py-2 border rounded-md focus:outline-none focus:ring-2 focus:ring-blue-500 border-gray-300"[39m
              [33mid[39m=[32m"apiKey"[39m
              [33mplaceholder[39m=[32m"Enter your API key..."[39m
              [33mtabindex[39m=[32m"0"[39m
              [33mtype[39m=[32m"password"[39m
              [33mvalue[39m=[32m"sk-ant-test-key"[39m
            [36m/>[39m
            [36m<p[39m
              [33mclass[39m=[32m"mt-1 text-sm text-blue-600"[39m
            [36m>[39m
              [0mEntering [0m
              [0mZotero[0m
              [0m API key...[0m
            [36m</p>[39m
          [36m</div>[39m
          [36m<div>[39m
            [36m<label[39m
              [33mclass[39m=[32m"block text-sm font-medium text-gray-700 mb-2"[39m
              [33mfor[39m=[32m"userId"[39m
            [36m>[39m
              [0mUser ID[0m
            [36m</label>[39m
            [36m<input[39m
              [33mclass[39m=[32m"w-full px-3 py-2 border border-gray-300 rounded-md focus:outline-none focus:ring-2 focus:ring-blue-500"[39m
              [33mid[39m=[32m"userId"[39m
              [33mplaceholder[39m=[32m"Enter your Zotero User ID..."[39m
              [33mtabindex[39m=[32m"0"[39m
              [33mtype[39m=[32m"text"[39m
              [33mvalue[39m=[32m"12345"[39m
            [36m/>[39m
          [36m</div>[39m
          [36m<div>[39m
            [36m<button[39m
              [33mclass[39m=[32m"w-full px-4 py-2 bg-blue-600 text-white rounded-md hover:bg-blue-700 disabled:bg-gray-400 disabled:cursor-not-allowed flex items-center justify-center"[39m
              [33mtabindex[39m=[32m"0"[39m
            [36m>[39m
              [0mTest API Key[0m
            [36m</button>[39m
          [36m</div>[39m
        [36m</div>[39m
      [36m</div>[39m
    [36m</div>[39m
  [36m</div>[39m
  [36m<div>[39m
    [36m<div[39m
      [33mclass[39m=[32m"max-w-2xl mx-auto p-6"[39m
    [36m>[39m
      [36m<div[39m
        [33mclass[39m=[32m"bg-white rounded-lg shadow-md p-6"[39m
      [36m>[39m
        [36m<h2[39m
          [33mclass[39m=[32m"text-2xl font-bold text-gray-900 mb-2"[39m
        [36m>[39m
          [0mAPI Key Testing[0m
        [36m</h2>[39m
        [36m<p[39m
          [33mclass[39m=[32m"text-gray-600 mb-6"[39m
        [36m>[39m
          [0mTest your API keys for connectivity and functionality[0m
        [36m</p>[39m
        [36m<div[39m
          [33mclass[39m=[32m"space-y-6"[39m
        [36m>[39m
          [36m<div>[39m
            [36m<label[39m
              [33mclass[39m=[32m"block text-sm font-medium text-gray-700 mb-2"[39m
              [33mfor[39m=[32m"provider"[39m
            [36m>[39m
              [0mSelect Provider[0m
            [36m</label>[39m
            [36m<select[39m
              [33mclass[39m=[32m"w-full px-3 py-2 border border-gray-300 rounded-md focus:outline-none focus:ring-2 focus:ring-blue-500"[39m
              [33mid[39m=[32m"provider"[39m
              [33mtabindex[39m=[32m"0"[39m
            [36m>[39m
              [36m<option[39m
                [33mvalue[39m=[32m"anthropic"[39m
              [36m>[39m
                [0mAnthropic[0m
              [36m</option>[39m
              [36m<option[39m
                [33mvalue[39m=[32m"openai"[39m
              [36m>[39m
                [0mOpenAI[0m
              [36m</option>[39m
              [36m<option[39m
                [33mvalue[39m=[32m"zotero"[39m
              [36m>[39m
                [0mZotero[0m
              [36m</option>[39m
            [36m</select>[39m
          [36m</div>[39m
          [36m<div>[39m
            [36m<label[39m
              [33mclass[39m=[32m"block text-sm font-medium text-gray-700 mb-2"[39m
              [33mfor[39m=[32m"apiKey"[39m
            [36m>[39m
              [0mAPI Key[0m
            [36m</label>[39m
            [36m<input[39m
              [33mclass[39m=[32m"w-full px-3 py-2 border rounded-md focus:outline-none focus:ring-2 focus:ring-blue-500 border-gray-300"[39m
              [33mid[39m=[32m"apiKey"[39m
              [33mplaceholder[39m=[32m"Enter your API key..."[39m
              [33mtabindex[39m=[32m"0"[39m
              [33mtype[39m=[32m"password"[39m
              [33mvalue[39m=[32m""[39m
            [36m/>[39m
          [36m</div>[39m
          [36m<div>[39m
            [36m<button[39m
              [33mclass[39m=[32m"w-full px-4 py-2 bg-blue-600 text-white rounded-md hover:bg-blue-700 disabled:bg-gray-400 disabled:cursor-not-allowed flex items-center justify-center"[39m
              ...
   × ApiKeyTester Component > Real-time Feedback Features > should show typing indicator when entering API key 8ms
     → Unable to find an element with the text: /entering anthropic api key.../i. This could be because the text is broken up by multiple elements. In this case, you can provide a function for your text matcher to make your matcher more flexible.

Ignored nodes: comments, script, style
[36m<body>[39m
  [36m<div>[39m
    [36m<div[39m
      [33mclass[39m=[32m"max-w-2xl mx-auto p-6"[39m
    [36m>[39m
      [36m<div[39m
        [33mclass[39m=[32m"bg-white rounded-lg shadow-md p-6"[39m
      [36m>[39m
        [36m<h2[39m
          [33mclass[39m=[32m"text-2xl font-bold text-gray-900 mb-2"[39m
        [36m>[39m
          [0mAPI Key Testing[0m
        [36m</h2>[39m
        [36m<p[39m
          [33mclass[39m=[32m"text-gray-600 mb-6"[39m
        [36m>[39m
          [0mTest your API keys for connectivity and functionality[0m
        [36m</p>[39m
        [36m<div[39m
          [33mclass[39m=[32m"space-y-6"[39m
        [36m>[39m
          [36m<div>[39m
            [36m<label[39m
              [33mclass[39m=[32m"block text-sm font-medium text-gray-700 mb-2"[39m
              [33mfor[39m=[32m"provider"[39m
            [36m>[39m
              [0mSelect Provider[0m
            [36m</label>[39m
            [36m<select[39m
              [33mclass[39m=[32m"w-full px-3 py-2 border border-gray-300 rounded-md focus:outline-none focus:ring-2 focus:ring-blue-500"[39m
              [33mid[39m=[32m"provider"[39m
              [33mtabindex[39m=[32m"0"[39m
            [36m>[39m
              [36m<option[39m
                [33mvalue[39m=[32m"anthropic"[39m
              [36m>[39m
                [0mAnthropic[0m
              [36m</option>[39m
              [36m<option[39m
                [33mvalue[39m=[32m"openai"[39m
              [36m>[39m
                [0mOpenAI[0m
              [36m</option>[39m
              [36m<option[39m
                [33mvalue[39m=[32m"zotero"[39m
              [36m>[39m
                [0mZotero[0m
              [36m</option>[39m
            [36m</select>[39m
          [36m</div>[39m
          [36m<div>[39m
            [36m<label[39m
              [33mclass[39m=[32m"block text-sm font-medium text-gray-700 mb-2"[39m
              [33mfor[39m=[32m"apiKey"[39m
            [36m>[39m
              [0mAPI Key[0m
            [36m</label>[39m
            [36m<input[39m
              [33mclass[39m=[32m"w-full px-3 py-2 border rounded-md focus:outline-none focus:ring-2 focus:ring-blue-500 border-gray-300"[39m
              [33mid[39m=[32m"apiKey"[39m
              [33mplaceholder[39m=[32m"Enter your API key..."[39m
              [33mtabindex[39m=[32m"0"[39m
              [33mtype[39m=[32m"password"[39m
              [33mvalue[39m=[32m"sk-ant-"[39m
            [36m/>[39m
            [36m<p[39m
              [33mclass[39m=[32m"mt-1 text-sm text-blue-600"[39m
            [36m>[39m
              [0mEntering [0m
              [0mZotero[0m
              [0m API key...[0m
            [36m</p>[39m
          [36m</div>[39m
          [36m<div>[39m
            [36m<label[39m
              [33mclass[39m=[32m"block text-sm font-medium text-gray-700 mb-2"[39m
              [33mfor[39m=[32m"userId"[39m
            [36m>[39m
              [0mUser ID[0m
            [36m</label>[39m
            [36m<input[39m
              [33mclass[39m=[32m"w-full px-3 py-2 border border-gray-300 rounded-md focus:outline-none focus:ring-2 focus:ring-blue-500"[39m
              [33mid[39m=[32m"userId"[39m
              [33mplaceholder[39m=[32m"Enter your Zotero User ID..."[39m
              [33mtabindex[39m=[32m"0"[39m
              [33mtype[39m=[32m"text"[39m
              [33mvalue[39m=[32m"12345"[39m
            [36m/>[39m
          [36m</div>[39m
          [36m<div>[39m
            [36m<button[39m
              [33mclass[39m=[32m"w-full px-4 py-2 bg-blue-600 text-white rounded-md hover:bg-blue-700 disabled:bg-gray-400 disabled:cursor-not-allowed flex items-center justify-center"[39m
              [33mtabindex[39m=[32m"0"[39m
            [36m>[39m
              [0mTest API Key[0m
            [36m</button>[39m
          [36m</div>[39m
        [36m</div>[39m
      [36m</div>[39m
    [36m</div>[39m
  [36m</div>[39m
  [36m<div>[39m
    [36m<div[39m
      [33mclass[39m=[32m"max-w-2xl mx-auto p-6"[39m
    [36m>[39m
      [36m<div[39m
        [33mclass[39m=[32m"bg-white rounded-lg shadow-md p-6"[39m
      [36m>[39m
        [36m<h2[39m
          [33mclass[39m=[32m"text-2xl font-bold text-gray-900 mb-2"[39m
        [36m>[39m
          [0mAPI Key Testing[0m
        [36m</h2>[39m
        [36m<p[39m
          [33mclass[39m=[32m"text-gray-600 mb-6"[39m
        [36m>[39m
          [0mTest your API keys for connectivity and functionality[0m
        [36m</p>[39m
        [36m<div[39m
          [33mclass[39m=[32m"space-y-6"[39m
        [36m>[39m
          [36m<div>[39m
            [36m<label[39m
              [33mclass[39m=[32m"block text-sm font-medium text-gray-700 mb-2"[39m
              [33mfor[39m=[32m"provider"[39m
            [36m>[39m
              [0mSelect Provider[0m
            [36m</label>[39m
            [36m<select[39m
              [33mclass[39m=[32m"w-full px-3 py-2 border border-gray-300 rounded-md focus:outline-none focus:ring-2 focus:ring-blue-500"[39m
              [33mid[39m=[32m"provider"[39m
              [33mtabindex[39m=[32m"0"[39m
            [36m>[39m
              [36m<option[39m
                [33mvalue[39m=[32m"anthropic"[39m
              [36m>[39m
                [0mAnthropic[0m
              [36m</option>[39m
              [36m<option[39m
                [33mvalue[39m=[32m"openai"[39m
              [36m>[39m
                [0mOpenAI[0m
              [36m</option>[39m
              [36m<option[39m
                [33mvalue[39m=[32m"zotero"[39m
              [36m>[39m
                [0mZotero[0m
              [36m</option>[39m
            [36m</select>[39m
          [36m</div>[39m
          [36m<div>[39m
            [36m<label[39m
              [33mclass[39m=[32m"block text-sm font-medium text-gray-700 mb-2"[39m
              [33mfor[39m=[32m"apiKey"[39m
            [36m>[39m
              [0mAPI Key[0m
            [36m</label>[39m
            [36m<input[39m
              [33mclass[39m=[32m"w-full px-3 py-2 border rounded-md focus:outline-none focus:ring-2 focus:ring-blue-500 border-gray-300"[39m
              [33mid[39m=[32m"apiKey"[39m
              [33mplaceholder[39m=[32m"Enter your API key..."[39m
              [33mtabindex[39m=[32m"0"[39m
              [33mtype[39m=[32m"password"[39m
              [33mvalue[39m=[32m""[39m
            [36m/>[39m
          [36m</div>[39m
          [36m<div>[39m
            [36m<button[39m
              [33mclass[39m=[32m"w-full px-4 py-2 bg-blue-600 text-white rounded-md hover:bg-blue-700 disabled:bg-gray-400 disabled:cursor-not-allowed flex items-center justify-center"[39m
              [33mdisa...
   × ApiKeyTester Component > Real-time Feedback Features > should show format validation in real-time 12ms
     → Unable to find an element with the text: /✗ invalid format/i. This could be because the text is broken up by multiple elements. In this case, you can provide a function for your text matcher to make your matcher more flexible.

Ignored nodes: comments, script, style
[36m<body>[39m
  [36m<div>[39m
    [36m<div[39m
      [33mclass[39m=[32m"max-w-2xl mx-auto p-6"[39m
    [36m>[39m
      [36m<div[39m
        [33mclass[39m=[32m"bg-white rounded-lg shadow-md p-6"[39m
      [36m>[39m
        [36m<h2[39m
          [33mclass[39m=[32m"text-2xl font-bold text-gray-900 mb-2"[39m
        [36m>[39m
          [0mAPI Key Testing[0m
        [36m</h2>[39m
        [36m<p[39m
          [33mclass[39m=[32m"text-gray-600 mb-6"[39m
        [36m>[39m
          [0mTest your API keys for connectivity and functionality[0m
        [36m</p>[39m
        [36m<div[39m
          [33mclass[39m=[32m"space-y-6"[39m
        [36m>[39m
          [36m<div>[39m
            [36m<label[39m
              [33mclass[39m=[32m"block text-sm font-medium text-gray-700 mb-2"[39m
              [33mfor[39m=[32m"provider"[39m
            [36m>[39m
              [0mSelect Provider[0m
            [36m</label>[39m
            [36m<select[39m
              [33mclass[39m=[32m"w-full px-3 py-2 border border-gray-300 rounded-md focus:outline-none focus:ring-2 focus:ring-blue-500"[39m
              [33mid[39m=[32m"provider"[39m
              [33mtabindex[39m=[32m"0"[39m
            [36m>[39m
              [36m<option[39m
                [33mvalue[39m=[32m"anthropic"[39m
              [36m>[39m
                [0mAnthropic[0m
              [36m</option>[39m
              [36m<option[39m
                [33mvalue[39m=[32m"openai"[39m
              [36m>[39m
                [0mOpenAI[0m
              [36m</option>[39m
              [36m<option[39m
                [33mvalue[39m=[32m"zotero"[39m
              [36m>[39m
                [0mZotero[0m
              [36m</option>[39m
            [36m</select>[39m
          [36m</div>[39m
          [36m<div>[39m
            [36m<label[39m
              [33mclass[39m=[32m"block text-sm font-medium text-gray-700 mb-2"[39m
              [33mfor[39m=[32m"apiKey"[39m
            [36m>[39m
              [0mAPI Key[0m
            [36m</label>[39m
            [36m<input[39m
              [33mclass[39m=[32m"w-full px-3 py-2 border rounded-md focus:outline-none focus:ring-2 focus:ring-blue-500 border-gray-300"[39m
              [33mid[39m=[32m"apiKey"[39m
              [33mplaceholder[39m=[32m"Enter your API key..."[39m
              [33mtabindex[39m=[32m"0"[39m
              [33mtype[39m=[32m"password"[39m
              [33mvalue[39m=[32m"invalid"[39m
            [36m/>[39m
            [36m<p[39m
              [33mclass[39m=[32m"mt-1 text-sm text-blue-600"[39m
            [36m>[39m
              [0mEntering [0m
              [0mZotero[0m
              [0m API key...[0m
            [36m</p>[39m
          [36m</div>[39m
          [36m<div>[39m
            [36m<label[39m
              [33mclass[39m=[32m"block text-sm font-medium text-gray-700 mb-2"[39m
              [33mfor[39m=[32m"userId"[39m
            [36m>[39m
              [0mUser ID[0m
            [36m</label>[39m
            [36m<input[39m
              [33mclass[39m=[32m"w-full px-3 py-2 border border-gray-300 rounded-md focus:outline-none focus:ring-2 focus:ring-blue-500"[39m
              [33mid[39m=[32m"userId"[39m
              [33mplaceholder[39m=[32m"Enter your Zotero User ID..."[39m
              [33mtabindex[39m=[32m"0"[39m
              [33mtype[39m=[32m"text"[39m
              [33mvalue[39m=[32m"12345"[39m
            [36m/>[39m
          [36m</div>[39m
          [36m<div>[39m
            [36m<button[39m
              [33mclass[39m=[32m"w-full px-4 py-2 bg-blue-600 text-white rounded-md hover:bg-blue-700 disabled:bg-gray-400 disabled:cursor-not-allowed flex items-center justify-center"[39m
              [33mtabindex[39m=[32m"0"[39m
            [36m>[39m
              [0mTest API Key[0m
            [36m</button>[39m
          [36m</div>[39m
        [36m</div>[39m
      [36m</div>[39m
    [36m</div>[39m
  [36m</div>[39m
  [36m<div>[39m
    [36m<div[39m
      [33mclass[39m=[32m"max-w-2xl mx-auto p-6"[39m
    [36m>[39m
      [36m<div[39m
        [33mclass[39m=[32m"bg-white rounded-lg shadow-md p-6"[39m
      [36m>[39m
        [36m<h2[39m
          [33mclass[39m=[32m"text-2xl font-bold text-gray-900 mb-2"[39m
        [36m>[39m
          [0mAPI Key Testing[0m
        [36m</h2>[39m
        [36m<p[39m
          [33mclass[39m=[32m"text-gray-600 mb-6"[39m
        [36m>[39m
          [0mTest your API keys for connectivity and functionality[0m
        [36m</p>[39m
        [36m<div[39m
          [33mclass[39m=[32m"space-y-6"[39m
        [36m>[39m
          [36m<div>[39m
            [36m<label[39m
              [33mclass[39m=[32m"block text-sm font-medium text-gray-700 mb-2"[39m
              [33mfor[39m=[32m"provider"[39m
            [36m>[39m
              [0mSelect Provider[0m
            [36m</label>[39m
            [36m<select[39m
              [33mclass[39m=[32m"w-full px-3 py-2 border border-gray-300 rounded-md focus:outline-none focus:ring-2 focus:ring-blue-500"[39m
              [33mid[39m=[32m"provider"[39m
              [33mtabindex[39m=[32m"0"[39m
            [36m>[39m
              [36m<option[39m
                [33mvalue[39m=[32m"anthropic"[39m
              [36m>[39m
                [0mAnthropic[0m
              [36m</option>[39m
              [36m<option[39m
                [33mvalue[39m=[32m"openai"[39m
              [36m>[39m
                [0mOpenAI[0m
              [36m</option>[39m
              [36m<option[39m
                [33mvalue[39m=[32m"zotero"[39m
              [36m>[39m
                [0mZotero[0m
              [36m</option>[39m
            [36m</select>[39m
          [36m</div>[39m
          [36m<div>[39m
            [36m<label[39m
              [33mclass[39m=[32m"block text-sm font-medium text-gray-700 mb-2"[39m
              [33mfor[39m=[32m"apiKey"[39m
            [36m>[39m
              [0mAPI Key[0m
            [36m</label>[39m
            [36m<input[39m
              [33mclass[39m=[32m"w-full px-3 py-2 border rounded-md focus:outline-none focus:ring-2 focus:ring-blue-500 border-gray-300"[39m
              [33mid[39m=[32m"apiKey"[39m
              [33mplaceholder[39m=[32m"Enter your API key..."[39m
              [33mtabindex[39m=[32m"0"[39m
              [33mtype[39m=[32m"password"[39m
              [33mvalue[39m=[32m""[39m
            [36m/>[39m
          [36m</div>[39m
          [36m<div>[39m
            [36m<button[39m
              [33mclass[39m=[32m"w-full px-4 py-2 bg-blue-600 text-white rounded-md hover:bg-blue-700 disabled:bg-gray-400 disabled:cursor-not-allowed flex items-center justify-center"[39m
              [33mdisa...
   × ApiKeyTester Component > Real-time Feedback Features > should show progress indicator during testing 25ms
     → Found multiple elements with the role "button" and name `/test api key/i`

Here are the matching elements:

Ignored nodes: comments, script, style
[36m<button[39m
  [33mclass[39m=[32m"w-full px-4 py-2 bg-blue-600 text-white rounded-md hover:bg-blue-700 disabled:bg-gray-400 disabled:cursor-not-allowed flex items-center justify-center"[39m
  [33mtabindex[39m=[32m"0"[39m
[36m>[39m
  [0mTest API Key[0m
[36m</button>[39m

Ignored nodes: comments, script, style
[36m<button[39m
  [33mclass[39m=[32m"w-full px-4 py-2 bg-blue-600 text-white rounded-md hover:bg-blue-700 disabled:bg-gray-400 disabled:cursor-not-allowed flex items-center justify-center"[39m
  [33mdisabled[39m=[32m""[39m
  [33mtabindex[39m=[32m"0"[39m
[36m>[39m
  [0mTest API Key[0m
[36m</button>[39m

Ignored nodes: comments, script, style
[36m<button[39m
  [33mclass[39m=[32m"w-full px-4 py-2 bg-blue-600 text-white rounded-md hover:bg-blue-700 disabled:bg-gray-400 disabled:cursor-not-allowed flex items-center justify-center"[39m
  [33mdisabled[39m=[32m""[39m
  [33mtabindex[39m=[32m"0"[39m
[36m>[39m
  [0mTest API Key[0m
[36m</button>[39m

Ignored nodes: comments, script, style
[36m<button[39m
  [33mclass[39m=[32m"w-full px-4 py-2 bg-blue-600 text-white rounded-md hover:bg-blue-700 disabled:bg-gray-400 disabled:cursor-not-allowed flex items-center justify-center"[39m
  [33mdisabled[39m=[32m""[39m
  [33mtabindex[39m=[32m"0"[39m
[36m>[39m
  [0mTest API Key[0m
[36m</button>[39m

Ignored nodes: comments, script, style
[36m<button[39m
  [33mclass[39m=[32m"w-full px-4 py-2 bg-blue-600 text-white rounded-md hover:bg-blue-700 disabled:bg-gray-400 disabled:cursor-not-allowed flex items-center justify-center"[39m
  [33mdisabled[39m=[32m""[39m
  [33mtabindex[39m=[32m"0"[39m
[36m>[39m
  [0mTest API Key[0m
[36m</button>[39m

Ignored nodes: comments, script, style
[36m<button[39m
  [33mclass[39m=[32m"w-full px-4 py-2 bg-blue-600 text-white rounded-md hover:bg-blue-700 disabled:bg-gray-400 disabled:cursor-not-allowed flex items-center justify-center"[39m
  [33mdisabled[39m=[32m""[39m
  [33mtabindex[39m=[32m"0"[39m
[36m>[39m
  [0mTest API Key[0m
[36m</button>[39m

Ignored nodes: comments, script, style
[36m<button[39m
  [33mclass[39m=[32m"w-full px-4 py-2 bg-blue-600 text-white rounded-md hover:bg-blue-700 disabled:bg-gray-400 disabled:cursor-not-allowed flex items-center justify-center"[39m
  [33mdisabled[39m=[32m""[39m
  [33mtabindex[39m=[32m"0"[39m
[36m>[39m
  [0mTest API Key[0m
[36m</button>[39m

Ignored nodes: comments, script, style
[36m<button[39m
  [33mclass[39m=[32m"w-full px-4 py-2 bg-blue-600 text-white rounded-md hover:bg-blue-700 disabled:bg-gray-400 disabled:cursor-not-allowed flex items-center justify-center"[39m
  [33mdisabled[39m=[32m""[39m
  [33mtabindex[39m=[32m"0"[39m
[36m>[39m
  [0mTest API Key[0m
[36m</button>[39m

Ignored nodes: comments, script, style
[36m<button[39m
  [33mclass[39m=[32m"w-full px-4 py-2 bg-blue-600 text-white rounded-md hover:bg-blue-700 disabled:bg-gray-400 disabled:cursor-not-allowed flex items-center justify-center"[39m
  [33mdisabled[39m=[32m""[39m
  [33mtabindex[39m=[32m"0"[39m
[36m>[39m
  [0mTest API Key[0m
[36m</button>[39m

Ignored nodes: comments, script, style
[36m<button[39m
  [33mclass[39m=[32m"w-full px-4 py-2 bg-blue-600 text-white rounded-md hover:bg-blue-700 disabled:bg-gray-400 disabled:cursor-not-allowed flex items-center justify-center"[39m
  [33mdisabled[39m=[32m""[39m
  [33mtabindex[39m=[32m"0"[39m
[36m>[39m
  [0mTest API Key[0m
[36m</button>[39m

Ignored nodes: comments, script, style
[36m<button[39m
  [33mclass[39m=[32m"w-full px-4 py-2 bg-blue-600 text-white rounded-md hover:bg-blue-700 disabled:bg-gray-400 disabled:cursor-not-allowed flex items-center justify-center"[39m
  [33mdisabled[39m=[32m""[39m
  [33mtabindex[39m=[32m"0"[39m
[36m>[39m
  [0mTest API Key[0m
[36m</button>[39m

Ignored nodes: comments, script, style
[36m<button[39m
  [33mclass[39m=[32m"w-full px-4 py-2 bg-blue-600 text-white rounded-md hover:bg-blue-700 disabled:bg-gray-400 disabled:cursor-not-allowed flex items-center justify-center"[39m
  [33mdisabled[39m=[32m""[39m
  [33mtabindex[39m=[32m"0"[39m
[36m>[39m
  [0mTest API Key[0m
[36m</button>[39m

Ignored nodes: comments, script, style
[36m<button[39m
  [33mclass[39m=[32m"w-full px-4 py-2 bg-blue-600 text-white rounded-md hover:bg-blue-700 disabled:bg-gray-400 disabled:cursor-not-allowed flex items-center justify-center"[39m
  [33mdisabled[39m=[32m""[39m
  [33mtabindex[39m=[32m"0"[39m
[36m>[39m
  [0mTest API Key[0m
[36m</button>[39m

Ignored nodes: comments, script, style
[36m<button[39m
  [33mclass[39m=[32m"w-full px-4 py-2 bg-blue-600 text-white rounded-md hover:bg-blue-700 disabled:bg-gray-400 disabled:cursor-not-allowed flex items-center justify-center"[39m
  [33mdisabled[39m=[32m""[39m
  [33mtabindex[39m=[32m"0"[39m
[36m>[39m
  [0mTest API Key[0m
[36m</button>[39m

Ignored nodes: comments, script, style
[36m<button[39m
  [33mclass[39m=[32m"w-full px-4 py-2 bg-blue-600 text-white rounded-md hover:bg-blue-700 disabled:bg-gray-400 disabled:cursor-not-allowed flex items-center justify-center"[39m
  [33mdisabled[39m=[32m""[39m
  [33mtabindex[39m=[32m"0"[39m
[36m>[39m
  [0mTest API Key[0m
[36m</button>[39m

Ignored nodes: comments, script, style
[36m<button[39m
  [33mclass[39m=[32m"w-full px-4 py-2 bg-blue-600 text-white rounded-md hover:bg-blue-700 disabled:bg-gray-400 disabled:cursor-not-allowed flex items-center justify-center"[39m
  [33mdisabled[39m=[32m""[39m
  [33mtabindex[39m=[32m"0"[39m
[36m>[39m
  [0mTest API Key[0m
[36m</button>[39m

Ignored nodes: comments, script, style
[36m<button[39m
  [33mclass[39m=[32m"w-full px-4 py-2 bg-blue-600 text-white rounded-md hover:bg-blue-700 disabled:bg-gray-400 disabled:cursor-not-allowed flex items-center justify-center"[39m
  [33mdisabled[39m=[32m""[39m
  [33mtabindex[39m=[32m"0"[39m
[36m>[39m
  [0mTest API Key[0m
[36m</button>[39m

(If this is intentional, then use the `*AllBy*` variant of the query (like `queryAllByText`, `getAllByText`, or `findAllByText`)).

Ignored nodes: comments, script, style
[36m<body>[39m
  [36m<div>[39m
    [36m<div[39m
      [33mclass[39m=[32m"max-w-2xl mx-auto p-6"[39m
    [36m>[39m
      [36m<div[39m
        [33mclass[39m=[32m"bg-white rounded-lg shadow-md p-6"[39m
      [36m>[39m
        [36m<h2[39m
          [33mclass[39m=[32m"text-2xl font-bold text-gray-900 mb-2"[39m
        [36m>[39m
          [0mAPI Key Testing[0m
        [36m</h2>[39m
        [36m<p[39m
          [33mclass[39m=[32m"text-gray-600 mb-6"[39m
        [36m>[39m
          [0mTest your API keys for connectivity and functionality[0m
        [36m</p>[39m
        [36m<div[39m
          [33mclass[39m=[32m"space-y-6"[39m
        [36m>[39m
          [36m<div>[39m
            [36m<label[39m
              [33mclass[39m=[32m"block text-sm font-medium text-gray-700 mb-2"[39m
              [33mfor[39m=[32m"provider"[39m
            [36m>[39m
              [0mSelect Provider[0m
            [36m</label>[39m
            [36m<select[39m
              [33mclass[39m=[32m"w-full px-3 py-2 border border-gray-300 rounded-md focus:outline-none focus:ring-2 focus:ring-blue-500"[39m
              [33mid[39m=[32m"provider"[39m
              [33mtabindex[39m=[32m"0"[39m
            [36m>[39m
              [36m<option[39m
                [33mvalue[39m=[32m"anthropic"[39m
              [36m>[39m
                [0mAnthropic[0m
              [36m</option>[39m
              [36m<option[39m
                [33mvalue[39m=[32m"openai"[39m
              [36m>[39m
                [0mOpenAI[0m
              [36m</option>[39m
              [36m<option[39m
                [33mvalue[39m=[32m"zotero"[39m
              [36m>[39m
                [0mZotero[0m
              [36m</option>[39m
            [36m</select>[39m
          [36m</div>[39m
          [36m<div>[39m
            [36m<label[39m
              [33mclass[39m=[32m"block text-sm font-medium text-gray-700 mb-2"[39m
              [33mfor[39m=[32m"apiKey"[39m
            [36m>[39m
              [0mAPI Key[0m
            [36m</label>[39m
            [36m<input[39m
              [33mclass[39m=[32m"w-full px-3 py-2 border rounded-md focus:outline-none focus:ring-2 focus:ring-blue-500 border-gray-300"[39m
              [33mid[39m=[32m"apiKey"[39m
              [33mplaceholder[39m=[32m"Enter your API key..."[39m
              [33mtabindex[39m=[32m"0"[39m
              [33mtype[39m=[32m"password"[39m
              [33mvalue[39m=[32m"sk-ant-test-key"[39m
            [36m/>[39m
            [36m<p[39m
              [33mclass[39m=[32m"mt-1 text-sm text-blue-600"[39m
            [36m>[39m
              [0mEntering [0m
              [0mZotero[0m
              [0m API key...[0m
            [36m</p>[39m
          [36m</div>[39m
          [36m<div>[39m
            [36m<label[39m
              [33mclass[39m=[32m"block text-sm font-medium text-gray-700 mb-2"[39m
              [33mfor[39m=[32m"userId"[39m
            [36m>[39m
              [0mUser ID[0m
            [36m</label>[39m
            [36m<input[39m
              [33mclass[39m=[32m"w-full px-3 py-2 border border-gray-300 rounded-md focus:outline-none focus:ring-2 focus:ring-blue-500"[39m
              [33mid[39m=[32m"userId"[39m
              [33mplaceholder[39m=[32m"Enter your Zotero User ID..."[39m
              [33mtabindex[39m=[32m"0"[39m
              [33mtype[39m=[32m"text"[39m
              [33mvalue[39m=[32m"12345"[39m
            [36m/>[39m
          [36m</div>[39m
          [36m<div>[39m
            [36m<button[39m
              [33mclass[39m=[32m"w-full px-4 py-2 bg-blue-600 text-white rounded-md hover:bg-blue-700 disabled:bg-gray-400 disabled:cursor-not-allowed flex items-center justify-center"[39m
              [33mtabindex[39m=[32m"0"[39m
            [36m>[39m
              [0mTest API Key[0m
            [36m</button>[39m
          [36m</div>[39m
        [36m</div>[39m
      [36m</div>[39m
    [36m</div>[39m
  [36m</div>[39m
  [36m<div>[39m
    [36m<div[39m
      [33mclass[39m=[32m"max-w-2xl mx-auto p-6"[39m
    [36m>[39m
      [36m<div[39m
        [33mclass[39m=[32m"bg-white rounded-lg shadow-md p-6"[39m
      [36m>[39m
        [36m<h2[39m
          [33mclass[39m=[32m"text-2xl font-bold text-gray-900 mb-2"[39m
        [36m>[39m
          [0mAPI Key Testing[0m
        [36m</h2>[39m
        [36m<p[39m
          [33mclass[39m=[32m"text-gray-600 mb-6"[39m
        [36m>[39m
          [0mTest your API keys for connectivity and functionality[0m
        [36m</p>[39m
        [36m<div[39m
          [33mclass[39m=[32m"space-y-6"[39m
        [36m>[39m
          [36m<div>[39m
            [36m<label[39m
              [33mclass[39m=[32m"block text-sm font-medium text-gray-700 mb-2"[39m
              [33mfor[39m=[32m"provider"[39m
            [36m>[39m
              [0mSelect Provider[0m
            [36m</label>[39m
            [36m<select[39m
              [33mclass[39m=[32m"w-full px-3 py-2 border border-gray-300 rounded-md focus:outline-none focus:ring-2 focus:ring-blue-500"[39m
              [33mid[39m=[32m"provider"[39m
              [33mtabindex[39m=[32m"0"[39m
            [36m>[39m
              [36m<option[39m
                [33mvalue[39m=[32m"anthropic"[39m
              [36m>[39m
                [0mAnthropic[0m
              [36m</option>[39m
              [36m<option[39m
                [33mvalue[39m=[32m"openai"[39m
              [36m>[39m
                [0mOpenAI[0m
              [36m</option>[39m
              [36m<option[39m
                [33mvalue[39m=[32m"zotero"[39m
              [36m>[39m
                [0mZotero[0m
              [36m</option>[39m
            [36m</select>[39m
          [36m</div>[39m
          [36m<div>[39m
            [36m<label[39m
              [33mclass[39m=[32m"block text-sm font-medium text-gray-700 mb-2"[39m
              [33mfor[39m=[32m"apiKey"[39m
            [36m>[39m
              [0mAPI Key[0m
            [36m</label>[39m
            [36m<input[39m
              [33mclass[39m=[32m"w-full px-3 py-2 border rounded-md focus:outline-none focus:ring-2 focus:ring-blue-500 border-gray-300"[39m
              [33mid[39m=[32m"apiKey"[39m
              [33mplaceholder[39m=[32m"Enter your API key..."[39m
              [33mtabindex[39m=[32m"0"[39m
              [33mtype[39m=[32m"password"[39m
              [33mvalue[39m=[32m""[39m
            [36m/>[39m
          [36m</div>[39m
          [36m<div>[39m
            [36m<button[39m
              [33mclass[39m=[32m"w-full px-4 py-2 bg-blue-600 text-white rounded-md hover:bg-blue-700 disabled:bg-gray-400 disabled:cursor-not-allowed flex items-center justify-center"[39m
              ...
   × ApiKeyTester Component > Real-time Feedback Features > should provide detailed status information 28ms
     → Found multiple elements with the role "button" and name `/test api key/i`

Here are the matching elements:

Ignored nodes: comments, script, style
[36m<button[39m
  [33mclass[39m=[32m"w-full px-4 py-2 bg-blue-600 text-white rounded-md hover:bg-blue-700 disabled:bg-gray-400 disabled:cursor-not-allowed flex items-center justify-center"[39m
  [33mtabindex[39m=[32m"0"[39m
[36m>[39m
  [0mTest API Key[0m
[36m</button>[39m

Ignored nodes: comments, script, style
[36m<button[39m
  [33mclass[39m=[32m"w-full px-4 py-2 bg-blue-600 text-white rounded-md hover:bg-blue-700 disabled:bg-gray-400 disabled:cursor-not-allowed flex items-center justify-center"[39m
  [33mdisabled[39m=[32m""[39m
  [33mtabindex[39m=[32m"0"[39m
[36m>[39m
  [0mTest API Key[0m
[36m</button>[39m

Ignored nodes: comments, script, style
[36m<button[39m
  [33mclass[39m=[32m"w-full px-4 py-2 bg-blue-600 text-white rounded-md hover:bg-blue-700 disabled:bg-gray-400 disabled:cursor-not-allowed flex items-center justify-center"[39m
  [33mdisabled[39m=[32m""[39m
  [33mtabindex[39m=[32m"0"[39m
[36m>[39m
  [0mTest API Key[0m
[36m</button>[39m

Ignored nodes: comments, script, style
[36m<button[39m
  [33mclass[39m=[32m"w-full px-4 py-2 bg-blue-600 text-white rounded-md hover:bg-blue-700 disabled:bg-gray-400 disabled:cursor-not-allowed flex items-center justify-center"[39m
  [33mdisabled[39m=[32m""[39m
  [33mtabindex[39m=[32m"0"[39m
[36m>[39m
  [0mTest API Key[0m
[36m</button>[39m

Ignored nodes: comments, script, style
[36m<button[39m
  [33mclass[39m=[32m"w-full px-4 py-2 bg-blue-600 text-white rounded-md hover:bg-blue-700 disabled:bg-gray-400 disabled:cursor-not-allowed flex items-center justify-center"[39m
  [33mdisabled[39m=[32m""[39m
  [33mtabindex[39m=[32m"0"[39m
[36m>[39m
  [0mTest API Key[0m
[36m</button>[39m

Ignored nodes: comments, script, style
[36m<button[39m
  [33mclass[39m=[32m"w-full px-4 py-2 bg-blue-600 text-white rounded-md hover:bg-blue-700 disabled:bg-gray-400 disabled:cursor-not-allowed flex items-center justify-center"[39m
  [33mdisabled[39m=[32m""[39m
  [33mtabindex[39m=[32m"0"[39m
[36m>[39m
  [0mTest API Key[0m
[36m</button>[39m

Ignored nodes: comments, script, style
[36m<button[39m
  [33mclass[39m=[32m"w-full px-4 py-2 bg-blue-600 text-white rounded-md hover:bg-blue-700 disabled:bg-gray-400 disabled:cursor-not-allowed flex items-center justify-center"[39m
  [33mdisabled[39m=[32m""[39m
  [33mtabindex[39m=[32m"0"[39m
[36m>[39m
  [0mTest API Key[0m
[36m</button>[39m

Ignored nodes: comments, script, style
[36m<button[39m
  [33mclass[39m=[32m"w-full px-4 py-2 bg-blue-600 text-white rounded-md hover:bg-blue-700 disabled:bg-gray-400 disabled:cursor-not-allowed flex items-center justify-center"[39m
  [33mdisabled[39m=[32m""[39m
  [33mtabindex[39m=[32m"0"[39m
[36m>[39m
  [0mTest API Key[0m
[36m</button>[39m

Ignored nodes: comments, script, style
[36m<button[39m
  [33mclass[39m=[32m"w-full px-4 py-2 bg-blue-600 text-white rounded-md hover:bg-blue-700 disabled:bg-gray-400 disabled:cursor-not-allowed flex items-center justify-center"[39m
  [33mdisabled[39m=[32m""[39m
  [33mtabindex[39m=[32m"0"[39m
[36m>[39m
  [0mTest API Key[0m
[36m</button>[39m

Ignored nodes: comments, script, style
[36m<button[39m
  [33mclass[39m=[32m"w-full px-4 py-2 bg-blue-600 text-white rounded-md hover:bg-blue-700 disabled:bg-gray-400 disabled:cursor-not-allowed flex items-center justify-center"[39m
  [33mdisabled[39m=[32m""[39m
  [33mtabindex[39m=[32m"0"[39m
[36m>[39m
  [0mTest API Key[0m
[36m</button>[39m

Ignored nodes: comments, script, style
[36m<button[39m
  [33mclass[39m=[32m"w-full px-4 py-2 bg-blue-600 text-white rounded-md hover:bg-blue-700 disabled:bg-gray-400 disabled:cursor-not-allowed flex items-center justify-center"[39m
  [33mdisabled[39m=[32m""[39m
  [33mtabindex[39m=[32m"0"[39m
[36m>[39m
  [0mTest API Key[0m
[36m</button>[39m

Ignored nodes: comments, script, style
[36m<button[39m
  [33mclass[39m=[32m"w-full px-4 py-2 bg-blue-600 text-white rounded-md hover:bg-blue-700 disabled:bg-gray-400 disabled:cursor-not-allowed flex items-center justify-center"[39m
  [33mdisabled[39m=[32m""[39m
  [33mtabindex[39m=[32m"0"[39m
[36m>[39m
  [0mTest API Key[0m
[36m</button>[39m

Ignored nodes: comments, script, style
[36m<button[39m
  [33mclass[39m=[32m"w-full px-4 py-2 bg-blue-600 text-white rounded-md hover:bg-blue-700 disabled:bg-gray-400 disabled:cursor-not-allowed flex items-center justify-center"[39m
  [33mdisabled[39m=[32m""[39m
  [33mtabindex[39m=[32m"0"[39m
[36m>[39m
  [0mTest API Key[0m
[36m</button>[39m

Ignored nodes: comments, script, style
[36m<button[39m
  [33mclass[39m=[32m"w-full px-4 py-2 bg-blue-600 text-white rounded-md hover:bg-blue-700 disabled:bg-gray-400 disabled:cursor-not-allowed flex items-center justify-center"[39m
  [33mdisabled[39m=[32m""[39m
  [33mtabindex[39m=[32m"0"[39m
[36m>[39m
  [0mTest API Key[0m
[36m</button>[39m

Ignored nodes: comments, script, style
[36m<button[39m
  [33mclass[39m=[32m"w-full px-4 py-2 bg-blue-600 text-white rounded-md hover:bg-blue-700 disabled:bg-gray-400 disabled:cursor-not-allowed flex items-center justify-center"[39m
  [33mdisabled[39m=[32m""[39m
  [33mtabindex[39m=[32m"0"[39m
[36m>[39m
  [0mTest API Key[0m
[36m</button>[39m

Ignored nodes: comments, script, style
[36m<button[39m
  [33mclass[39m=[32m"w-full px-4 py-2 bg-blue-600 text-white rounded-md hover:bg-blue-700 disabled:bg-gray-400 disabled:cursor-not-allowed flex items-center justify-center"[39m
  [33mdisabled[39m=[32m""[39m
  [33mtabindex[39m=[32m"0"[39m
[36m>[39m
  [0mTest API Key[0m
[36m</button>[39m

Ignored nodes: comments, script, style
[36m<button[39m
  [33mclass[39m=[32m"w-full px-4 py-2 bg-blue-600 text-white rounded-md hover:bg-blue-700 disabled:bg-gray-400 disabled:cursor-not-allowed flex items-center justify-center"[39m
  [33mdisabled[39m=[32m""[39m
  [33mtabindex[39m=[32m"0"[39m
[36m>[39m
  [0mTest API Key[0m
[36m</button>[39m

Ignored nodes: comments, script, style
[36m<button[39m
  [33mclass[39m=[32m"w-full px-4 py-2 bg-blue-600 text-white rounded-md hover:bg-blue-700 disabled:bg-gray-400 disabled:cursor-not-allowed flex items-center justify-center"[39m
  [33mdisabled[39m=[32m""[39m
  [33mtabindex[39m=[32m"0"[39m
[36m>[39m
  [0mTest API Key[0m
[36m</button>[39m

(If this is intentional, then use the `*AllBy*` variant of the query (like `queryAllByText`, `getAllByText`, or `findAllByText`)).

Ignored nodes: comments, script, style
[36m<body>[39m
  [36m<div>[39m
    [36m<div[39m
      [33mclass[39m=[32m"max-w-2xl mx-auto p-6"[39m
    [36m>[39m
      [36m<div[39m
        [33mclass[39m=[32m"bg-white rounded-lg shadow-md p-6"[39m
      [36m>[39m
        [36m<h2[39m
          [33mclass[39m=[32m"text-2xl font-bold text-gray-900 mb-2"[39m
        [36m>[39m
          [0mAPI Key Testing[0m
        [36m</h2>[39m
        [36m<p[39m
          [33mclass[39m=[32m"text-gray-600 mb-6"[39m
        [36m>[39m
          [0mTest your API keys for connectivity and functionality[0m
        [36m</p>[39m
        [36m<div[39m
          [33mclass[39m=[32m"space-y-6"[39m
        [36m>[39m
          [36m<div>[39m
            [36m<label[39m
              [33mclass[39m=[32m"block text-sm font-medium text-gray-700 mb-2"[39m
              [33mfor[39m=[32m"provider"[39m
            [36m>[39m
              [0mSelect Provider[0m
            [36m</label>[39m
            [36m<select[39m
              [33mclass[39m=[32m"w-full px-3 py-2 border border-gray-300 rounded-md focus:outline-none focus:ring-2 focus:ring-blue-500"[39m
              [33mid[39m=[32m"provider"[39m
              [33mtabindex[39m=[32m"0"[39m
            [36m>[39m
              [36m<option[39m
                [33mvalue[39m=[32m"anthropic"[39m
              [36m>[39m
                [0mAnthropic[0m
              [36m</option>[39m
              [36m<option[39m
                [33mvalue[39m=[32m"openai"[39m
              [36m>[39m
                [0mOpenAI[0m
              [36m</option>[39m
              [36m<option[39m
                [33mvalue[39m=[32m"zotero"[39m
              [36m>[39m
                [0mZotero[0m
              [36m</option>[39m
            [36m</select>[39m
          [36m</div>[39m
          [36m<div>[39m
            [36m<label[39m
              [33mclass[39m=[32m"block text-sm font-medium text-gray-700 mb-2"[39m
              [33mfor[39m=[32m"apiKey"[39m
            [36m>[39m
              [0mAPI Key[0m
            [36m</label>[39m
            [36m<input[39m
              [33mclass[39m=[32m"w-full px-3 py-2 border rounded-md focus:outline-none focus:ring-2 focus:ring-blue-500 border-gray-300"[39m
              [33mid[39m=[32m"apiKey"[39m
              [33mplaceholder[39m=[32m"Enter your API key..."[39m
              [33mtabindex[39m=[32m"0"[39m
              [33mtype[39m=[32m"password"[39m
              [33mvalue[39m=[32m"sk-ant-test-key"[39m
            [36m/>[39m
            [36m<p[39m
              [33mclass[39m=[32m"mt-1 text-sm text-blue-600"[39m
            [36m>[39m
              [0mEntering [0m
              [0mZotero[0m
              [0m API key...[0m
            [36m</p>[39m
          [36m</div>[39m
          [36m<div>[39m
            [36m<label[39m
              [33mclass[39m=[32m"block text-sm font-medium text-gray-700 mb-2"[39m
              [33mfor[39m=[32m"userId"[39m
            [36m>[39m
              [0mUser ID[0m
            [36m</label>[39m
            [36m<input[39m
              [33mclass[39m=[32m"w-full px-3 py-2 border border-gray-300 rounded-md focus:outline-none focus:ring-2 focus:ring-blue-500"[39m
              [33mid[39m=[32m"userId"[39m
              [33mplaceholder[39m=[32m"Enter your Zotero User ID..."[39m
              [33mtabindex[39m=[32m"0"[39m
              [33mtype[39m=[32m"text"[39m
              [33mvalue[39m=[32m"12345"[39m
            [36m/>[39m
          [36m</div>[39m
          [36m<div>[39m
            [36m<button[39m
              [33mclass[39m=[32m"w-full px-4 py-2 bg-blue-600 text-white rounded-md hover:bg-blue-700 disabled:bg-gray-400 disabled:cursor-not-allowed flex items-center justify-center"[39m
              [33mtabindex[39m=[32m"0"[39m
            [36m>[39m
              [0mTest API Key[0m
            [36m</button>[39m
          [36m</div>[39m
        [36m</div>[39m
      [36m</div>[39m
    [36m</div>[39m
  [36m</div>[39m
  [36m<div>[39m
    [36m<div[39m
      [33mclass[39m=[32m"max-w-2xl mx-auto p-6"[39m
    [36m>[39m
      [36m<div[39m
        [33mclass[39m=[32m"bg-white rounded-lg shadow-md p-6"[39m
      [36m>[39m
        [36m<h2[39m
          [33mclass[39m=[32m"text-2xl font-bold text-gray-900 mb-2"[39m
        [36m>[39m
          [0mAPI Key Testing[0m
        [36m</h2>[39m
        [36m<p[39m
          [33mclass[39m=[32m"text-gray-600 mb-6"[39m
        [36m>[39m
          [0mTest your API keys for connectivity and functionality[0m
        [36m</p>[39m
        [36m<div[39m
          [33mclass[39m=[32m"space-y-6"[39m
        [36m>[39m
          [36m<div>[39m
            [36m<label[39m
              [33mclass[39m=[32m"block text-sm font-medium text-gray-700 mb-2"[39m
              [33mfor[39m=[32m"provider"[39m
            [36m>[39m
              [0mSelect Provider[0m
            [36m</label>[39m
            [36m<select[39m
              [33mclass[39m=[32m"w-full px-3 py-2 border border-gray-300 rounded-md focus:outline-none focus:ring-2 focus:ring-blue-500"[39m
              [33mid[39m=[32m"provider"[39m
              [33mtabindex[39m=[32m"0"[39m
            [36m>[39m
              [36m<option[39m
                [33mvalue[39m=[32m"anthropic"[39m
              [36m>[39m
                [0mAnthropic[0m
              [36m</option>[39m
              [36m<option[39m
                [33mvalue[39m=[32m"openai"[39m
              [36m>[39m
                [0mOpenAI[0m
              [36m</option>[39m
              [36m<option[39m
                [33mvalue[39m=[32m"zotero"[39m
              [36m>[39m
                [0mZotero[0m
              [36m</option>[39m
            [36m</select>[39m
          [36m</div>[39m
          [36m<div>[39m
            [36m<label[39m
              [33mclass[39m=[32m"block text-sm font-medium text-gray-700 mb-2"[39m
              [33mfor[39m=[32m"apiKey"[39m
            [36m>[39m
              [0mAPI Key[0m
            [36m</label>[39m
            [36m<input[39m
              [33mclass[39m=[32m"w-full px-3 py-2 border rounded-md focus:outline-none focus:ring-2 focus:ring-blue-500 border-gray-300"[39m
              [33mid[39m=[32m"apiKey"[39m
              [33mplaceholder[39m=[32m"Enter your API key..."[39m
              [33mtabindex[39m=[32m"0"[39m
              [33mtype[39m=[32m"password"[39m
              [33mvalue[39m=[32m""[39m
            [36m/>[39m
          [36m</div>[39m
          [36m<div>[39m
            [36m<button[39m
              [33mclass[39m=[32m"w-full px-4 py-2 bg-blue-600 text-white rounded-md hover:bg-blue-700 disabled:bg-gray-400 disabled:cursor-not-allowed flex items-center justify-center"[39m
              ...
   × ApiKeyTester Component > Accessibility > should have proper ARIA labels 80ms
     → Found multiple elements with the role "button" and name `/test api key/i`

Here are the matching elements:

Ignored nodes: comments, script, style
[36m<button[39m
  [33mclass[39m=[32m"w-full px-4 py-2 bg-blue-600 text-white rounded-md hover:bg-blue-700 disabled:bg-gray-400 disabled:cursor-not-allowed flex items-center justify-center"[39m
  [33mtabindex[39m=[32m"0"[39m
[36m>[39m
  [0mTest API Key[0m
[36m</button>[39m

Ignored nodes: comments, script, style
[36m<button[39m
  [33mclass[39m=[32m"w-full px-4 py-2 bg-blue-600 text-white rounded-md hover:bg-blue-700 disabled:bg-gray-400 disabled:cursor-not-allowed flex items-center justify-center"[39m
  [33mdisabled[39m=[32m""[39m
  [33mtabindex[39m=[32m"0"[39m
[36m>[39m
  [0mTest API Key[0m
[36m</button>[39m

Ignored nodes: comments, script, style
[36m<button[39m
  [33mclass[39m=[32m"w-full px-4 py-2 bg-blue-600 text-white rounded-md hover:bg-blue-700 disabled:bg-gray-400 disabled:cursor-not-allowed flex items-center justify-center"[39m
  [33mdisabled[39m=[32m""[39m
  [33mtabindex[39m=[32m"0"[39m
[36m>[39m
  [0mTest API Key[0m
[36m</button>[39m

Ignored nodes: comments, script, style
[36m<button[39m
  [33mclass[39m=[32m"w-full px-4 py-2 bg-blue-600 text-white rounded-md hover:bg-blue-700 disabled:bg-gray-400 disabled:cursor-not-allowed flex items-center justify-center"[39m
  [33mdisabled[39m=[32m""[39m
  [33mtabindex[39m=[32m"0"[39m
[36m>[39m
  [0mTest API Key[0m
[36m</button>[39m

Ignored nodes: comments, script, style
[36m<button[39m
  [33mclass[39m=[32m"w-full px-4 py-2 bg-blue-600 text-white rounded-md hover:bg-blue-700 disabled:bg-gray-400 disabled:cursor-not-allowed flex items-center justify-center"[39m
  [33mdisabled[39m=[32m""[39m
  [33mtabindex[39m=[32m"0"[39m
[36m>[39m
  [0mTest API Key[0m
[36m</button>[39m

Ignored nodes: comments, script, style
[36m<button[39m
  [33mclass[39m=[32m"w-full px-4 py-2 bg-blue-600 text-white rounded-md hover:bg-blue-700 disabled:bg-gray-400 disabled:cursor-not-allowed flex items-center justify-center"[39m
  [33mdisabled[39m=[32m""[39m
  [33mtabindex[39m=[32m"0"[39m
[36m>[39m
  [0mTest API Key[0m
[36m</button>[39m

Ignored nodes: comments, script, style
[36m<button[39m
  [33mclass[39m=[32m"w-full px-4 py-2 bg-blue-600 text-white rounded-md hover:bg-blue-700 disabled:bg-gray-400 disabled:cursor-not-allowed flex items-center justify-center"[39m
  [33mdisabled[39m=[32m""[39m
  [33mtabindex[39m=[32m"0"[39m
[36m>[39m
  [0mTest API Key[0m
[36m</button>[39m

Ignored nodes: comments, script, style
[36m<button[39m
  [33mclass[39m=[32m"w-full px-4 py-2 bg-blue-600 text-white rounded-md hover:bg-blue-700 disabled:bg-gray-400 disabled:cursor-not-allowed flex items-center justify-center"[39m
  [33mdisabled[39m=[32m""[39m
  [33mtabindex[39m=[32m"0"[39m
[36m>[39m
  [0mTest API Key[0m
[36m</button>[39m

Ignored nodes: comments, script, style
[36m<button[39m
  [33mclass[39m=[32m"w-full px-4 py-2 bg-blue-600 text-white rounded-md hover:bg-blue-700 disabled:bg-gray-400 disabled:cursor-not-allowed flex items-center justify-center"[39m
  [33mdisabled[39m=[32m""[39m
  [33mtabindex[39m=[32m"0"[39m
[36m>[39m
  [0mTest API Key[0m
[36m</button>[39m

Ignored nodes: comments, script, style
[36m<button[39m
  [33mclass[39m=[32m"w-full px-4 py-2 bg-blue-600 text-white rounded-md hover:bg-blue-700 disabled:bg-gray-400 disabled:cursor-not-allowed flex items-center justify-center"[39m
  [33mdisabled[39m=[32m""[39m
  [33mtabindex[39m=[32m"0"[39m
[36m>[39m
  [0mTest API Key[0m
[36m</button>[39m

Ignored nodes: comments, script, style
[36m<button[39m
  [33mclass[39m=[32m"w-full px-4 py-2 bg-blue-600 text-white rounded-md hover:bg-blue-700 disabled:bg-gray-400 disabled:cursor-not-allowed flex items-center justify-center"[39m
  [33mdisabled[39m=[32m""[39m
  [33mtabindex[39m=[32m"0"[39m
[36m>[39m
  [0mTest API Key[0m
[36m</button>[39m

Ignored nodes: comments, script, style
[36m<button[39m
  [33mclass[39m=[32m"w-full px-4 py-2 bg-blue-600 text-white rounded-md hover:bg-blue-700 disabled:bg-gray-400 disabled:cursor-not-allowed flex items-center justify-center"[39m
  [33mdisabled[39m=[32m""[39m
  [33mtabindex[39m=[32m"0"[39m
[36m>[39m
  [0mTest API Key[0m
[36m</button>[39m

Ignored nodes: comments, script, style
[36m<button[39m
  [33mclass[39m=[32m"w-full px-4 py-2 bg-blue-600 text-white rounded-md hover:bg-blue-700 disabled:bg-gray-400 disabled:cursor-not-allowed flex items-center justify-center"[39m
  [33mdisabled[39m=[32m""[39m
  [33mtabindex[39m=[32m"0"[39m
[36m>[39m
  [0mTest API Key[0m
[36m</button>[39m

Ignored nodes: comments, script, style
[36m<button[39m
  [33mclass[39m=[32m"w-full px-4 py-2 bg-blue-600 text-white rounded-md hover:bg-blue-700 disabled:bg-gray-400 disabled:cursor-not-allowed flex items-center justify-center"[39m
  [33mdisabled[39m=[32m""[39m
  [33mtabindex[39m=[32m"0"[39m
[36m>[39m
  [0mTest API Key[0m
[36m</button>[39m

Ignored nodes: comments, script, style
[36m<button[39m
  [33mclass[39m=[32m"w-full px-4 py-2 bg-blue-600 text-white rounded-md hover:bg-blue-700 disabled:bg-gray-400 disabled:cursor-not-allowed flex items-center justify-center"[39m
  [33mdisabled[39m=[32m""[39m
  [33mtabindex[39m=[32m"0"[39m
[36m>[39m
  [0mTest API Key[0m
[36m</button>[39m

Ignored nodes: comments, script, style
[36m<button[39m
  [33mclass[39m=[32m"w-full px-4 py-2 bg-blue-600 text-white rounded-md hover:bg-blue-700 disabled:bg-gray-400 disabled:cursor-not-allowed flex items-center justify-center"[39m
  [33mdisabled[39m=[32m""[39m
  [33mtabindex[39m=[32m"0"[39m
[36m>[39m
  [0mTest API Key[0m
[36m</button>[39m

Ignored nodes: comments, script, style
[36m<button[39m
  [33mclass[39m=[32m"w-full px-4 py-2 bg-blue-600 text-white rounded-md hover:bg-blue-700 disabled:bg-gray-400 disabled:cursor-not-allowed flex items-center justify-center"[39m
  [33mdisabled[39m=[32m""[39m
  [33mtabindex[39m=[32m"0"[39m
[36m>[39m
  [0mTest API Key[0m
[36m</button>[39m

Ignored nodes: comments, script, style
[36m<button[39m
  [33mclass[39m=[32m"w-full px-4 py-2 bg-blue-600 text-white rounded-md hover:bg-blue-700 disabled:bg-gray-400 disabled:cursor-not-allowed flex items-center justify-center"[39m
  [33mdisabled[39m=[32m""[39m
  [33mtabindex[39m=[32m"0"[39m
[36m>[39m
  [0mTest API Key[0m
[36m</button>[39m

Ignored nodes: comments, script, style
[36m<button[39m
  [33mclass[39m=[32m"w-full px-4 py-2 bg-blue-600 text-white rounded-md hover:bg-blue-700 disabled:bg-gray-400 disabled:cursor-not-allowed flex items-center justify-center"[39m
  [33mdisabled[39m=[32m""[39m
  [33mtabindex[39m=[32m"0"[39m
[36m>[39m
  [0mTest API Key[0m
[36m</button>[39m

(If this is intentional, then use the `*AllBy*` variant of the query (like `queryAllByText`, `getAllByText`, or `findAllByText`)).

Ignored nodes: comments, script, style
[36m<body>[39m
  [36m<div>[39m
    [36m<div[39m
      [33mclass[39m=[32m"max-w-2xl mx-auto p-6"[39m
    [36m>[39m
      [36m<div[39m
        [33mclass[39m=[32m"bg-white rounded-lg shadow-md p-6"[39m
      [36m>[39m
        [36m<h2[39m
          [33mclass[39m=[32m"text-2xl font-bold text-gray-900 mb-2"[39m
        [36m>[39m
          [0mAPI Key Testing[0m
        [36m</h2>[39m
        [36m<p[39m
          [33mclass[39m=[32m"text-gray-600 mb-6"[39m
        [36m>[39m
          [0mTest your API keys for connectivity and functionality[0m
        [36m</p>[39m
        [36m<div[39m
          [33mclass[39m=[32m"space-y-6"[39m
        [36m>[39m
          [36m<div>[39m
            [36m<label[39m
              [33mclass[39m=[32m"block text-sm font-medium text-gray-700 mb-2"[39m
              [33mfor[39m=[32m"provider"[39m
            [36m>[39m
              [0mSelect Provider[0m
            [36m</label>[39m
            [36m<select[39m
              [33mclass[39m=[32m"w-full px-3 py-2 border border-gray-300 rounded-md focus:outline-none focus:ring-2 focus:ring-blue-500"[39m
              [33mid[39m=[32m"provider"[39m
              [33mtabindex[39m=[32m"0"[39m
            [36m>[39m
              [36m<option[39m
                [33mvalue[39m=[32m"anthropic"[39m
              [36m>[39m
                [0mAnthropic[0m
              [36m</option>[39m
              [36m<option[39m
                [33mvalue[39m=[32m"openai"[39m
              [36m>[39m
                [0mOpenAI[0m
              [36m</option>[39m
              [36m<option[39m
                [33mvalue[39m=[32m"zotero"[39m
              [36m>[39m
                [0mZotero[0m
              [36m</option>[39m
            [36m</select>[39m
          [36m</div>[39m
          [36m<div>[39m
            [36m<label[39m
              [33mclass[39m=[32m"block text-sm font-medium text-gray-700 mb-2"[39m
              [33mfor[39m=[32m"apiKey"[39m
            [36m>[39m
              [0mAPI Key[0m
            [36m</label>[39m
            [36m<input[39m
              [33mclass[39m=[32m"w-full px-3 py-2 border rounded-md focus:outline-none focus:ring-2 focus:ring-blue-500 border-gray-300"[39m
              [33mid[39m=[32m"apiKey"[39m
              [33mplaceholder[39m=[32m"Enter your API key..."[39m
              [33mtabindex[39m=[32m"0"[39m
              [33mtype[39m=[32m"password"[39m
              [33mvalue[39m=[32m"sk-ant-test-key"[39m
            [36m/>[39m
            [36m<p[39m
              [33mclass[39m=[32m"mt-1 text-sm text-blue-600"[39m
            [36m>[39m
              [0mEntering [0m
              [0mZotero[0m
              [0m API key...[0m
            [36m</p>[39m
          [36m</div>[39m
          [36m<div>[39m
            [36m<label[39m
              [33mclass[39m=[32m"block text-sm font-medium text-gray-700 mb-2"[39m
              [33mfor[39m=[32m"userId"[39m
            [36m>[39m
              [0mUser ID[0m
            [36m</label>[39m
            [36m<input[39m
              [33mclass[39m=[32m"w-full px-3 py-2 border border-gray-300 rounded-md focus:outline-none focus:ring-2 focus:ring-blue-500"[39m
              [33mid[39m=[32m"userId"[39m
              [33mplaceholder[39m=[32m"Enter your Zotero User ID..."[39m
              [33mtabindex[39m=[32m"0"[39m
              [33mtype[39m=[32m"text"[39m
              [33mvalue[39m=[32m"12345"[39m
            [36m/>[39m
          [36m</div>[39m
          [36m<div>[39m
            [36m<button[39m
              [33mclass[39m=[32m"w-full px-4 py-2 bg-blue-600 text-white rounded-md hover:bg-blue-700 disabled:bg-gray-400 disabled:cursor-not-allowed flex items-center justify-center"[39m
              [33mtabindex[39m=[32m"0"[39m
            [36m>[39m
              [0mTest API Key[0m
            [36m</button>[39m
          [36m</div>[39m
        [36m</div>[39m
      [36m</div>[39m
    [36m</div>[39m
  [36m</div>[39m
  [36m<div>[39m
    [36m<div[39m
      [33mclass[39m=[32m"max-w-2xl mx-auto p-6"[39m
    [36m>[39m
      [36m<div[39m
        [33mclass[39m=[32m"bg-white rounded-lg shadow-md p-6"[39m
      [36m>[39m
        [36m<h2[39m
          [33mclass[39m=[32m"text-2xl font-bold text-gray-900 mb-2"[39m
        [36m>[39m
          [0mAPI Key Testing[0m
        [36m</h2>[39m
        [36m<p[39m
          [33mclass[39m=[32m"text-gray-600 mb-6"[39m
        [36m>[39m
          [0mTest your API keys for connectivity and functionality[0m
        [36m</p>[39m
        [36m<div[39m
          [33mclass[39m=[32m"space-y-6"[39m
        [36m>[39m
          [36m<div>[39m
            [36m<label[39m
              [33mclass[39m=[32m"block text-sm font-medium text-gray-700 mb-2"[39m
              [33mfor[39m=[32m"provider"[39m
            [36m>[39m
              [0mSelect Provider[0m
            [36m</label>[39m
            [36m<select[39m
              [33mclass[39m=[32m"w-full px-3 py-2 border border-gray-300 rounded-md focus:outline-none focus:ring-2 focus:ring-blue-500"[39m
              [33mid[39m=[32m"provider"[39m
              [33mtabindex[39m=[32m"0"[39m
            [36m>[39m
              [36m<option[39m
                [33mvalue[39m=[32m"anthropic"[39m
              [36m>[39m
                [0mAnthropic[0m
              [36m</option>[39m
              [36m<option[39m
                [33mvalue[39m=[32m"openai"[39m
              [36m>[39m
                [0mOpenAI[0m
              [36m</option>[39m
              [36m<option[39m
                [33mvalue[39m=[32m"zotero"[39m
              [36m>[39m
                [0mZotero[0m
              [36m</option>[39m
            [36m</select>[39m
          [36m</div>[39m
          [36m<div>[39m
            [36m<label[39m
              [33mclass[39m=[32m"block text-sm font-medium text-gray-700 mb-2"[39m
              [33mfor[39m=[32m"apiKey"[39m
            [36m>[39m
              [0mAPI Key[0m
            [36m</label>[39m
            [36m<input[39m
              [33mclass[39m=[32m"w-full px-3 py-2 border rounded-md focus:outline-none focus:ring-2 focus:ring-blue-500 border-gray-300"[39m
              [33mid[39m=[32m"apiKey"[39m
              [33mplaceholder[39m=[32m"Enter your API key..."[39m
              [33mtabindex[39m=[32m"0"[39m
              [33mtype[39m=[32m"password"[39m
              [33mvalue[39m=[32m""[39m
            [36m/>[39m
          [36m</div>[39m
          [36m<div>[39m
            [36m<button[39m
              [33mclass[39m=[32m"w-full px-4 py-2 bg-blue-600 text-white rounded-md hover:bg-blue-700 disabled:bg-gray-400 disabled:cursor-not-allowed flex items-center justify-center"[39m
              ...
   × ApiKeyTester Component > Accessibility > should support keyboard navigation 36ms
     → Found multiple elements with the role "button" and name `/test api key/i`

Here are the matching elements:

Ignored nodes: comments, script, style
[36m<button[39m
  [33mclass[39m=[32m"w-full px-4 py-2 bg-blue-600 text-white rounded-md hover:bg-blue-700 disabled:bg-gray-400 disabled:cursor-not-allowed flex items-center justify-center"[39m
  [33mtabindex[39m=[32m"0"[39m
[36m>[39m
  [0mTest API Key[0m
[36m</button>[39m

Ignored nodes: comments, script, style
[36m<button[39m
  [33mclass[39m=[32m"w-full px-4 py-2 bg-blue-600 text-white rounded-md hover:bg-blue-700 disabled:bg-gray-400 disabled:cursor-not-allowed flex items-center justify-center"[39m
  [33mdisabled[39m=[32m""[39m
  [33mtabindex[39m=[32m"0"[39m
[36m>[39m
  [0mTest API Key[0m
[36m</button>[39m

Ignored nodes: comments, script, style
[36m<button[39m
  [33mclass[39m=[32m"w-full px-4 py-2 bg-blue-600 text-white rounded-md hover:bg-blue-700 disabled:bg-gray-400 disabled:cursor-not-allowed flex items-center justify-center"[39m
  [33mdisabled[39m=[32m""[39m
  [33mtabindex[39m=[32m"0"[39m
[36m>[39m
  [0mTest API Key[0m
[36m</button>[39m

Ignored nodes: comments, script, style
[36m<button[39m
  [33mclass[39m=[32m"w-full px-4 py-2 bg-blue-600 text-white rounded-md hover:bg-blue-700 disabled:bg-gray-400 disabled:cursor-not-allowed flex items-center justify-center"[39m
  [33mdisabled[39m=[32m""[39m
  [33mtabindex[39m=[32m"0"[39m
[36m>[39m
  [0mTest API Key[0m
[36m</button>[39m

Ignored nodes: comments, script, style
[36m<button[39m
  [33mclass[39m=[32m"w-full px-4 py-2 bg-blue-600 text-white rounded-md hover:bg-blue-700 disabled:bg-gray-400 disabled:cursor-not-allowed flex items-center justify-center"[39m
  [33mdisabled[39m=[32m""[39m
  [33mtabindex[39m=[32m"0"[39m
[36m>[39m
  [0mTest API Key[0m
[36m</button>[39m

Ignored nodes: comments, script, style
[36m<button[39m
  [33mclass[39m=[32m"w-full px-4 py-2 bg-blue-600 text-white rounded-md hover:bg-blue-700 disabled:bg-gray-400 disabled:cursor-not-allowed flex items-center justify-center"[39m
  [33mdisabled[39m=[32m""[39m
  [33mtabindex[39m=[32m"0"[39m
[36m>[39m
  [0mTest API Key[0m
[36m</button>[39m

Ignored nodes: comments, script, style
[36m<button[39m
  [33mclass[39m=[32m"w-full px-4 py-2 bg-blue-600 text-white rounded-md hover:bg-blue-700 disabled:bg-gray-400 disabled:cursor-not-allowed flex items-center justify-center"[39m
  [33mdisabled[39m=[32m""[39m
  [33mtabindex[39m=[32m"0"[39m
[36m>[39m
  [0mTest API Key[0m
[36m</button>[39m

Ignored nodes: comments, script, style
[36m<button[39m
  [33mclass[39m=[32m"w-full px-4 py-2 bg-blue-600 text-white rounded-md hover:bg-blue-700 disabled:bg-gray-400 disabled:cursor-not-allowed flex items-center justify-center"[39m
  [33mdisabled[39m=[32m""[39m
  [33mtabindex[39m=[32m"0"[39m
[36m>[39m
  [0mTest API Key[0m
[36m</button>[39m

Ignored nodes: comments, script, style
[36m<button[39m
  [33mclass[39m=[32m"w-full px-4 py-2 bg-blue-600 text-white rounded-md hover:bg-blue-700 disabled:bg-gray-400 disabled:cursor-not-allowed flex items-center justify-center"[39m
  [33mdisabled[39m=[32m""[39m
  [33mtabindex[39m=[32m"0"[39m
[36m>[39m
  [0mTest API Key[0m
[36m</button>[39m

Ignored nodes: comments, script, style
[36m<button[39m
  [33mclass[39m=[32m"w-full px-4 py-2 bg-blue-600 text-white rounded-md hover:bg-blue-700 disabled:bg-gray-400 disabled:cursor-not-allowed flex items-center justify-center"[39m
  [33mdisabled[39m=[32m""[39m
  [33mtabindex[39m=[32m"0"[39m
[36m>[39m
  [0mTest API Key[0m
[36m</button>[39m

Ignored nodes: comments, script, style
[36m<button[39m
  [33mclass[39m=[32m"w-full px-4 py-2 bg-blue-600 text-white rounded-md hover:bg-blue-700 disabled:bg-gray-400 disabled:cursor-not-allowed flex items-center justify-center"[39m
  [33mdisabled[39m=[32m""[39m
  [33mtabindex[39m=[32m"0"[39m
[36m>[39m
  [0mTest API Key[0m
[36m</button>[39m

Ignored nodes: comments, script, style
[36m<button[39m
  [33mclass[39m=[32m"w-full px-4 py-2 bg-blue-600 text-white rounded-md hover:bg-blue-700 disabled:bg-gray-400 disabled:cursor-not-allowed flex items-center justify-center"[39m
  [33mdisabled[39m=[32m""[39m
  [33mtabindex[39m=[32m"0"[39m
[36m>[39m
  [0mTest API Key[0m
[36m</button>[39m

Ignored nodes: comments, script, style
[36m<button[39m
  [33mclass[39m=[32m"w-full px-4 py-2 bg-blue-600 text-white rounded-md hover:bg-blue-700 disabled:bg-gray-400 disabled:cursor-not-allowed flex items-center justify-center"[39m
  [33mdisabled[39m=[32m""[39m
  [33mtabindex[39m=[32m"0"[39m
[36m>[39m
  [0mTest API Key[0m
[36m</button>[39m

Ignored nodes: comments, script, style
[36m<button[39m
  [33mclass[39m=[32m"w-full px-4 py-2 bg-blue-600 text-white rounded-md hover:bg-blue-700 disabled:bg-gray-400 disabled:cursor-not-allowed flex items-center justify-center"[39m
  [33mdisabled[39m=[32m""[39m
  [33mtabindex[39m=[32m"0"[39m
[36m>[39m
  [0mTest API Key[0m
[36m</button>[39m

Ignored nodes: comments, script, style
[36m<button[39m
  [33mclass[39m=[32m"w-full px-4 py-2 bg-blue-600 text-white rounded-md hover:bg-blue-700 disabled:bg-gray-400 disabled:cursor-not-allowed flex items-center justify-center"[39m
  [33mdisabled[39m=[32m""[39m
  [33mtabindex[39m=[32m"0"[39m
[36m>[39m
  [0mTest API Key[0m
[36m</button>[39m

Ignored nodes: comments, script, style
[36m<button[39m
  [33mclass[39m=[32m"w-full px-4 py-2 bg-blue-600 text-white rounded-md hover:bg-blue-700 disabled:bg-gray-400 disabled:cursor-not-allowed flex items-center justify-center"[39m
  [33mdisabled[39m=[32m""[39m
  [33mtabindex[39m=[32m"0"[39m
[36m>[39m
  [0mTest API Key[0m
[36m</button>[39m

Ignored nodes: comments, script, style
[36m<button[39m
  [33mclass[39m=[32m"w-full px-4 py-2 bg-blue-600 text-white rounded-md hover:bg-blue-700 disabled:bg-gray-400 disabled:cursor-not-allowed flex items-center justify-center"[39m
  [33mdisabled[39m=[32m""[39m
  [33mtabindex[39m=[32m"0"[39m
[36m>[39m
  [0mTest API Key[0m
[36m</button>[39m

Ignored nodes: comments, script, style
[36m<button[39m
  [33mclass[39m=[32m"w-full px-4 py-2 bg-blue-600 text-white rounded-md hover:bg-blue-700 disabled:bg-gray-400 disabled:cursor-not-allowed flex items-center justify-center"[39m
  [33mdisabled[39m=[32m""[39m
  [33mtabindex[39m=[32m"0"[39m
[36m>[39m
  [0mTest API Key[0m
[36m</button>[39m

Ignored nodes: comments, script, style
[36m<button[39m
  [33mclass[39m=[32m"w-full px-4 py-2 bg-blue-600 text-white rounded-md hover:bg-blue-700 disabled:bg-gray-400 disabled:cursor-not-allowed flex items-center justify-center"[39m
  [33mdisabled[39m=[32m""[39m
  [33mtabindex[39m=[32m"0"[39m
[36m>[39m
  [0mTest API Key[0m
[36m</button>[39m

Ignored nodes: comments, script, style
[36m<button[39m
  [33mclass[39m=[32m"w-full px-4 py-2 bg-blue-600 text-white rounded-md hover:bg-blue-700 disabled:bg-gray-400 disabled:cursor-not-allowed flex items-center justify-center"[39m
  [33mdisabled[39m=[32m""[39m
  [33mtabindex[39m=[32m"0"[39m
[36m>[39m
  [0mTest API Key[0m
[36m</button>[39m

(If this is intentional, then use the `*AllBy*` variant of the query (like `queryAllByText`, `getAllByText`, or `findAllByText`)).

Ignored nodes: comments, script, style
[36m<body>[39m
  [36m<div>[39m
    [36m<div[39m
      [33mclass[39m=[32m"max-w-2xl mx-auto p-6"[39m
    [36m>[39m
      [36m<div[39m
        [33mclass[39m=[32m"bg-white rounded-lg shadow-md p-6"[39m
      [36m>[39m
        [36m<h2[39m
          [33mclass[39m=[32m"text-2xl font-bold text-gray-900 mb-2"[39m
        [36m>[39m
          [0mAPI Key Testing[0m
        [36m</h2>[39m
        [36m<p[39m
          [33mclass[39m=[32m"text-gray-600 mb-6"[39m
        [36m>[39m
          [0mTest your API keys for connectivity and functionality[0m
        [36m</p>[39m
        [36m<div[39m
          [33mclass[39m=[32m"space-y-6"[39m
        [36m>[39m
          [36m<div>[39m
            [36m<label[39m
              [33mclass[39m=[32m"block text-sm font-medium text-gray-700 mb-2"[39m
              [33mfor[39m=[32m"provider"[39m
            [36m>[39m
              [0mSelect Provider[0m
            [36m</label>[39m
            [36m<select[39m
              [33mclass[39m=[32m"w-full px-3 py-2 border border-gray-300 rounded-md focus:outline-none focus:ring-2 focus:ring-blue-500"[39m
              [33mid[39m=[32m"provider"[39m
              [33mtabindex[39m=[32m"0"[39m
            [36m>[39m
              [36m<option[39m
                [33mvalue[39m=[32m"anthropic"[39m
              [36m>[39m
                [0mAnthropic[0m
              [36m</option>[39m
              [36m<option[39m
                [33mvalue[39m=[32m"openai"[39m
              [36m>[39m
                [0mOpenAI[0m
              [36m</option>[39m
              [36m<option[39m
                [33mvalue[39m=[32m"zotero"[39m
              [36m>[39m
                [0mZotero[0m
              [36m</option>[39m
            [36m</select>[39m
          [36m</div>[39m
          [36m<div>[39m
            [36m<label[39m
              [33mclass[39m=[32m"block text-sm font-medium text-gray-700 mb-2"[39m
              [33mfor[39m=[32m"apiKey"[39m
            [36m>[39m
              [0mAPI Key[0m
            [36m</label>[39m
            [36m<input[39m
              [33mclass[39m=[32m"w-full px-3 py-2 border rounded-md focus:outline-none focus:ring-2 focus:ring-blue-500 border-gray-300"[39m
              [33mid[39m=[32m"apiKey"[39m
              [33mplaceholder[39m=[32m"Enter your API key..."[39m
              [33mtabindex[39m=[32m"0"[39m
              [33mtype[39m=[32m"password"[39m
              [33mvalue[39m=[32m"sk-ant-test-key"[39m
            [36m/>[39m
            [36m<p[39m
              [33mclass[39m=[32m"mt-1 text-sm text-blue-600"[39m
            [36m>[39m
              [0mEntering [0m
              [0mZotero[0m
              [0m API key...[0m
            [36m</p>[39m
          [36m</div>[39m
          [36m<div>[39m
            [36m<label[39m
              [33mclass[39m=[32m"block text-sm font-medium text-gray-700 mb-2"[39m
              [33mfor[39m=[32m"userId"[39m
            [36m>[39m
              [0mUser ID[0m
            [36m</label>[39m
            [36m<input[39m
              [33mclass[39m=[32m"w-full px-3 py-2 border border-gray-300 rounded-md focus:outline-none focus:ring-2 focus:ring-blue-500"[39m
              [33mid[39m=[32m"userId"[39m
              [33mplaceholder[39m=[32m"Enter your Zotero User ID..."[39m
              [33mtabindex[39m=[32m"0"[39m
              [33mtype[39m=[32m"text"[39m
              [33mvalue[39m=[32m"12345"[39m
            [36m/>[39m
          [36m</div>[39m
          [36m<div>[39m
            [36m<button[39m
              [33mclass[39m=[32m"w-full px-4 py-2 bg-blue-600 text-white rounded-md hover:bg-blue-700 disabled:bg-gray-400 disabled:cursor-not-allowed flex items-center justify-center"[39m
              [33mtabindex[39m=[32m"0"[39m
            [36m>[39m
              [0mTest API Key[0m
            [36m</button>[39m
          [36m</div>[39m
        [36m</div>[39m
      [36m</div>[39m
    [36m</div>[39m
  [36m</div>[39m
  [36m<div>[39m
    [36m<div[39m
      [33mclass[39m=[32m"max-w-2xl mx-auto p-6"[39m
    [36m>[39m
      [36m<div[39m
        [33mclass[39m=[32m"bg-white rounded-lg shadow-md p-6"[39m
      [36m>[39m
        [36m<h2[39m
          [33mclass[39m=[32m"text-2xl font-bold text-gray-900 mb-2"[39m
        [36m>[39m
          [0mAPI Key Testing[0m
        [36m</h2>[39m
        [36m<p[39m
          [33mclass[39m=[32m"text-gray-600 mb-6"[39m
        [36m>[39m
          [0mTest your API keys for connectivity and functionality[0m
        [36m</p>[39m
        [36m<div[39m
          [33mclass[39m=[32m"space-y-6"[39m
        [36m>[39m
          [36m<div>[39m
            [36m<label[39m
              [33mclass[39m=[32m"block text-sm font-medium text-gray-700 mb-2"[39m
              [33mfor[39m=[32m"provider"[39m
            [36m>[39m
              [0mSelect Provider[0m
            [36m</label>[39m
            [36m<select[39m
              [33mclass[39m=[32m"w-full px-3 py-2 border border-gray-300 rounded-md focus:outline-none focus:ring-2 focus:ring-blue-500"[39m
              [33mid[39m=[32m"provider"[39m
              [33mtabindex[39m=[32m"0"[39m
            [36m>[39m
              [36m<option[39m
                [33mvalue[39m=[32m"anthropic"[39m
              [36m>[39m
                [0mAnthropic[0m
              [36m</option>[39m
              [36m<option[39m
                [33mvalue[39m=[32m"openai"[39m
              [36m>[39m
                [0mOpenAI[0m
              [36m</option>[39m
              [36m<option[39m
                [33mvalue[39m=[32m"zotero"[39m
              [36m>[39m
                [0mZotero[0m
              [36m</option>[39m
            [36m</select>[39m
          [36m</div>[39m
          [36m<div>[39m
            [36m<label[39m
              [33mclass[39m=[32m"block text-sm font-medium text-gray-700 mb-2"[39m
              [33mfor[39m=[32m"apiKey"[39m
            [36m>[39m
              [0mAPI Key[0m
            [36m</label>[39m
            [36m<input[39m
              [33mclass[39m=[32m"w-full px-3 py-2 border rounded-md focus:outline-none focus:ring-2 focus:ring-blue-500 border-gray-300"[39m
              [33mid[39m=[32m"apiKey"[39m
              [33mplaceholder[39m=[32m"Enter your API key..."[39m
              [33mtabindex[39m=[32m"0"[39m
              [33mtype[39m=[32m"password"[39m
              [33mvalue[39m=[32m""[39m
            [36m/>[39m
          [36m</div>[39m
          [36m<div>[39m
            [36m<button[39m
              [33mclass[39m=[32m"w-full px-4 py-2 bg-blue-600 text-white rounded-md hover:bg-blue-700 disabled:bg-gray-400 disabled:cursor-not-allowed flex items-center justify-center"[39m
              ...
   × ApiKeyTester Component > Accessibility > should announce test results to screen readers 35ms
     → Found multiple elements with the role "button" and name `/test api key/i`

Here are the matching elements:

Ignored nodes: comments, script, style
[36m<button[39m
  [33mclass[39m=[32m"w-full px-4 py-2 bg-blue-600 text-white rounded-md hover:bg-blue-700 disabled:bg-gray-400 disabled:cursor-not-allowed flex items-center justify-center"[39m
  [33mtabindex[39m=[32m"0"[39m
[36m>[39m
  [0mTest API Key[0m
[36m</button>[39m

Ignored nodes: comments, script, style
[36m<button[39m
  [33mclass[39m=[32m"w-full px-4 py-2 bg-blue-600 text-white rounded-md hover:bg-blue-700 disabled:bg-gray-400 disabled:cursor-not-allowed flex items-center justify-center"[39m
  [33mdisabled[39m=[32m""[39m
  [33mtabindex[39m=[32m"0"[39m
[36m>[39m
  [0mTest API Key[0m
[36m</button>[39m

Ignored nodes: comments, script, style
[36m<button[39m
  [33mclass[39m=[32m"w-full px-4 py-2 bg-blue-600 text-white rounded-md hover:bg-blue-700 disabled:bg-gray-400 disabled:cursor-not-allowed flex items-center justify-center"[39m
  [33mdisabled[39m=[32m""[39m
  [33mtabindex[39m=[32m"0"[39m
[36m>[39m
  [0mTest API Key[0m
[36m</button>[39m

Ignored nodes: comments, script, style
[36m<button[39m
  [33mclass[39m=[32m"w-full px-4 py-2 bg-blue-600 text-white rounded-md hover:bg-blue-700 disabled:bg-gray-400 disabled:cursor-not-allowed flex items-center justify-center"[39m
  [33mdisabled[39m=[32m""[39m
  [33mtabindex[39m=[32m"0"[39m
[36m>[39m
  [0mTest API Key[0m
[36m</button>[39m

Ignored nodes: comments, script, style
[36m<button[39m
  [33mclass[39m=[32m"w-full px-4 py-2 bg-blue-600 text-white rounded-md hover:bg-blue-700 disabled:bg-gray-400 disabled:cursor-not-allowed flex items-center justify-center"[39m
  [33mdisabled[39m=[32m""[39m
  [33mtabindex[39m=[32m"0"[39m
[36m>[39m
  [0mTest API Key[0m
[36m</button>[39m

Ignored nodes: comments, script, style
[36m<button[39m
  [33mclass[39m=[32m"w-full px-4 py-2 bg-blue-600 text-white rounded-md hover:bg-blue-700 disabled:bg-gray-400 disabled:cursor-not-allowed flex items-center justify-center"[39m
  [33mdisabled[39m=[32m""[39m
  [33mtabindex[39m=[32m"0"[39m
[36m>[39m
  [0mTest API Key[0m
[36m</button>[39m

Ignored nodes: comments, script, style
[36m<button[39m
  [33mclass[39m=[32m"w-full px-4 py-2 bg-blue-600 text-white rounded-md hover:bg-blue-700 disabled:bg-gray-400 disabled:cursor-not-allowed flex items-center justify-center"[39m
  [33mdisabled[39m=[32m""[39m
  [33mtabindex[39m=[32m"0"[39m
[36m>[39m
  [0mTest API Key[0m
[36m</button>[39m

Ignored nodes: comments, script, style
[36m<button[39m
  [33mclass[39m=[32m"w-full px-4 py-2 bg-blue-600 text-white rounded-md hover:bg-blue-700 disabled:bg-gray-400 disabled:cursor-not-allowed flex items-center justify-center"[39m
  [33mdisabled[39m=[32m""[39m
  [33mtabindex[39m=[32m"0"[39m
[36m>[39m
  [0mTest API Key[0m
[36m</button>[39m

Ignored nodes: comments, script, style
[36m<button[39m
  [33mclass[39m=[32m"w-full px-4 py-2 bg-blue-600 text-white rounded-md hover:bg-blue-700 disabled:bg-gray-400 disabled:cursor-not-allowed flex items-center justify-center"[39m
  [33mdisabled[39m=[32m""[39m
  [33mtabindex[39m=[32m"0"[39m
[36m>[39m
  [0mTest API Key[0m
[36m</button>[39m

Ignored nodes: comments, script, style
[36m<button[39m
  [33mclass[39m=[32m"w-full px-4 py-2 bg-blue-600 text-white rounded-md hover:bg-blue-700 disabled:bg-gray-400 disabled:cursor-not-allowed flex items-center justify-center"[39m
  [33mdisabled[39m=[32m""[39m
  [33mtabindex[39m=[32m"0"[39m
[36m>[39m
  [0mTest API Key[0m
[36m</button>[39m

Ignored nodes: comments, script, style
[36m<button[39m
  [33mclass[39m=[32m"w-full px-4 py-2 bg-blue-600 text-white rounded-md hover:bg-blue-700 disabled:bg-gray-400 disabled:cursor-not-allowed flex items-center justify-center"[39m
  [33mdisabled[39m=[32m""[39m
  [33mtabindex[39m=[32m"0"[39m
[36m>[39m
  [0mTest API Key[0m
[36m</button>[39m

Ignored nodes: comments, script, style
[36m<button[39m
  [33mclass[39m=[32m"w-full px-4 py-2 bg-blue-600 text-white rounded-md hover:bg-blue-700 disabled:bg-gray-400 disabled:cursor-not-allowed flex items-center justify-center"[39m
  [33mdisabled[39m=[32m""[39m
  [33mtabindex[39m=[32m"0"[39m
[36m>[39m
  [0mTest API Key[0m
[36m</button>[39m

Ignored nodes: comments, script, style
[36m<button[39m
  [33mclass[39m=[32m"w-full px-4 py-2 bg-blue-600 text-white rounded-md hover:bg-blue-700 disabled:bg-gray-400 disabled:cursor-not-allowed flex items-center justify-center"[39m
  [33mdisabled[39m=[32m""[39m
  [33mtabindex[39m=[32m"0"[39m
[36m>[39m
  [0mTest API Key[0m
[36m</button>[39m

Ignored nodes: comments, script, style
[36m<button[39m
  [33mclass[39m=[32m"w-full px-4 py-2 bg-blue-600 text-white rounded-md hover:bg-blue-700 disabled:bg-gray-400 disabled:cursor-not-allowed flex items-center justify-center"[39m
  [33mdisabled[39m=[32m""[39m
  [33mtabindex[39m=[32m"0"[39m
[36m>[39m
  [0mTest API Key[0m
[36m</button>[39m

Ignored nodes: comments, script, style
[36m<button[39m
  [33mclass[39m=[32m"w-full px-4 py-2 bg-blue-600 text-white rounded-md hover:bg-blue-700 disabled:bg-gray-400 disabled:cursor-not-allowed flex items-center justify-center"[39m
  [33mdisabled[39m=[32m""[39m
  [33mtabindex[39m=[32m"0"[39m
[36m>[39m
  [0mTest API Key[0m
[36m</button>[39m

Ignored nodes: comments, script, style
[36m<button[39m
  [33mclass[39m=[32m"w-full px-4 py-2 bg-blue-600 text-white rounded-md hover:bg-blue-700 disabled:bg-gray-400 disabled:cursor-not-allowed flex items-center justify-center"[39m
  [33mdisabled[39m=[32m""[39m
  [33mtabindex[39m=[32m"0"[39m
[36m>[39m
  [0mTest API Key[0m
[36m</button>[39m

Ignored nodes: comments, script, style
[36m<button[39m
  [33mclass[39m=[32m"w-full px-4 py-2 bg-blue-600 text-white rounded-md hover:bg-blue-700 disabled:bg-gray-400 disabled:cursor-not-allowed flex items-center justify-center"[39m
  [33mdisabled[39m=[32m""[39m
  [33mtabindex[39m=[32m"0"[39m
[36m>[39m
  [0mTest API Key[0m
[36m</button>[39m

Ignored nodes: comments, script, style
[36m<button[39m
  [33mclass[39m=[32m"w-full px-4 py-2 bg-blue-600 text-white rounded-md hover:bg-blue-700 disabled:bg-gray-400 disabled:cursor-not-allowed flex items-center justify-center"[39m
  [33mdisabled[39m=[32m""[39m
  [33mtabindex[39m=[32m"0"[39m
[36m>[39m
  [0mTest API Key[0m
[36m</button>[39m

Ignored nodes: comments, script, style
[36m<button[39m
  [33mclass[39m=[32m"w-full px-4 py-2 bg-blue-600 text-white rounded-md hover:bg-blue-700 disabled:bg-gray-400 disabled:cursor-not-allowed flex items-center justify-center"[39m
  [33mdisabled[39m=[32m""[39m
  [33mtabindex[39m=[32m"0"[39m
[36m>[39m
  [0mTest API Key[0m
[36m</button>[39m

Ignored nodes: comments, script, style
[36m<button[39m
  [33mclass[39m=[32m"w-full px-4 py-2 bg-blue-600 text-white rounded-md hover:bg-blue-700 disabled:bg-gray-400 disabled:cursor-not-allowed flex items-center justify-center"[39m
  [33mdisabled[39m=[32m""[39m
  [33mtabindex[39m=[32m"0"[39m
[36m>[39m
  [0mTest API Key[0m
[36m</button>[39m

Ignored nodes: comments, script, style
[36m<button[39m
  [33mclass[39m=[32m"w-full px-4 py-2 bg-blue-600 text-white rounded-md hover:bg-blue-700 disabled:bg-gray-400 disabled:cursor-not-allowed flex items-center justify-center"[39m
  [33mdisabled[39m=[32m""[39m
  [33mtabindex[39m=[32m"0"[39m
[36m>[39m
  [0mTest API Key[0m
[36m</button>[39m

(If this is intentional, then use the `*AllBy*` variant of the query (like `queryAllByText`, `getAllByText`, or `findAllByText`)).

Ignored nodes: comments, script, style
[36m<body>[39m
  [36m<div>[39m
    [36m<div[39m
      [33mclass[39m=[32m"max-w-2xl mx-auto p-6"[39m
    [36m>[39m
      [36m<div[39m
        [33mclass[39m=[32m"bg-white rounded-lg shadow-md p-6"[39m
      [36m>[39m
        [36m<h2[39m
          [33mclass[39m=[32m"text-2xl font-bold text-gray-900 mb-2"[39m
        [36m>[39m
          [0mAPI Key Testing[0m
        [36m</h2>[39m
        [36m<p[39m
          [33mclass[39m=[32m"text-gray-600 mb-6"[39m
        [36m>[39m
          [0mTest your API keys for connectivity and functionality[0m
        [36m</p>[39m
        [36m<div[39m
          [33mclass[39m=[32m"space-y-6"[39m
        [36m>[39m
          [36m<div>[39m
            [36m<label[39m
              [33mclass[39m=[32m"block text-sm font-medium text-gray-700 mb-2"[39m
              [33mfor[39m=[32m"provider"[39m
            [36m>[39m
              [0mSelect Provider[0m
            [36m</label>[39m
            [36m<select[39m
              [33mclass[39m=[32m"w-full px-3 py-2 border border-gray-300 rounded-md focus:outline-none focus:ring-2 focus:ring-blue-500"[39m
              [33mid[39m=[32m"provider"[39m
              [33mtabindex[39m=[32m"0"[39m
            [36m>[39m
              [36m<option[39m
                [33mvalue[39m=[32m"anthropic"[39m
              [36m>[39m
                [0mAnthropic[0m
              [36m</option>[39m
              [36m<option[39m
                [33mvalue[39m=[32m"openai"[39m
              [36m>[39m
                [0mOpenAI[0m
              [36m</option>[39m
              [36m<option[39m
                [33mvalue[39m=[32m"zotero"[39m
              [36m>[39m
                [0mZotero[0m
              [36m</option>[39m
            [36m</select>[39m
          [36m</div>[39m
          [36m<div>[39m
            [36m<label[39m
              [33mclass[39m=[32m"block text-sm font-medium text-gray-700 mb-2"[39m
              [33mfor[39m=[32m"apiKey"[39m
            [36m>[39m
              [0mAPI Key[0m
            [36m</label>[39m
            [36m<input[39m
              [33mclass[39m=[32m"w-full px-3 py-2 border rounded-md focus:outline-none focus:ring-2 focus:ring-blue-500 border-gray-300"[39m
              [33mid[39m=[32m"apiKey"[39m
              [33mplaceholder[39m=[32m"Enter your API key..."[39m
              [33mtabindex[39m=[32m"0"[39m
              [33mtype[39m=[32m"password"[39m
              [33mvalue[39m=[32m"sk-ant-test-key"[39m
            [36m/>[39m
            [36m<p[39m
              [33mclass[39m=[32m"mt-1 text-sm text-blue-600"[39m
            [36m>[39m
              [0mEntering [0m
              [0mZotero[0m
              [0m API key...[0m
            [36m</p>[39m
          [36m</div>[39m
          [36m<div>[39m
            [36m<label[39m
              [33mclass[39m=[32m"block text-sm font-medium text-gray-700 mb-2"[39m
              [33mfor[39m=[32m"userId"[39m
            [36m>[39m
              [0mUser ID[0m
            [36m</label>[39m
            [36m<input[39m
              [33mclass[39m=[32m"w-full px-3 py-2 border border-gray-300 rounded-md focus:outline-none focus:ring-2 focus:ring-blue-500"[39m
              [33mid[39m=[32m"userId"[39m
              [33mplaceholder[39m=[32m"Enter your Zotero User ID..."[39m
              [33mtabindex[39m=[32m"0"[39m
              [33mtype[39m=[32m"text"[39m
              [33mvalue[39m=[32m"12345"[39m
            [36m/>[39m
          [36m</div>[39m
          [36m<div>[39m
            [36m<button[39m
              [33mclass[39m=[32m"w-full px-4 py-2 bg-blue-600 text-white rounded-md hover:bg-blue-700 disabled:bg-gray-400 disabled:cursor-not-allowed flex items-center justify-center"[39m
              [33mtabindex[39m=[32m"0"[39m
            [36m>[39m
              [0mTest API Key[0m
            [36m</button>[39m
          [36m</div>[39m
        [36m</div>[39m
      [36m</div>[39m
    [36m</div>[39m
  [36m</div>[39m
  [36m<div>[39m
    [36m<div[39m
      [33mclass[39m=[32m"max-w-2xl mx-auto p-6"[39m
    [36m>[39m
      [36m<div[39m
        [33mclass[39m=[32m"bg-white rounded-lg shadow-md p-6"[39m
      [36m>[39m
        [36m<h2[39m
          [33mclass[39m=[32m"text-2xl font-bold text-gray-900 mb-2"[39m
        [36m>[39m
          [0mAPI Key Testing[0m
        [36m</h2>[39m
        [36m<p[39m
          [33mclass[39m=[32m"text-gray-600 mb-6"[39m
        [36m>[39m
          [0mTest your API keys for connectivity and functionality[0m
        [36m</p>[39m
        [36m<div[39m
          [33mclass[39m=[32m"space-y-6"[39m
        [36m>[39m
          [36m<div>[39m
            [36m<label[39m
              [33mclass[39m=[32m"block text-sm font-medium text-gray-700 mb-2"[39m
              [33mfor[39m=[32m"provider"[39m
            [36m>[39m
              [0mSelect Provider[0m
            [36m</label>[39m
            [36m<select[39m
              [33mclass[39m=[32m"w-full px-3 py-2 border border-gray-300 rounded-md focus:outline-none focus:ring-2 focus:ring-blue-500"[39m
              [33mid[39m=[32m"provider"[39m
              [33mtabindex[39m=[32m"0"[39m
            [36m>[39m
              [36m<option[39m
                [33mvalue[39m=[32m"anthropic"[39m
              [36m>[39m
                [0mAnthropic[0m
              [36m</option>[39m
              [36m<option[39m
                [33mvalue[39m=[32m"openai"[39m
              [36m>[39m
                [0mOpenAI[0m
              [36m</option>[39m
              [36m<option[39m
                [33mvalue[39m=[32m"zotero"[39m
              [36m>[39m
                [0mZotero[0m
              [36m</option>[39m
            [36m</select>[39m
          [36m</div>[39m
          [36m<div>[39m
            [36m<label[39m
              [33mclass[39m=[32m"block text-sm font-medium text-gray-700 mb-2"[39m
              [33mfor[39m=[32m"apiKey"[39m
            [36m>[39m
              [0mAPI Key[0m
            [36m</label>[39m
            [36m<input[39m
              [33mclass[39m=[32m"w-full px-3 py-2 border rounded-md focus:outline-none focus:ring-2 focus:ring-blue-500 border-gray-300"[39m
              [33mid[39m=[32m"apiKey"[39m
              [33mplaceholder[39m=[32m"Enter your API key..."[39m
              [33mtabindex[39m=[32m"0"[39m
              [33mtype[39m=[32m"password"[39m
              [33mvalue[39m=[32m""[39m
            [36m/>[39m
          [36m</div>[39m
          [36m<div>[39m
            [36m<button[39m
              [33mclass[39m=[32m"w-full px-4 py-2 bg-blue-600 text-white rounded-md hover:bg-blue-700 disabled:bg-gray-400 disabled:cursor-not-allowed flex items-center justify-center"[39m
              ...
 ✓ __tests__/components/ErrorHandling.test.tsx (24 tests) 147ms
 ✓ __tests__/components/ApiKeyTester.simple.test.tsx (7 tests) 649ms
   ✓ ApiKeyTester Core Functionality > should show real-time validation feedback  514ms
 ✓ __tests__/components/ProgressBar.test.tsx (23 tests) 86ms
 ✓ __tests__/api/user-settings.test.ts (15 tests) 8ms
 ✓ __tests__/components/SetupWizard.simple.test.tsx (4 tests) 71ms
 ✓ __tests__/api/test-api-keys.test.ts (16 tests) 5ms
 ✓ __tests__/components/Navigation.usage-indicator.test.tsx (21 tests) 1817ms
 ❯ __tests__/components/SetupWizard.test.tsx (29 tests | 16 failed) 10475ms
   ✓ SetupWizard > Component Rendering > should render setup wizard with welcome step 34ms
   ✓ SetupWizard > Component Rendering > should display loading state initially 2ms
   ✓ SetupWizard > Component Rendering > should handle API error gracefully 7ms
   ✓ SetupWizard > Component Rendering > should redirect when setup is complete 8ms
   ✓ SetupWizard > Step Navigation > should show progress indicators for all steps 27ms
   ✓ SetupWizard > Step Navigation > should navigate to next step on continue 27ms
   × SetupWizard > Step Navigation > should navigate to previous step on back 1022ms
     → Unable to find an element with the text: AI Provider Configuration. This could be because the text is broken up by multiple elements. In this case, you can provide a function for your text matcher to make your matcher more flexible.

Ignored nodes: comments, script, style
[36m<body>[39m
  [36m<div>[39m
    [36m<div[39m
      [33mclass[39m=[32m"max-w-2xl mx-auto p-6"[39m
    [36m>[39m
      [36m<div[39m
        [33mclass[39m=[32m"mb-8"[39m
      [36m>[39m
        [36m<div[39m
          [33mclass[39m=[32m"flex justify-between items-center mb-2"[39m
        [36m>[39m
          [36m<span[39m
            [33mclass[39m=[32m"text-sm text-gray-600"[39m
          [36m>[39m
            [0mStep [0m
            [0m4[0m
            [0m of [0m
            [0m4[0m
          [36m</span>[39m
          [36m<span[39m
            [33mclass[39m=[32m"text-sm text-gray-600"[39m
          [36m>[39m
            [0m100[0m
            [0m%[0m
          [36m</span>[39m
        [36m</div>[39m
        [36m<div[39m
          [33mclass[39m=[32m"w-full bg-gray-200 rounded-full h-2"[39m
        [36m>[39m
          [36m<div[39m
            [33maria-valuemax[39m=[32m"4"[39m
            [33maria-valuemin[39m=[32m"0"[39m
            [33maria-valuenow[39m=[32m"4"[39m
            [33mclass[39m=[32m"bg-blue-600 h-2 rounded-full transition-all duration-300"[39m
            [33mrole[39m=[32m"progressbar"[39m
            [33mstyle[39m=[32m"width: 100%;"[39m
          [36m/>[39m
        [36m</div>[39m
      [36m</div>[39m
      [36m<div[39m
        [33mclass[39m=[32m"bg-white rounded-lg shadow-md p-6"[39m
      [36m>[39m
        [36m<h2[39m
          [33mclass[39m=[32m"text-2xl font-bold text-gray-900 mb-2"[39m
        [36m>[39m
          [0mReview & Complete[0m
        [36m</h2>[39m
        [36m<p[39m
          [33mclass[39m=[32m"text-gray-600 mb-6"[39m
        [36m>[39m
          [0mReview your configuration and complete setup[0m
        [36m</p>[39m
        [36m<div[39m
          [33mclass[39m=[32m"space-y-6"[39m
        [36m>[39m
          [36m<h3[39m
            [33mclass[39m=[32m"text-lg font-semibold text-gray-900"[39m
          [36m>[39m
            [0mConfiguration Summary[0m
          [36m</h3>[39m
          [36m<div[39m
            [33mclass[39m=[32m"grid grid-cols-1 md:grid-cols-2 gap-4"[39m
          [36m>[39m
            [36m<div>[39m
              [36m<h4[39m
                [33mclass[39m=[32m"font-medium text-gray-700"[39m
              [36m>[39m
                [0mAI Provider:[0m
              [36m</h4>[39m
              [36m<p[39m
                [33mclass[39m=[32m"text-gray-600"[39m
              [36m>[39m
                [0mauto[0m
              [36m</p>[39m
            [36m</div>[39m
            [36m<div>[39m
              [36m<h4[39m
                [33mclass[39m=[32m"font-medium text-gray-700"[39m
              [36m>[39m
                [0mMonthly Budget:[0m
              [36m</h4>[39m
              [36m<p[39m
                [33mclass[39m=[32m"text-gray-600"[39m
              [36m>[39m
                [0m$[0m
                [0m100[0m
              [36m</p>[39m
            [36m</div>[39m
            [36m<div>[39m
              [36m<h4[39m
                [33mclass[39m=[32m"font-medium text-gray-700"[39m
              [36m>[39m
                [0mCitation Style:[0m
              [36m</h4>[39m
              [36m<p[39m
                [33mclass[39m=[32m"text-gray-600"[39m
              [36m>[39m
                [0mAPA[0m
              [36m</p>[39m
            [36m</div>[39m
            [36m<div>[39m
              [36m<h4[39m
                [33mclass[39m=[32m"font-medium text-gray-700"[39m
              [36m>[39m
                [0mLanguage:[0m
              [36m</h4>[39m
              [36m<p[39m
                [33mclass[39m=[32m"text-gray-600"[39m
              [36m>[39m
                [0mEnglish[0m
              [36m</p>[39m
            [36m</div>[39m
          [36m</div>[39m
          [36m<div[39m
            [33mclass[39m=[32m"bg-gray-50 p-4 rounded-lg"[39m
          [36m>[39m
            [36m<h4[39m
              [33mclass[39m=[32m"font-medium text-gray-700 mb-2"[39m
            [36m>[39m
              [0mSpecial Features:[0m
            [36m</h4>[39m
            [36m<ul[39m
              [33mclass[39m=[32m"text-gray-600 space-y-1"[39m
            [36m>[39m
              [36m<li>[39m
                [0m• Theme: [0m
                [0msystem[0m
              [36m</li>[39m
            [36m</ul>[39m
          [36m</div>[39m
        [36m</div>[39m
        [36m<div[39m
          [33mclass[39m=[32m"flex justify-between mt-8"[39m
        [36m>[39m
          [36m<button[39m
            [33mclass[39m=[32m"px-4 py-2 text-gray-600 bg-gray-200 rounded-md hover:bg-gray-300 disabled:bg-gray-100 disabled:text-gray-400"[39m
            [33mtabindex[39m=[32m"0"[39m
          [36m>[39m
            [0mBack[0m
          [36m</button>[39m
          [36m<button[39m
            [33mclass[39m=[32m"px-6 py-2 bg-green-600 text-white rounded-md hover:bg-green-700 disabled:bg-gray-400"[39m
            [33mtabindex[39m=[32m"0"[39m
          [36m>[39m
            [0mComplete Setup[0m
          [36m</button>[39m
        [36m</div>[39m
      [36m</div>[39m
    [36m</div>[39m
  [36m</div>[39m
[36m</body>[39m

Ignored nodes: comments, script, style
[36m<html>[39m
  [36m<head />[39m
  [36m<body>[39m
    [36m<div>[39m
      [36m<div[39m
        [33mclass[39m=[32m"max-w-2xl mx-auto p-6"[39m
      [36m>[39m
        [36m<div[39m
          [33mclass[39m=[32m"mb-8"[39m
        [36m>[39m
          [36m<div[39m
            [33mclass[39m=[32m"flex justify-between items-center mb-2"[39m
          [36m>[39m
            [36m<span[39m
              [33mclass[39m=[32m"text-sm text-gray-600"[39m
            [36m>[39m
              [0mStep [0m
              [0m4[0m
              [0m of [0m
              [0m4[0m
            [36m</span>[39m
            [36m<span[39m
              [33mclass[39m=[32m"text-sm text-gray-600"[39m
            [36m>[39m
              [0m100[0m
              [0m%[0m
            [36m</span>[39m
          [36m</div>[39m
          [36m<div[39m
            [33mclass[39m=[32m"w-full bg-gray-200 rounded-full h-2"[39m
          [36m>[39m
            [36m<div[39m
              [33maria-valuemax[39m=[32m"4"[39m
              [33maria-valuemin[39m=[32m"0"[39m
              [33maria-valuenow[39m=[32m"4"[39m
              [33mclass[39m=[32m"bg-blue-600 h-2 rounded-full transition-all duration-300"[39m
              [33mrole[39m=[32m"progressbar"[39m
              [33mstyle[39m=[32m"width: 100%;"[39m
            [36m/>[39m
          [36m</div>[39m
        [36m</div>[39m
        [36m<div[39m
          [33mclass[39m=[32m"bg-white rounded-lg shadow-md p-6"[39m
        [36m>[39m
          [36m<h2[39m
            [33mclass[39m=[32m"text-2xl font-bold text-gray-900 mb-2"[39m
          [36m>[39m
            [0mReview & Complete[0m
          [36m</h2>[39m
          [36m<p[39m
            [33mclass[39m=[32m"text-gray-600 mb-6"[39m
          [36m>[39m
            [0mReview your configuration and complete setup[0m
          [36m</p>[39m
          [36m<div[39m
            [33mclass[39m=[32m"space-y-6"[39m
          [36m>[39m
            [36m<h3[39m
              [33mclass[39m=[32m"text-lg font-semibold text-gray-900"[39m
            [36m>[39m
              [0mConfiguration Summary[0m
            [36m</h3>[39m
            [36m<div[39m
              [33mclass[39m=[32m"grid grid-cols-1 md:grid-cols-2 gap-4"[39m
            [36m>[39m
              [36m<div>[39m
                [36m<h4[39m
                  [33mclass[39m=[32m"font-medium text-gray-700"[39m
                [36m>[39m
                  [0mAI Provider:[0m
                [36m</h4>[39m
                [36m<p[39m
                  [33mclass[39m=[32m"text-gray-600"[39m
                [36m>[39m
                  [0mauto[0m
                [36m</p>[39m
              [36m</div>[39m
              [36m<div>[39m
                [36m<h4[39m
                  [33mclass[39m=[32m"font-medium text-gray-700"[39m
                [36m>[39m
                  [0mMonthly Budget:[0m
                [36m</h4>[39m
                [36m<p[39m
                  [33mclass[39m=[32m"text-gray-600"[39m
                [36m>[39m
                  [0m$[0m
                  [0m100[0m
                [36m</p>[39m
              [36m</div>[39m
              [36m<div>[39m
                [36m<h4[39m
                  [33mclass[39m=[32m"font-medium text-gray-700"[39m
                [36m>[39m
                  [0mCitation Style:[0m
                [36m</h4>[39m
                [36m<p[39m
                  [33mclass[39m=[32m"text-gray-600"[39m
                [36m>[39m
                  [0mAPA[0m
                [36m</p>[39m
              [36m</div>[39m
              [36m<div>[39m
                [36m<h4[39m
                  [33mclass[39m=[32m"font-medium text-gray-700"[39m
                [36m>[39m
                  [0mLanguage:[0m
                [36m</h4>[39m
                [36m<p[39m
                  [33mclass[39m=[32m"text-gray-600"[39m
                [36m>[39m
                  [0mEnglish[0m
                [36m</p>[39m
              [36m</div>[39m
            [36m</div>[39m
            [36m<div[39m
              [33mclass[39m=[32m"bg-gray-50 p-4 rounded-lg"[39m
            [36m>[39m
              [36m<h4[39m
                [33mclass[39m=[32m"font-medium text-gray-700 mb-2"[39m
              [36m>[39m
                [0mSpecial Features:[0m
              [36m</h4>[39m
              [36m<ul[39m
                [33mclass[39m=[32m"text-gray-600 space-y-1"[39m
              [36m>[39m
                [36m<li>[39m
                  [0m• Theme: [0m
                  [0msystem[0m
                [36m</li>[39m
              [36m</ul>[39m
            [36m</div>[39m
          [36m</div>[39m
          [36m<div[39m
            [33mclass[39m=[32m"flex justify-between mt-8"[39m
          [36m>[39m
            [36m<button[39m
              [33mclass[39m=[32m"px-4 py-2 text-gray-600 bg-gray-200 rounded-md hover:bg-gray-300 disabled:bg-gray-100 disabled:text-gray-400"[39m
              [33mtabindex[39m=[32m"0"[39m
            [36m>[39m
              [0mBack[0m
            [36m</button>[39m
            [36m<button[39m
              [33mclass[39m=[32m"px-6 py-2 bg-green-600 text-white rounded-md hover:bg-green-700 disabled:bg-gray-400"[39m
              [33mtabindex[39m=[32m"0"[39m
            [36m>[39m
              [0mComplete Setup[0m
            [36m</button>[39m
          [36m</div>[39m
        [36m</div>[39m
      [36m</div>[39m
    [36m</div>[39m
  [36m</body>[39m
[36m</html>[39m
   ✓ SetupWizard > Step Navigation > should disable back button on first step 5ms
   × SetupWizard > Step Navigation > should show finish button on last step 1023ms
     → Unable to find role="heading" and name `/Review & Complete/i`

Ignored nodes: comments, script, style
[36m<body>[39m
  [36m<div>[39m
    [36m<div[39m
      [33mclass[39m=[32m"max-w-2xl mx-auto p-6"[39m
    [36m>[39m
      [36m<div[39m
        [33mclass[39m=[32m"mb-8"[39m
      [36m>[39m
        [36m<div[39m
          [33mclass[39m=[32m"flex justify-between items-center mb-2"[39m
        [36m>[39m
          [36m<span[39m
            [33mclass[39m=[32m"text-sm text-gray-600"[39m
          [36m>[39m
            [0mStep [0m
            [0m3[0m
            [0m of [0m
            [0m4[0m
          [36m</span>[39m
          [36m<span[39m
            [33mclass[39m=[32m"text-sm text-gray-600"[39m
          [36m>[39m
            [0m75[0m
            [0m%[0m
          [36m</span>[39m
        [36m</div>[39m
        [36m<div[39m
          [33mclass[39m=[32m"w-full bg-gray-200 rounded-full h-2"[39m
        [36m>[39m
          [36m<div[39m
            [33maria-valuemax[39m=[32m"4"[39m
            [33maria-valuemin[39m=[32m"0"[39m
            [33maria-valuenow[39m=[32m"3"[39m
            [33mclass[39m=[32m"bg-blue-600 h-2 rounded-full transition-all duration-300"[39m
            [33mrole[39m=[32m"progressbar"[39m
            [33mstyle[39m=[32m"width: 75%;"[39m
          [36m/>[39m
        [36m</div>[39m
      [36m</div>[39m
      [36m<div[39m
        [33mclass[39m=[32m"bg-white rounded-lg shadow-md p-6"[39m
      [36m>[39m
        [36m<h2[39m
          [33mclass[39m=[32m"text-2xl font-bold text-gray-900 mb-2"[39m
        [36m>[39m
          [0mAcademic Preferences[0m
        [36m</h2>[39m
        [36m<p[39m
          [33mclass[39m=[32m"text-gray-600 mb-6"[39m
        [36m>[39m
          [0mSet your academic and citation preferences[0m
        [36m</p>[39m
        [36m<div[39m
          [33mclass[39m=[32m"space-y-6"[39m
        [36m>[39m
          [36m<div[39m
            [33mclass[39m=[32m"grid grid-cols-1 md:grid-cols-2 gap-6"[39m
          [36m>[39m
            [36m<div>[39m
              [36m<label[39m
                [33mclass[39m=[32m"block text-sm font-medium text-gray-700 mb-2"[39m
                [33mfor[39m=[32m"citationStyle"[39m
              [36m>[39m
                [0mCitation Style[0m
              [36m</label>[39m
              [36m<select[39m
                [33mclass[39m=[32m"w-full px-3 py-2 border border-gray-300 rounded-md focus:outline-none focus:ring-2 focus:ring-blue-500"[39m
                [33mid[39m=[32m"citationStyle"[39m
                [33mtabindex[39m=[32m"0"[39m
              [36m>[39m
                [36m<option[39m
                  [33mvalue[39m=[32m"apa"[39m
                [36m>[39m
                  [0mAPA[0m
                [36m</option>[39m
                [36m<option[39m
                  [33mvalue[39m=[32m"mla"[39m
                [36m>[39m
                  [0mMLA[0m
                [36m</option>[39m
                [36m<option[39m
                  [33mvalue[39m=[32m"chicago"[39m
                [36m>[39m
                  [0mChicago[0m
                [36m</option>[39m
                [36m<option[39m
                  [33mvalue[39m=[32m"harvard"[39m
                [36m>[39m
                  [0mHarvard[0m
                [36m</option>[39m
              [36m</select>[39m
            [36m</div>[39m
            [36m<div>[39m
              [36m<label[39m
                [33mclass[39m=[32m"block text-sm font-medium text-gray-700 mb-2"[39m
                [33mfor[39m=[32m"defaultLanguage"[39m
              [36m>[39m
                [0mDefault Language[0m
              [36m</label>[39m
              [36m<select[39m
                [33mclass[39m=[32m"w-full px-3 py-2 border border-gray-300 rounded-md focus:outline-none focus:ring-2 focus:ring-blue-500"[39m
                [33mid[39m=[32m"defaultLanguage"[39m
                [33mtabindex[39m=[32m"0"[39m
              [36m>[39m
                [36m<option[39m
                  [33mvalue[39m=[32m"en"[39m
                [36m>[39m
                  [0mEnglish[0m
                [36m</option>[39m
                [36m<option[39m
                  [33mvalue[39m=[32m"es"[39m
                [36m>[39m
                  [0mSpanish[0m
                [36m</option>[39m
                [36m<option[39m
                  [33mvalue[39m=[32m"fr"[39m
                [36m>[39m
                  [0mFrench[0m
                [36m</option>[39m
                [36m<option[39m
                  [33mvalue[39m=[32m"de"[39m
                [36m>[39m
                  [0mGerman[0m
                [36m</option>[39m
              [36m</select>[39m
            [36m</div>[39m
          [36m</div>[39m
          [36m<div[39m
            [33mclass[39m=[32m"flex items-center"[39m
          [36m>[39m
            [36m<input[39m
              [33mclass[39m=[32m"h-4 w-4 text-blue-600 focus:ring-blue-500 border-gray-300 rounded"[39m
              [33mid[39m=[32m"adhdFriendlyMode"[39m
              [33mtype[39m=[32m"checkbox"[39m
            [36m/>[39m
            [36m<label[39m
              [33mclass[39m=[32m"ml-2 block text-sm text-gray-700"[39m
              [33mfor[39m=[32m"adhdFriendlyMode"[39m
            [36m>[39m
              [0mADHD Friendly Mode[0m
            [36m</label>[39m
          [36m</div>[39m
          [36m<div>[39m
            [36m<label[39m
              [33mclass[39m=[32m"block text-sm font-medium text-gray-700 mb-2"[39m
              [33mfor[39m=[32m"theme"[39m
            [36m>[39m
              [0mTheme[0m
            [36m</label>[39m
            [36m<select[39m
              [33mclass[39m=[32m"w-full px-3 py-2 border border-gray-300 rounded-md focus:outline-none focus:ring-2 focus:ring-blue-500"[39m
              [33mid[39m=[32m"theme"[39m
              [33mtabindex[39m=[32m"0"[39m
            [36m>[39m
              [36m<option[39m
                [33mvalue[39m=[32m"system"[39m
              [36m>[39m
                [0mSystem[0m
              [36m</option>[39m
              [36m<option[39m
                [33mvalue[39m=[32m"light"[39m
              [36m>[39m
                [0mLight[0m
              [36m</option>[39m
              [36m<option[39m
                [33mvalue[39m=[32m"dark"[39m
              [36m>[39m
                [0mDark[0m
              [36m</option>[39m
            [36m</select>[39m
          [36m</div>[39m
          [36m<div[39m
            [33mclass[39m=[32m"space-y-3"[39m
          [36m>[39m
            [36m<div[39m
              [33mclass[39m=[32m"flex items-center"[39m
            [36m>[39m
              [36m<input[39m
                [33mclass[39m=[32m"h-4 w-4 text-blue-600 focus:ring-blue-500 border-gray-300 rounded"[39m
                [33mid[39m=[32m"reducedMotion"[39m
                [33mtype[39m=[32m"checkbox"[39m
              [36m/>[39m
              [36m<label[39m
                [33mclass[39m=[32m"ml-2 block text-sm text-gray-700"[39m
                [33mfor[39m=[32m"reducedMotion"[39m
              [36m>[39m
                [0mReduced Motion[0m
              [36m</label>[39m
            [36m</div>[39m
            [36m<div[39m
              [33mclass[39m=[32m"flex items-center"[39m
            [36m>[39m
              [36m<input[39m
                [33mclass[39m=[32m"h-4 w-4 text-blue-600 focus:ring-blue-500 border-gray-300 rounded"[39m
                [33mid[39m=[32m"highContrast"[39m
                [33mtype[39m=[32m"checkbox"[39m
              [36m/>[39m
              [36m<label[39m
                [33mclass[39m=[32m"ml-2 block text-sm text-gray-700"[39m
                [33mfor[39m=[32m"highContrast"[39m
              [36m>[39m
                [0mHigh Contrast[0m
              [36m</label>[39m
            [36m</div>[39m
          [36m</div>[39m
        [36m</div>[39m
        [36m<div[39m
          [33mclass[39m=[32m"flex justify-between mt-8"[39m
        [36m>[39m
          [36m<button[39m
            [33mclass[39m=[32m"px-4 py-2 text-gray-600 bg-gray-200 rounded-md hover:bg-gray-300 disabled:bg-gray-100 disabled:text-gray-400"[39m
            [33mtabindex[39m=[32m"0"[39m
          [36m>[39m
            [0mBack[0m
          [36m</button>[39m
          [36m<button[39m
            [33mclass[39m=[32m"px-6 py-2 bg-blue-600 text-white rounded-md hover:bg-blue-700 disabled:bg-gray-400"[39m
            [33mtabindex[39m=[32m"0"[39m
          [36m>[39m
            [0mContinue[0m
          [36m</button>[39m
        [36m</div>[39m
      [36m</div>[39m
    [36m</div>[39m
  [36m</div>[39m
[36m</body>[39m

Ignored nodes: comments, script, style
[36m<html>[39m
  [36m<head />[39m
  [36m<body>[39m
    [36m<div>[39m
      [36m<div[39m
        [33mclass[39m=[32m"max-w-2xl mx-auto p-6"[39m
      [36m>[39m
        [36m<div[39m
          [33mclass[39m=[32m"mb-8"[39m
        [36m>[39m
          [36m<div[39m
            [33mclass[39m=[32m"flex justify-between items-center mb-2"[39m
          [36m>[39m
            [36m<span[39m
              [33mclass[39m=[32m"text-sm text-gray-600"[39m
            [36m>[39m
              [0mStep [0m
              [0m3[0m
              [0m of [0m
              [0m4[0m
            [36m</span>[39m
            [36m<span[39m
              [33mclass[39m=[32m"text-sm text-gray-600"[39m
            [36m>[39m
              [0m75[0m
              [0m%[0m
            [36m</span>[39m
          [36m</div>[39m
          [36m<div[39m
            [33mclass[39m=[32m"w-full bg-gray-200 rounded-full h-2"[39m
          [36m>[39m
            [36m<div[39m
              [33maria-valuemax[39m=[32m"4"[39m
              [33maria-valuemin[39m=[32m"0"[39m
              [33maria-valuenow[39m=[32m"3"[39m
              [33mclass[39m=[32m"bg-blue-600 h-2 rounded-full transition-all duration-300"[39m
              [33mrole[39m=[32m"progressbar"[39m
              [33mstyle[39m=[32m"width: 75%;"[39m
            [36m/>[39m
          [36m</div>[39m
        [36m</div>[39m
        [36m<div[39m
          [33mclass[39m=[32m"bg-white rounded-lg shadow-md p-6"[39m
        [36m>[39m
          [36m<h2[39m
            [33mclass[39m=[32m"text-2xl font-bold text-gray-900 mb-2"[39m
          [36m>[39m
            [0mAcademic Preferences[0m
          [36m</h2>[39m
          [36m<p[39m
            [33mclass[39m=[32m"text-gray-600 mb-6"[39m
          [36m>[39m
            [0mSet your academic and citation preferences[0m
          [36m</p>[39m
          [36m<div[39m
            [33mclass[39m=[32m"space-y-6"[39m
          [36m>[39m
            [36m<div[39m
              [33mclass[39m=[32m"grid grid-cols-1 md:grid-cols-2 gap-6"[39m
            [36m>[39m
              [36m<div>[39m
                [36m<label[39m
                  [33mclass[39m=[32m"block text-sm font-medium text-gray-700 mb-2"[39m
                  [33mfor[39m=[32m"citationStyle"[39m
                [36m>[39m
                  [0mCitation Style[0m
                [36m</label>[39m
                [36m<select[39m
                  [33mclass[39m=[32m"w-full px-3 py-2 border border-gray-300 rounded-md focus:outline-none focus:ring-2 focus:ring-blue-500"[39m
                  [33mid[39m=[32m"citationStyle"[39m
                  [33mtabindex[39m=[32m"0"[39m
                [36m>[39m
                  [36m<option[39m
                    [33mvalue[39m=[32m"apa"[39m
                  [36m>[39m
                    [0mAPA[0m
                  [36m</option>[39m
                  [36m<option[39m
                    [33mvalue[39m=[32m"mla"[39m
                  [36m>[39m
                    [0mMLA[0m
                  [36m</option>[39m
                  [36m<option[39m
                    [33mvalue[39m=[32m"chicago"[39m
                  [36m>[39m
                    [0mChicago[0m
                  [36m</option>[39m
                  [36m<option[39m
                    [33mvalue[39m=[32m"harvard"[39m
                  [36m>[39m
                    [0mHarvard[0m
                  [36m</option>[39m
                [36m</select>[39m
              [36m</div>[39m
              [36m<div>[39m
                [36m<label[39m
                  [33mclass[39m=[32m"block text-sm font-medium text-gray-700 mb-2"[39m
                  [33mfor[39m=[32m"defaultLanguage"[39m
                [36m>[39m
                  [0mDefault Language[0m
                [36m</label>[39m
                [36m<select[39m
                  [33mclass[39m=[32m"w-full px-3 py-2 border border-gray-300 rounded-md focus:outline-none focus:ring-2 focus:ring-blue-500"[39m
                  [33mid[39m=[32m"defaultLanguage"[39m
                  [33mtabindex[39m=[32m"0"[39m
                [36m>[39m
                  [36m<option[39m
                    [33mvalue[39m=[32m"en"[39m
                  [36m>[39m
                    [0mEnglish[0m
                  [36m</option>[39m
                  [36m<option[39m
                    [33mvalue[39m=[32m"es"[39m
                  [36m>[39m
                    [0mSpanish[0m
                  [36m</option>[39m
                  [36m<option[39m
                    [33mvalue[39m=[32m"fr"[39m
                  [36m>[39m
                    [0mFrench[0m
                  [36m</option>[39m
                  [36m<option[39m
                    [33mvalue[39m=[32m"de"[39m
                  [36m>[39m
                    [0mGerman[0m
                  [36m</option>[39m
                [36m</select>[39m
              [36m</div>[39m
            [36m</div>[39m
            [36m<div[39m
              [33mclass[39m=[32m"flex items-center"[39m
            [36m>[39m
              [36m<input[39m
                [33mclass[39m=[32m"h-4 w-4 text-blue-600 focus:ring-blue-500 border-gray-300 rounded"[39m
                [33mid[39m=[32m"adhdFriendlyMode"[39m
                [33mtype[39m=[32m"checkbox"[39m
              [36m/>[39m
              [36m<label[39m
                [33mclass[39m=[32m"ml-2 block text-sm text-gray-700"[39m
                [33mfor[39m=[32m"adhdFriendlyMode"[39m
              [36m>[39m
                [0mADHD Friendly Mode[0m
              [36m</label>[39m
            [36m</div>[39m
            [36m<div>[39m
              [36m<label[39m
                [33mclass[39m=[32m"block text-sm font-medium text-gray-700 mb-2"[39m
                [33mfor[39m=[32m"theme"[39m
              [36m>[39m
                [0mTheme[0m
              [36m</label>[39m
              [36m<select[39m
                [33mclass[39m=[32m"w-full px-3 py-2 border border-gray-300 rounded-md focus:outline-none focus:ring-2 focus:ring-blue-500"[39m
                [33mid[39m=[32m"theme"[39m
                [33mtabindex[39m=[32m"0"[39m
              [36m>[39m
                [36m<option[39m
                  [33mvalue[39m=[32m"system"[39m
                [36m>[39m
                  [0mSystem[0m
                [36m</option>[39m
                [36m<option[39m
                  [33mvalue[39m=[32m"light"[39m
                [36m>[39m
                  [0mLight[0m
                [36m</option>[39m
                [36m<option[39m
                  [33mvalue[39m=[32m"dark"[39m
                [36m>[39m
                  [0mDark[0m
                [36m</option>[39m
              [36m</select>[39m
            [36m</div>[39m
            [36m<div[39m
              [33mclass[39m=[32m"space-y-3"[39m
            [36m>[39m
              [36m<div[39m
                [33mclass[39m=[32m"flex items-center"[39m
              [36m>[39m
                [36m<input[39m
                  [33mclass[39m=[32m"h-4 w-4 text-blue-600 focus:ring-blue-500 border-gray-300 rounded"[39m
                  [33mid[39m=[32m"reducedMotion"[39m
                  [33mtype[39m=[32m"checkbox"[39m
                [36m/>[39m
                [36m<label[39m
                  [33mclass[39m=[32m"ml-2 block text-sm text-gray-700"[39m
                  [33mfor[39m=[32m"reducedMotion"[39m
                [36m>[39m
                  [0mReduced Motion[0m
                [36m</label>[39m
              [36m</div>[39m
              [36m<div[39m
                [33mclass[39m=[32m"flex items-center"[39m
              [36m>[39m
                [36m<input[39m
                  [33mclass[39m=[32m"h-4 w-4 text-blue-600 focus:ring-blue-500 border-gray-300 rounded"[39m
                  [33mid[39m=[32m"highContrast"[39m
                  [33mtype[39m=[32m"checkbox"[39m
                [36m/>[39m
                [36m<label[39m
                  [33mclass[39m=[32m"ml-2 block text-sm text-gray-700"[39m
                  [33mfor[39m=[32m"highContrast"[39m
                [36m>[39m
                  [0mHigh Contrast[0m
                [36m</label>[39m
              [36m</div>[39m
            [36m</div>[39m
          [36m</div>[39m
          [36m<div[39m
            [33mclass[39m=[32m"flex justify-between mt-8"[39m
          [36m>[39m
            [36m<button[39m
              [33mclass[39m=[32m"px-4 py-2 text-gray-600 bg-gray-200 rounded-md hover:bg-gray-300 disabled:bg-gray-100 disabled:text-gray-400"[39m
              [33mtabindex[39m=[32m"0"[39m
            [36m>[39m
              [0mBack[0m
            [36m</button>[39m
            [36m<button[39m
              [33mclass[39m=[32m"px-6 py-2 bg-blue-600 text-white rounded-md hover:bg-blue-700 disabled:bg-gray-400"[39m
              [33mtabindex[39m=[32m"0"[39m
            [36m>[39m
              [0mContinue[0m
            [36m</button>[39m
          [36m</div>[39m
        [36m</div>[39m
      [36m</div>[39m
    [36m</div>[39m
  [36m</body>[39m
[36m</html>[39m
   × SetupWizard > API Keys Configuration Step > should display API key input fields 38ms
     → Unable to find an accessible element with the role "button" and name `/continue/i`

Here are the accessible roles:

  progressbar:

  Name "":
  [36m<div[39m
    [33maria-valuemax[39m=[32m"4"[39m
    [33maria-valuemin[39m=[32m"0"[39m
    [33maria-valuenow[39m=[32m"4"[39m
    [33mclass[39m=[32m"bg-blue-600 h-2 rounded-full transition-all duration-300"[39m
    [33mrole[39m=[32m"progressbar"[39m
    [33mstyle[39m=[32m"width: 100%;"[39m
  [36m/>[39m

  --------------------------------------------------
  heading:

  Name "Review & Complete":
  [36m<h2[39m
    [33mclass[39m=[32m"text-2xl font-bold text-gray-900 mb-2"[39m
  [36m/>[39m

  Name "Configuration Summary":
  [36m<h3[39m
    [33mclass[39m=[32m"text-lg font-semibold text-gray-900"[39m
  [36m/>[39m

  Name "AI Provider:":
  [36m<h4[39m
    [33mclass[39m=[32m"font-medium text-gray-700"[39m
  [36m/>[39m

  Name "Monthly Budget:":
  [36m<h4[39m
    [33mclass[39m=[32m"font-medium text-gray-700"[39m
  [36m/>[39m

  Name "Citation Style:":
  [36m<h4[39m
    [33mclass[39m=[32m"font-medium text-gray-700"[39m
  [36m/>[39m

  Name "Language:":
  [36m<h4[39m
    [33mclass[39m=[32m"font-medium text-gray-700"[39m
  [36m/>[39m

  Name "Special Features:":
  [36m<h4[39m
    [33mclass[39m=[32m"font-medium text-gray-700 mb-2"[39m
  [36m/>[39m

  --------------------------------------------------
  paragraph:

  Name "":
  [36m<p[39m
    [33mclass[39m=[32m"text-gray-600 mb-6"[39m
  [36m/>[39m

  Name "":
  [36m<p[39m
    [33mclass[39m=[32m"text-gray-600"[39m
  [36m/>[39m

  Name "":
  [36m<p[39m
    [33mclass[39m=[32m"text-gray-600"[39m
  [36m/>[39m

  Name "":
  [36m<p[39m
    [33mclass[39m=[32m"text-gray-600"[39m
  [36m/>[39m

  Name "":
  [36m<p[39m
    [33mclass[39m=[32m"text-gray-600"[39m
  [36m/>[39m

  --------------------------------------------------
  list:

  Name "":
  [36m<ul[39m
    [33mclass[39m=[32m"text-gray-600 space-y-1"[39m
  [36m/>[39m

  --------------------------------------------------
  listitem:

  Name "":
  [36m<li />[39m

  --------------------------------------------------
  button:

  Name "Back":
  [36m<button[39m
    [33mclass[39m=[32m"px-4 py-2 text-gray-600 bg-gray-200 rounded-md hover:bg-gray-300 disabled:bg-gray-100 disabled:text-gray-400"[39m
    [33mtabindex[39m=[32m"0"[39m
  [36m/>[39m

  Name "Complete Setup":
  [36m<button[39m
    [33mclass[39m=[32m"px-6 py-2 bg-green-600 text-white rounded-md hover:bg-green-700 disabled:bg-gray-400"[39m
    [33mtabindex[39m=[32m"0"[39m
  [36m/>[39m

  --------------------------------------------------

Ignored nodes: comments, script, style
[36m<body>[39m
  [36m<div>[39m
    [36m<div[39m
      [33mclass[39m=[32m"max-w-2xl mx-auto p-6"[39m
    [36m>[39m
      [36m<div[39m
        [33mclass[39m=[32m"mb-8"[39m
      [36m>[39m
        [36m<div[39m
          [33mclass[39m=[32m"flex justify-between items-center mb-2"[39m
        [36m>[39m
          [36m<span[39m
            [33mclass[39m=[32m"text-sm text-gray-600"[39m
          [36m>[39m
            [0mStep [0m
            [0m4[0m
            [0m of [0m
            [0m4[0m
          [36m</span>[39m
          [36m<span[39m
            [33mclass[39m=[32m"text-sm text-gray-600"[39m
          [36m>[39m
            [0m100[0m
            [0m%[0m
          [36m</span>[39m
        [36m</div>[39m
        [36m<div[39m
          [33mclass[39m=[32m"w-full bg-gray-200 rounded-full h-2"[39m
        [36m>[39m
          [36m<div[39m
            [33maria-valuemax[39m=[32m"4"[39m
            [33maria-valuemin[39m=[32m"0"[39m
            [33maria-valuenow[39m=[32m"4"[39m
            [33mclass[39m=[32m"bg-blue-600 h-2 rounded-full transition-all duration-300"[39m
            [33mrole[39m=[32m"progressbar"[39m
            [33mstyle[39m=[32m"width: 100%;"[39m
          [36m/>[39m
        [36m</div>[39m
      [36m</div>[39m
      [36m<div[39m
        [33mclass[39m=[32m"bg-white rounded-lg shadow-md p-6"[39m
      [36m>[39m
        [36m<h2[39m
          [33mclass[39m=[32m"text-2xl font-bold text-gray-900 mb-2"[39m
        [36m>[39m
          [0mReview & Complete[0m
        [36m</h2>[39m
        [36m<p[39m
          [33mclass[39m=[32m"text-gray-600 mb-6"[39m
        [36m>[39m
          [0mReview your configuration and complete setup[0m
        [36m</p>[39m
        [36m<div[39m
          [33mclass[39m=[32m"space-y-6"[39m
        [36m>[39m
          [36m<h3[39m
            [33mclass[39m=[32m"text-lg font-semibold text-gray-900"[39m
          [36m>[39m
            [0mConfiguration Summary[0m
          [36m</h3>[39m
          [36m<div[39m
            [33mclass[39m=[32m"grid grid-cols-1 md:grid-cols-2 gap-4"[39m
          [36m>[39m
            [36m<div>[39m
              [36m<h4[39m
                [33mclass[39m=[32m"font-medium text-gray-700"[39m
              [36m>[39m
                [0mAI Provider:[0m
              [36m</h4>[39m
              [36m<p[39m
                [33mclass[39m=[32m"text-gray-600"[39m
              [36m>[39m
                [0mauto[0m
              [36m</p>[39m
            [36m</div>[39m
            [36m<div>[39m
              [36m<h4[39m
                [33mclass[39m=[32m"font-medium text-gray-700"[39m
              [36m>[39m
                [0mMonthly Budget:[0m
              [36m</h4>[39m
              [36m<p[39m
                [33mclass[39m=[32m"text-gray-600"[39m
              [36m>[39m
                [0m$[0m
                [0m100[0m
              [36m</p>[39m
            [36m</div>[39m
            [36m<div>[39m
              [36m<h4[39m
                [33mclass[39m=[32m"font-medium text-gray-700"[39m
              [36m>[39m
                [0mCitation Style:[0m
              [36m</h4>[39m
              [36m<p[39m
                [33mclass[39m=[32m"text-gray-600"[39m
              [36m>[39m
                [0mAPA[0m
              [36m</p>[39m
            [36m</div>[39m
            [36m<div>[39m
              [36m<h4[39m
                [33mclass[39m=[32m"font-medium text-gray-700"[39m
              [36m>[39m
                [0mLanguage:[0m
              [36m</h4>[39m
              [36m<p[39m
                [33mclass[39m=[32m"text-gray-600"[39m
              [36m>[39m
                [0mEnglish[0m
              [36m</p>[39m
            [36m</div>[39m
          [36m</div>[39m
          [36m<div[39m
            [33mclass[39m=[32m"bg-gray-50 p-4 rounded-lg"[39m
          [36m>[39m
            [36m<h4[39m
              [33mclass[39m=[32m"font-medium text-gray-700 mb-2"[39m
            [36m>[39m
              [0mSpecial Features:[0m
            [36m</h4>[39m
            [36m<ul[39m
              [33mclass[39m=[32m"text-gray-600 space-y-1"[39m
            [36m>[39m
              [36m<li>[39m
                [0m• Theme: [0m
                [0msystem[0m
              [36m</li>[39m
            [36m</ul>[39m
          [36m</div>[39m
        [36m</div>[39m
        [36m<div[39m
          [33mclass[39m=[32m"flex justify-between mt-8"[39m
        [36m>[39m
          [36m<button[39m
            [33mclass[39m=[32m"px-4 py-2 text-gray-600 bg-gray-200 rounded-md hover:bg-gray-300 disabled:bg-gray-100 disabled:text-gray-400"[39m
            [33mtabindex[39m=[32m"0"[39m
          [36m>[39m
            [0mBack[0m
          [36m</button>[39m
          [36m<button[39m
            [33mclass[39m=[32m"px-6 py-2 bg-green-600 text-white rounded-md hover:bg-green-700 disabled:bg-gray-400"[39m
            [33mtabindex[39m=[32m"0"[39m
          [36m>[39m
            [0mComplete Setup[0m
          [36m</button>[39m
        [36m</div>[39m
      [36m</div>[39m
    [36m</div>[39m
  [36m</div>[39m
[36m</body>[39m
   ✓ SetupWizard > API Keys Configuration Step > should validate API key format 15ms
   × SetupWizard > API Keys Configuration Step > should test API keys when valid 1019ms
     → Unable to find an element with the text: /api key is valid and working/i. This could be because the text is broken up by multiple elements. In this case, you can provide a function for your text matcher to make your matcher more flexible.

Ignored nodes: comments, script, style
[36m<body>[39m
  [36m<div>[39m
    [36m<div[39m
      [33mclass[39m=[32m"max-w-2xl mx-auto p-6"[39m
    [36m>[39m
      [36m<div[39m
        [33mclass[39m=[32m"mb-8"[39m
      [36m>[39m
        [36m<div[39m
          [33mclass[39m=[32m"flex justify-between items-center mb-2"[39m
        [36m>[39m
          [36m<span[39m
            [33mclass[39m=[32m"text-sm text-gray-600"[39m
          [36m>[39m
            [0mStep [0m
            [0m2[0m
            [0m of [0m
            [0m4[0m
          [36m</span>[39m
          [36m<span[39m
            [33mclass[39m=[32m"text-sm text-gray-600"[39m
          [36m>[39m
            [0m50[0m
            [0m%[0m
          [36m</span>[39m
        [36m</div>[39m
        [36m<div[39m
          [33mclass[39m=[32m"w-full bg-gray-200 rounded-full h-2"[39m
        [36m>[39m
          [36m<div[39m
            [33maria-valuemax[39m=[32m"4"[39m
            [33maria-valuemin[39m=[32m"0"[39m
            [33maria-valuenow[39m=[32m"2"[39m
            [33mclass[39m=[32m"bg-blue-600 h-2 rounded-full transition-all duration-300"[39m
            [33mrole[39m=[32m"progressbar"[39m
            [33mstyle[39m=[32m"width: 50%;"[39m
          [36m/>[39m
        [36m</div>[39m
      [36m</div>[39m
      [36m<div[39m
        [33mclass[39m=[32m"bg-white rounded-lg shadow-md p-6"[39m
      [36m>[39m
        [36m<h2[39m
          [33mclass[39m=[32m"text-2xl font-bold text-gray-900 mb-2"[39m
        [36m>[39m
          [0mAI Provider Configuration[0m
        [36m</h2>[39m
        [36m<p[39m
          [33mclass[39m=[32m"text-gray-600 mb-6"[39m
        [36m>[39m
          [0mConfigure your AI provider settings[0m
        [36m</p>[39m
        [36m<div[39m
          [33mclass[39m=[32m"space-y-6"[39m
        [36m>[39m
          [36m<div>[39m
            [36m<label[39m
              [33mclass[39m=[32m"block text-sm font-medium text-gray-700 mb-2"[39m
              [33mfor[39m=[32m"anthropicApiKey"[39m
            [36m>[39m
              [0mAnthropic API Key *[0m
            [36m</label>[39m
            [36m<div[39m
              [33mclass[39m=[32m"flex space-x-2"[39m
            [36m>[39m
              [36m<input[39m
                [33mclass[39m=[32m"flex-1 px-3 py-2 border rounded-md focus:outline-none focus:ring-2 focus:ring-blue-500 border-gray-300"[39m
                [33mid[39m=[32m"anthropicApiKey"[39m
                [33mplaceholder[39m=[32m"sk-ant-..."[39m
                [33mtabindex[39m=[32m"0"[39m
                [33mtype[39m=[32m"password"[39m
                [33mvalue[39m=[32m"sk-ant-valid-key"[39m
              [36m/>[39m
              [36m<button[39m
                [33mclass[39m=[32m"px-3 py-2 bg-blue-600 text-white rounded-md hover:bg-blue-700 disabled:bg-gray-400"[39m
                [33mtype[39m=[32m"button"[39m
              [36m>[39m
                [0mTest Anthropic Key[0m
              [36m</button>[39m
            [36m</div>[39m
            [36m<div[39m
              [33mclass[39m=[32m"mt-2 p-2 rounded bg-red-100 text-red-700"[39m
            [36m>[39m
              [0m✗[0m
              [0m [0m
              [0mTest completed[0m
            [36m</div>[39m
          [36m</div>[39m
          [36m<div>[39m
            [36m<label[39m
              [33mclass[39m=[32m"block text-sm font-medium text-gray-700 mb-2"[39m
              [33mfor[39m=[32m"openaiApiKey"[39m
            [36m>[39m
              [0mOpenAI API Key (Optional)[0m
            [36m</label>[39m
            [36m<div[39m
              [33mclass[39m=[32m"flex space-x-2"[39m
            [36m>[39m
              [36m<input[39m
                [33mclass[39m=[32m"flex-1 px-3 py-2 border rounded-md focus:outline-none focus:ring-2 focus:ring-blue-500 border-gray-300"[39m
                [33mid[39m=[32m"openaiApiKey"[39m
                [33mplaceholder[39m=[32m"sk-..."[39m
                [33mtabindex[39m=[32m"0"[39m
                [33mtype[39m=[32m"password"[39m
                [33mvalue[39m=[32m""[39m
              [36m/>[39m
              [36m<button[39m
                [33mclass[39m=[32m"px-3 py-2 bg-blue-600 text-white rounded-md hover:bg-blue-700 disabled:bg-gray-400"[39m
                [33mdisabled[39m=[32m""[39m
                [33mtype[39m=[32m"button"[39m
              [36m>[39m
                [0mTest OpenAI Key[0m
              [36m</button>[39m
            [36m</div>[39m
          [36m</div>[39m
          [36m<div>[39m
            [36m<label[39m
              [33mclass[39m=[32m"block text-sm font-medium text-gray-700 mb-2"[39m
              [33mfor[39m=[32m"monthlyBudget"[39m
            [36m>[39m
              [0mMonthly Budget ($) *[0m
            [36m</label>[39m
            [36m<input[39m
              [33mclass[39m=[32m"w-full px-3 py-2 border rounded-md focus:outline-none focus:ring-2 focus:ring-blue-500 border-gray-300"[39m
              [33mid[39m=[32m"monthlyBudget"[39m
              [33mmin[39m=[32m"0"[39m
              [33mstep[39m=[32m"0.01"[39m
              [33mtabindex[39m=[32m"0"[39m
              [33mtype[39m=[32m"number"[39m
              [33mvalue[39m=[32m"100"[39m
            [36m/>[39m
          [36m</div>[39m
          [36m<div>[39m
            [36m<label[39m
              [33mclass[39m=[32m"block text-sm font-medium text-gray-700 mb-2"[39m
              [33mfor[39m=[32m"preferredProvider"[39m
            [36m>[39m
              [0mPreferred Provider[0m
            [36m</label>[39m
            [36m<select[39m
              [33mclass[39m=[32m"w-full px-3 py-2 border border-gray-300 rounded-md focus:outline-none focus:ring-2 focus:ring-blue-500"[39m
              [33mid[39m=[32m"preferredProvider"[39m
              [33mtabindex[39m=[32m"0"[39m
            [36m>[39m
              [36m<option[39m
                [33mvalue[39m=[32m"auto"[39m
              [36m>[39m
                [0mAuto[0m
              [36m</option>[39m
              [36m<option[39m
                [33mvalue[39m=[32m"anthropic"[39m
              [36m>[39m
                [0mAnthropic[0m
              [36m</option>[39m
              [36m<option[39m
                [33mvalue[39m=[32m"openai"[39m
              [36m>[39m
                [0mOpenAI[0m
              [36m</option>[39m
            [36m</select>[39m
          [36m</div>[39m
        [36m</div>[39m
        [36m<div[39m
          [33mclass[39m=[32m"flex justify-between mt-8"[39m
        [36m>[39m
          [36m<button[39m
            [33mclass[39m=[32m"px-4 py-2 text-gray-600 bg-gray-200 rounded-md hover:bg-gray-300 disabled:bg-gray-100 disabled:text-gray-400"[39m
            [33mtabindex[39m=[32m"0"[39m
          [36m>[39m
            [0mBack[0m
          [36m</button>[39m
          [36m<button[39m
            [33mclass[39m=[32m"px-6 py-2 bg-blue-600 text-white rounded-md hover:bg-blue-700 disabled:bg-gray-400"[39m
            [33mtabindex[39m=[32m"0"[39m
          [36m>[39m
            [0mContinue[0m
          [36m</button>[39m
        [36m</div>[39m
      [36m</div>[39m
    [36m</div>[39m
  [36m</div>[39m
[36m</body>[39m

Ignored nodes: comments, script, style
[36m<html>[39m
  [36m<head />[39m
  [36m<body>[39m
    [36m<div>[39m
      [36m<div[39m
        [33mclass[39m=[32m"max-w-2xl mx-auto p-6"[39m
      [36m>[39m
        [36m<div[39m
          [33mclass[39m=[32m"mb-8"[39m
        [36m>[39m
          [36m<div[39m
            [33mclass[39m=[32m"flex justify-between items-center mb-2"[39m
          [36m>[39m
            [36m<span[39m
              [33mclass[39m=[32m"text-sm text-gray-600"[39m
            [36m>[39m
              [0mStep [0m
              [0m2[0m
              [0m of [0m
              [0m4[0m
            [36m</span>[39m
            [36m<span[39m
              [33mclass[39m=[32m"text-sm text-gray-600"[39m
            [36m>[39m
              [0m50[0m
              [0m%[0m
            [36m</span>[39m
          [36m</div>[39m
          [36m<div[39m
            [33mclass[39m=[32m"w-full bg-gray-200 rounded-full h-2"[39m
          [36m>[39m
            [36m<div[39m
              [33maria-valuemax[39m=[32m"4"[39m
              [33maria-valuemin[39m=[32m"0"[39m
              [33maria-valuenow[39m=[32m"2"[39m
              [33mclass[39m=[32m"bg-blue-600 h-2 rounded-full transition-all duration-300"[39m
              [33mrole[39m=[32m"progressbar"[39m
              [33mstyle[39m=[32m"width: 50%;"[39m
            [36m/>[39m
          [36m</div>[39m
        [36m</div>[39m
        [36m<div[39m
          [33mclass[39m=[32m"bg-white rounded-lg shadow-md p-6"[39m
        [36m>[39m
          [36m<h2[39m
            [33mclass[39m=[32m"text-2xl font-bold text-gray-900 mb-2"[39m
          [36m>[39m
            [0mAI Provider Configuration[0m
          [36m</h2>[39m
          [36m<p[39m
            [33mclass[39m=[32m"text-gray-600 mb-6"[39m
          [36m>[39m
            [0mConfigure your AI provider settings[0m
          [36m</p>[39m
          [36m<div[39m
            [33mclass[39m=[32m"space-y-6"[39m
          [36m>[39m
            [36m<div>[39m
              [36m<label[39m
                [33mclass[39m=[32m"block text-sm font-medium text-gray-700 mb-2"[39m
                [33mfor[39m=[32m"anthropicApiKey"[39m
              [36m>[39m
                [0mAnthropic API Key *[0m
              [36m</label>[39m
              [36m<div[39m
                [33mclass[39m=[32m"flex space-x-2"[39m
              [36m>[39m
                [36m<input[39m
                  [33mclass[39m=[32m"flex-1 px-3 py-2 border rounded-md focus:outline-none focus:ring-2 focus:ring-blue-500 border-gray-300"[39m
                  [33mid[39m=[32m"anthropicApiKey"[39m
                  [33mplaceholder[39m=[32m"sk-ant-..."[39m
                  [33mtabindex[39m=[32m"0"[39m
                  [33mtype[39m=[32m"password"[39m
                  [33mvalue[39m=[32m"sk-ant-valid-key"[39m
                [36m/>[39m
                [36m<button[39m
                  [33mclass[39m=[32m"px-3 py-2 bg-blue-600 text-white rounded-md hover:bg-blue-700 disabled:bg-gray-400"[39m
                  [33mtype[39m=[32m"button"[39m
                [36m>[39m
                  [0mTest Anthropic Key[0m
                [36m</button>[39m
              [36m</div>[39m
              [36m<div[39m
                [33mclass[39m=[32m"mt-2 p-2 rounded bg-red-100 text-red-700"[39m
              [36m>[39m
                [0m✗[0m
                [0m [0m
                [0mTest completed[0m
              [36m</div>[39m
            [36m</div>[39m
            [36m<div>[39m
              [36m<label[39m
                [33mclass[39m=[32m"block text-sm font-medium text-gray-700 mb-2"[39m
                [33mfor[39m=[32m"openaiApiKey"[39m
              [36m>[39m
                [0mOpenAI API Key (Optional)[0m
              [36m</label>[39m
              [36m<div[39m
                [33mclass[39m=[32m"flex space-x-2"[39m
              [36m>[39m
                [36m<input[39m
                  [33mclass[39m=[32m"flex-1 px-3 py-2 border rounded-md focus:outline-none focus:ring-2 focus:ring-blue-500 border-gray-300"[39m
                  [33mid[39m=[32m"openaiApiKey"[39m
                  [33mplaceholder[39m=[32m"sk-..."[39m
                  [33mtabindex[39m=[32m"0"[39m
                  [33mtype[39m=[32m"password"[39m
                  [33mvalue[39m=[32m""[39m
                [36m/>[39m
                [36m<button[39m
                  [33mclass[39m=[32m"px-3 py-2 bg-blue-600 text-white rounded-md hover:bg-blue-700 disabled:bg-gray-400"[39m
                  [33mdisabled[39m=[32m""[39m
                  [33mtype[39m=[32m"button"[39m
                [36m>[39m
                  [0mTest OpenAI Key[0m
                [36m</button>[39m
              [36m</div>[39m
            [36m</div>[39m
            [36m<div>[39m
              [36m<label[39m
                [33mclass[39m=[32m"block text-sm font-medium text-gray-700 mb-2"[39m
                [33mfor[39m=[32m"monthlyBudget"[39m
              [36m>[39m
                [0mMonthly Budget ($) *[0m
              [36m</label>[39m
              [36m<input[39m
                [33mclass[39m=[32m"w-full px-3 py-2 border rounded-md focus:outline-none focus:ring-2 focus:ring-blue-500 border-gray-300"[39m
                [33mid[39m=[32m"monthlyBudget"[39m
                [33mmin[39m=[32m"0"[39m
                [33mstep[39m=[32m"0.01"[39m
                [33mtabindex[39m=[32m"0"[39m
                [33mtype[39m=[32m"number"[39m
                [33mvalue[39m=[32m"100"[39m
              [36m/>[39m
            [36m</div>[39m
            [36m<div>[39m
              [36m<label[39m
                [33mclass[39m=[32m"block text-sm font-medium text-gray-700 mb-2"[39m
                [33mfor[39m=[32m"preferredProvider"[39m
              [36m>[39m
                [0mPreferred Provider[0m
              [36m</label>[39m
              [36m<select[39m
                [33mclass[39m=[32m"w-full px-3 py-2 border border-gray-300 rounded-md focus:outline-none focus:ring-2 focus:ring-blue-500"[39m
                [33mid[39m=[32m"preferredProvider"[39m
                [33mtabindex[39m=[32m"0"[39m
              [36m>[39m
                [36m<option[39m
                  [33mvalue[39m=[32m"auto"[39m
                [36m>[39m
                  [0mAuto[0m
                [36m</option>[39m
                [36m<option[39m
                  [33mvalue[39m=[32m"anthropic"[39m
                [36m>[39m
                  [0mAnthropic[0m
                [36m</option>[39m
                [36m<option[39m
                  [33mvalue[39m=[32m"openai"[39m
                [36m>[39m
                  [0mOpenAI[0m
                [36m</option>[39m
              [36m</select>[39m
            [36m</div>[39m
          [36m</div>[39m
          [36m<div[39m
            [33mclass[39m=[32m"flex justify-between mt-8"[39m
          [36m>[39m
            [36m<button[39m
              [33mclass[39m=[32m"px-4 py-2 text-gray-600 bg-gray-200 rounded-md hover:bg-gray-300 disabled:bg-gray-100 disabled:text-gray-400"[39m
              [33mtabindex[39m=[32m"0"[39m
            [36m>[39m
              [0mBack[0m
            [36m</button>[39m
            [36m<button[39m
              [33mclass[39m=[32m"px-6 py-2 bg-blue-600 text-white rounded-md hover:bg-blue-700 disabled:bg-gray-400"[39m
              [33mtabindex[39m=[32m"0"[39m
            [36m>[39m
              [0mContinue[0m
            [36m</button>[39m
          [36m</div>[39m
        [36m</div>[39m
      [36m</div>[39m
    [36m</div>[39m
  [36m</body>[39m
[36m</html>[39m
   × SetupWizard > API Keys Configuration Step > should prevent navigation without required fields 33ms
     → Unable to find an accessible element with the role "button" and name `/continue/i`

Here are the accessible roles:

  progressbar:

  Name "":
  [36m<div[39m
    [33maria-valuemax[39m=[32m"4"[39m
    [33maria-valuemin[39m=[32m"0"[39m
    [33maria-valuenow[39m=[32m"4"[39m
    [33mclass[39m=[32m"bg-blue-600 h-2 rounded-full transition-all duration-300"[39m
    [33mrole[39m=[32m"progressbar"[39m
    [33mstyle[39m=[32m"width: 100%;"[39m
  [36m/>[39m

  --------------------------------------------------
  heading:

  Name "Review & Complete":
  [36m<h2[39m
    [33mclass[39m=[32m"text-2xl font-bold text-gray-900 mb-2"[39m
  [36m/>[39m

  Name "Configuration Summary":
  [36m<h3[39m
    [33mclass[39m=[32m"text-lg font-semibold text-gray-900"[39m
  [36m/>[39m

  Name "AI Provider:":
  [36m<h4[39m
    [33mclass[39m=[32m"font-medium text-gray-700"[39m
  [36m/>[39m

  Name "Monthly Budget:":
  [36m<h4[39m
    [33mclass[39m=[32m"font-medium text-gray-700"[39m
  [36m/>[39m

  Name "Citation Style:":
  [36m<h4[39m
    [33mclass[39m=[32m"font-medium text-gray-700"[39m
  [36m/>[39m

  Name "Language:":
  [36m<h4[39m
    [33mclass[39m=[32m"font-medium text-gray-700"[39m
  [36m/>[39m

  Name "Special Features:":
  [36m<h4[39m
    [33mclass[39m=[32m"font-medium text-gray-700 mb-2"[39m
  [36m/>[39m

  --------------------------------------------------
  paragraph:

  Name "":
  [36m<p[39m
    [33mclass[39m=[32m"text-gray-600 mb-6"[39m
  [36m/>[39m

  Name "":
  [36m<p[39m
    [33mclass[39m=[32m"text-gray-600"[39m
  [36m/>[39m

  Name "":
  [36m<p[39m
    [33mclass[39m=[32m"text-gray-600"[39m
  [36m/>[39m

  Name "":
  [36m<p[39m
    [33mclass[39m=[32m"text-gray-600"[39m
  [36m/>[39m

  Name "":
  [36m<p[39m
    [33mclass[39m=[32m"text-gray-600"[39m
  [36m/>[39m

  --------------------------------------------------
  list:

  Name "":
  [36m<ul[39m
    [33mclass[39m=[32m"text-gray-600 space-y-1"[39m
  [36m/>[39m

  --------------------------------------------------
  listitem:

  Name "":
  [36m<li />[39m

  --------------------------------------------------
  button:

  Name "Back":
  [36m<button[39m
    [33mclass[39m=[32m"px-4 py-2 text-gray-600 bg-gray-200 rounded-md hover:bg-gray-300 disabled:bg-gray-100 disabled:text-gray-400"[39m
    [33mtabindex[39m=[32m"0"[39m
  [36m/>[39m

  Name "Complete Setup":
  [36m<button[39m
    [33mclass[39m=[32m"px-6 py-2 bg-green-600 text-white rounded-md hover:bg-green-700 disabled:bg-gray-400"[39m
    [33mtabindex[39m=[32m"0"[39m
  [36m/>[39m

  --------------------------------------------------

Ignored nodes: comments, script, style
[36m<body>[39m
  [36m<div>[39m
    [36m<div[39m
      [33mclass[39m=[32m"max-w-2xl mx-auto p-6"[39m
    [36m>[39m
      [36m<div[39m
        [33mclass[39m=[32m"mb-8"[39m
      [36m>[39m
        [36m<div[39m
          [33mclass[39m=[32m"flex justify-between items-center mb-2"[39m
        [36m>[39m
          [36m<span[39m
            [33mclass[39m=[32m"text-sm text-gray-600"[39m
          [36m>[39m
            [0mStep [0m
            [0m4[0m
            [0m of [0m
            [0m4[0m
          [36m</span>[39m
          [36m<span[39m
            [33mclass[39m=[32m"text-sm text-gray-600"[39m
          [36m>[39m
            [0m100[0m
            [0m%[0m
          [36m</span>[39m
        [36m</div>[39m
        [36m<div[39m
          [33mclass[39m=[32m"w-full bg-gray-200 rounded-full h-2"[39m
        [36m>[39m
          [36m<div[39m
            [33maria-valuemax[39m=[32m"4"[39m
            [33maria-valuemin[39m=[32m"0"[39m
            [33maria-valuenow[39m=[32m"4"[39m
            [33mclass[39m=[32m"bg-blue-600 h-2 rounded-full transition-all duration-300"[39m
            [33mrole[39m=[32m"progressbar"[39m
            [33mstyle[39m=[32m"width: 100%;"[39m
          [36m/>[39m
        [36m</div>[39m
      [36m</div>[39m
      [36m<div[39m
        [33mclass[39m=[32m"bg-white rounded-lg shadow-md p-6"[39m
      [36m>[39m
        [36m<h2[39m
          [33mclass[39m=[32m"text-2xl font-bold text-gray-900 mb-2"[39m
        [36m>[39m
          [0mReview & Complete[0m
        [36m</h2>[39m
        [36m<p[39m
          [33mclass[39m=[32m"text-gray-600 mb-6"[39m
        [36m>[39m
          [0mReview your configuration and complete setup[0m
        [36m</p>[39m
        [36m<div[39m
          [33mclass[39m=[32m"space-y-6"[39m
        [36m>[39m
          [36m<h3[39m
            [33mclass[39m=[32m"text-lg font-semibold text-gray-900"[39m
          [36m>[39m
            [0mConfiguration Summary[0m
          [36m</h3>[39m
          [36m<div[39m
            [33mclass[39m=[32m"grid grid-cols-1 md:grid-cols-2 gap-4"[39m
          [36m>[39m
            [36m<div>[39m
              [36m<h4[39m
                [33mclass[39m=[32m"font-medium text-gray-700"[39m
              [36m>[39m
                [0mAI Provider:[0m
              [36m</h4>[39m
              [36m<p[39m
                [33mclass[39m=[32m"text-gray-600"[39m
              [36m>[39m
                [0mauto[0m
              [36m</p>[39m
            [36m</div>[39m
            [36m<div>[39m
              [36m<h4[39m
                [33mclass[39m=[32m"font-medium text-gray-700"[39m
              [36m>[39m
                [0mMonthly Budget:[0m
              [36m</h4>[39m
              [36m<p[39m
                [33mclass[39m=[32m"text-gray-600"[39m
              [36m>[39m
                [0m$[0m
                [0m100[0m
              [36m</p>[39m
            [36m</div>[39m
            [36m<div>[39m
              [36m<h4[39m
                [33mclass[39m=[32m"font-medium text-gray-700"[39m
              [36m>[39m
                [0mCitation Style:[0m
              [36m</h4>[39m
              [36m<p[39m
                [33mclass[39m=[32m"text-gray-600"[39m
              [36m>[39m
                [0mAPA[0m
              [36m</p>[39m
            [36m</div>[39m
            [36m<div>[39m
              [36m<h4[39m
                [33mclass[39m=[32m"font-medium text-gray-700"[39m
              [36m>[39m
                [0mLanguage:[0m
              [36m</h4>[39m
              [36m<p[39m
                [33mclass[39m=[32m"text-gray-600"[39m
              [36m>[39m
                [0mEnglish[0m
              [36m</p>[39m
            [36m</div>[39m
          [36m</div>[39m
          [36m<div[39m
            [33mclass[39m=[32m"bg-gray-50 p-4 rounded-lg"[39m
          [36m>[39m
            [36m<h4[39m
              [33mclass[39m=[32m"font-medium text-gray-700 mb-2"[39m
            [36m>[39m
              [0mSpecial Features:[0m
            [36m</h4>[39m
            [36m<ul[39m
              [33mclass[39m=[32m"text-gray-600 space-y-1"[39m
            [36m>[39m
              [36m<li>[39m
                [0m• Theme: [0m
                [0msystem[0m
              [36m</li>[39m
            [36m</ul>[39m
          [36m</div>[39m
        [36m</div>[39m
        [36m<div[39m
          [33mclass[39m=[32m"flex justify-between mt-8"[39m
        [36m>[39m
          [36m<button[39m
            [33mclass[39m=[32m"px-4 py-2 text-gray-600 bg-gray-200 rounded-md hover:bg-gray-300 disabled:bg-gray-100 disabled:text-gray-400"[39m
            [33mtabindex[39m=[32m"0"[39m
          [36m>[39m
            [0mBack[0m
          [36m</button>[39m
          [36m<button[39m
            [33mclass[39m=[32m"px-6 py-2 bg-green-600 text-white rounded-md hover:bg-green-700 disabled:bg-gray-400"[39m
            [33mtabindex[39m=[32m"0"[39m
          [36m>[39m
            [0mComplete Setup[0m
          [36m</button>[39m
        [36m</div>[39m
      [36m</div>[39m
    [36m</div>[39m
  [36m</div>[39m
[36m</body>[39m
   ✓ SetupWizard > API Keys Configuration Step > should enable navigation when requirements met 14ms
   ✓ SetupWizard > Academic Preferences Step > should display preference settings 17ms
   × SetupWizard > Academic Preferences Step > should update citation style selection 15ms
     → Unable to find an accessible element with the role "button" and name `/continue/i`

Here are the accessible roles:

  progressbar:

  Name "":
  [36m<div[39m
    [33maria-valuemax[39m=[32m"4"[39m
    [33maria-valuemin[39m=[32m"0"[39m
    [33maria-valuenow[39m=[32m"4"[39m
    [33mclass[39m=[32m"bg-blue-600 h-2 rounded-full transition-all duration-300"[39m
    [33mrole[39m=[32m"progressbar"[39m
    [33mstyle[39m=[32m"width: 100%;"[39m
  [36m/>[39m

  --------------------------------------------------
  heading:

  Name "Review & Complete":
  [36m<h2[39m
    [33mclass[39m=[32m"text-2xl font-bold text-gray-900 mb-2"[39m
  [36m/>[39m

  Name "Configuration Summary":
  [36m<h3[39m
    [33mclass[39m=[32m"text-lg font-semibold text-gray-900"[39m
  [36m/>[39m

  Name "AI Provider:":
  [36m<h4[39m
    [33mclass[39m=[32m"font-medium text-gray-700"[39m
  [36m/>[39m

  Name "Monthly Budget:":
  [36m<h4[39m
    [33mclass[39m=[32m"font-medium text-gray-700"[39m
  [36m/>[39m

  Name "Citation Style:":
  [36m<h4[39m
    [33mclass[39m=[32m"font-medium text-gray-700"[39m
  [36m/>[39m

  Name "Language:":
  [36m<h4[39m
    [33mclass[39m=[32m"font-medium text-gray-700"[39m
  [36m/>[39m

  Name "Special Features:":
  [36m<h4[39m
    [33mclass[39m=[32m"font-medium text-gray-700 mb-2"[39m
  [36m/>[39m

  --------------------------------------------------
  paragraph:

  Name "":
  [36m<p[39m
    [33mclass[39m=[32m"text-gray-600 mb-6"[39m
  [36m/>[39m

  Name "":
  [36m<p[39m
    [33mclass[39m=[32m"text-gray-600"[39m
  [36m/>[39m

  Name "":
  [36m<p[39m
    [33mclass[39m=[32m"text-gray-600"[39m
  [36m/>[39m

  Name "":
  [36m<p[39m
    [33mclass[39m=[32m"text-gray-600"[39m
  [36m/>[39m

  Name "":
  [36m<p[39m
    [33mclass[39m=[32m"text-gray-600"[39m
  [36m/>[39m

  --------------------------------------------------
  list:

  Name "":
  [36m<ul[39m
    [33mclass[39m=[32m"text-gray-600 space-y-1"[39m
  [36m/>[39m

  --------------------------------------------------
  listitem:

  Name "":
  [36m<li />[39m

  --------------------------------------------------
  button:

  Name "Back":
  [36m<button[39m
    [33mclass[39m=[32m"px-4 py-2 text-gray-600 bg-gray-200 rounded-md hover:bg-gray-300 disabled:bg-gray-100 disabled:text-gray-400"[39m
    [33mtabindex[39m=[32m"0"[39m
  [36m/>[39m

  Name "Complete Setup":
  [36m<button[39m
    [33mclass[39m=[32m"px-6 py-2 bg-green-600 text-white rounded-md hover:bg-green-700 disabled:bg-gray-400"[39m
    [33mtabindex[39m=[32m"0"[39m
  [36m/>[39m

  --------------------------------------------------

Ignored nodes: comments, script, style
[36m<body>[39m
  [36m<div>[39m
    [36m<div[39m
      [33mclass[39m=[32m"max-w-2xl mx-auto p-6"[39m
    [36m>[39m
      [36m<div[39m
        [33mclass[39m=[32m"mb-8"[39m
      [36m>[39m
        [36m<div[39m
          [33mclass[39m=[32m"flex justify-between items-center mb-2"[39m
        [36m>[39m
          [36m<span[39m
            [33mclass[39m=[32m"text-sm text-gray-600"[39m
          [36m>[39m
            [0mStep [0m
            [0m4[0m
            [0m of [0m
            [0m4[0m
          [36m</span>[39m
          [36m<span[39m
            [33mclass[39m=[32m"text-sm text-gray-600"[39m
          [36m>[39m
            [0m100[0m
            [0m%[0m
          [36m</span>[39m
        [36m</div>[39m
        [36m<div[39m
          [33mclass[39m=[32m"w-full bg-gray-200 rounded-full h-2"[39m
        [36m>[39m
          [36m<div[39m
            [33maria-valuemax[39m=[32m"4"[39m
            [33maria-valuemin[39m=[32m"0"[39m
            [33maria-valuenow[39m=[32m"4"[39m
            [33mclass[39m=[32m"bg-blue-600 h-2 rounded-full transition-all duration-300"[39m
            [33mrole[39m=[32m"progressbar"[39m
            [33mstyle[39m=[32m"width: 100%;"[39m
          [36m/>[39m
        [36m</div>[39m
      [36m</div>[39m
      [36m<div[39m
        [33mclass[39m=[32m"bg-white rounded-lg shadow-md p-6"[39m
      [36m>[39m
        [36m<h2[39m
          [33mclass[39m=[32m"text-2xl font-bold text-gray-900 mb-2"[39m
        [36m>[39m
          [0mReview & Complete[0m
        [36m</h2>[39m
        [36m<p[39m
          [33mclass[39m=[32m"text-gray-600 mb-6"[39m
        [36m>[39m
          [0mReview your configuration and complete setup[0m
        [36m</p>[39m
        [36m<div[39m
          [33mclass[39m=[32m"space-y-6"[39m
        [36m>[39m
          [36m<h3[39m
            [33mclass[39m=[32m"text-lg font-semibold text-gray-900"[39m
          [36m>[39m
            [0mConfiguration Summary[0m
          [36m</h3>[39m
          [36m<div[39m
            [33mclass[39m=[32m"grid grid-cols-1 md:grid-cols-2 gap-4"[39m
          [36m>[39m
            [36m<div>[39m
              [36m<h4[39m
                [33mclass[39m=[32m"font-medium text-gray-700"[39m
              [36m>[39m
                [0mAI Provider:[0m
              [36m</h4>[39m
              [36m<p[39m
                [33mclass[39m=[32m"text-gray-600"[39m
              [36m>[39m
                [0mauto[0m
              [36m</p>[39m
            [36m</div>[39m
            [36m<div>[39m
              [36m<h4[39m
                [33mclass[39m=[32m"font-medium text-gray-700"[39m
              [36m>[39m
                [0mMonthly Budget:[0m
              [36m</h4>[39m
              [36m<p[39m
                [33mclass[39m=[32m"text-gray-600"[39m
              [36m>[39m
                [0m$[0m
                [0m100[0m
              [36m</p>[39m
            [36m</div>[39m
            [36m<div>[39m
              [36m<h4[39m
                [33mclass[39m=[32m"font-medium text-gray-700"[39m
              [36m>[39m
                [0mCitation Style:[0m
              [36m</h4>[39m
              [36m<p[39m
                [33mclass[39m=[32m"text-gray-600"[39m
              [36m>[39m
                [0mAPA[0m
              [36m</p>[39m
            [36m</div>[39m
            [36m<div>[39m
              [36m<h4[39m
                [33mclass[39m=[32m"font-medium text-gray-700"[39m
              [36m>[39m
                [0mLanguage:[0m
              [36m</h4>[39m
              [36m<p[39m
                [33mclass[39m=[32m"text-gray-600"[39m
              [36m>[39m
                [0mEnglish[0m
              [36m</p>[39m
            [36m</div>[39m
          [36m</div>[39m
          [36m<div[39m
            [33mclass[39m=[32m"bg-gray-50 p-4 rounded-lg"[39m
          [36m>[39m
            [36m<h4[39m
              [33mclass[39m=[32m"font-medium text-gray-700 mb-2"[39m
            [36m>[39m
              [0mSpecial Features:[0m
            [36m</h4>[39m
            [36m<ul[39m
              [33mclass[39m=[32m"text-gray-600 space-y-1"[39m
            [36m>[39m
              [36m<li>[39m
                [0m• Theme: [0m
                [0msystem[0m
              [36m</li>[39m
            [36m</ul>[39m
          [36m</div>[39m
        [36m</div>[39m
        [36m<div[39m
          [33mclass[39m=[32m"flex justify-between mt-8"[39m
        [36m>[39m
          [36m<button[39m
            [33mclass[39m=[32m"px-4 py-2 text-gray-600 bg-gray-200 rounded-md hover:bg-gray-300 disabled:bg-gray-100 disabled:text-gray-400"[39m
            [33mtabindex[39m=[32m"0"[39m
          [36m>[39m
            [0mBack[0m
          [36m</button>[39m
          [36m<button[39m
            [33mclass[39m=[32m"px-6 py-2 bg-green-600 text-white rounded-md hover:bg-green-700 disabled:bg-gray-400"[39m
            [33mtabindex[39m=[32m"0"[39m
          [36m>[39m
            [0mComplete Setup[0m
          [36m</button>[39m
        [36m</div>[39m
      [36m</div>[39m
    [36m</div>[39m
  [36m</div>[39m
[36m</body>[39m
   × SetupWizard > Academic Preferences Step > should toggle ADHD friendly mode 1014ms
     → Unable to find role="heading" and name `/Academic Preferences/i`

Ignored nodes: comments, script, style
[36m<body>[39m
  [36m<div>[39m
    [36m<div[39m
      [33mclass[39m=[32m"max-w-2xl mx-auto p-6"[39m
    [36m>[39m
      [36m<div[39m
        [33mclass[39m=[32m"mb-8"[39m
      [36m>[39m
        [36m<div[39m
          [33mclass[39m=[32m"flex justify-between items-center mb-2"[39m
        [36m>[39m
          [36m<span[39m
            [33mclass[39m=[32m"text-sm text-gray-600"[39m
          [36m>[39m
            [0mStep [0m
            [0m2[0m
            [0m of [0m
            [0m4[0m
          [36m</span>[39m
          [36m<span[39m
            [33mclass[39m=[32m"text-sm text-gray-600"[39m
          [36m>[39m
            [0m50[0m
            [0m%[0m
          [36m</span>[39m
        [36m</div>[39m
        [36m<div[39m
          [33mclass[39m=[32m"w-full bg-gray-200 rounded-full h-2"[39m
        [36m>[39m
          [36m<div[39m
            [33maria-valuemax[39m=[32m"4"[39m
            [33maria-valuemin[39m=[32m"0"[39m
            [33maria-valuenow[39m=[32m"2"[39m
            [33mclass[39m=[32m"bg-blue-600 h-2 rounded-full transition-all duration-300"[39m
            [33mrole[39m=[32m"progressbar"[39m
            [33mstyle[39m=[32m"width: 50%;"[39m
          [36m/>[39m
        [36m</div>[39m
      [36m</div>[39m
      [36m<div[39m
        [33mclass[39m=[32m"bg-white rounded-lg shadow-md p-6"[39m
      [36m>[39m
        [36m<h2[39m
          [33mclass[39m=[32m"text-2xl font-bold text-gray-900 mb-2"[39m
        [36m>[39m
          [0mAI Provider Configuration[0m
        [36m</h2>[39m
        [36m<p[39m
          [33mclass[39m=[32m"text-gray-600 mb-6"[39m
        [36m>[39m
          [0mConfigure your AI provider settings[0m
        [36m</p>[39m
        [36m<div[39m
          [33mclass[39m=[32m"space-y-6"[39m
        [36m>[39m
          [36m<div>[39m
            [36m<label[39m
              [33mclass[39m=[32m"block text-sm font-medium text-gray-700 mb-2"[39m
              [33mfor[39m=[32m"anthropicApiKey"[39m
            [36m>[39m
              [0mAnthropic API Key *[0m
            [36m</label>[39m
            [36m<div[39m
              [33mclass[39m=[32m"flex space-x-2"[39m
            [36m>[39m
              [36m<input[39m
                [33mclass[39m=[32m"flex-1 px-3 py-2 border rounded-md focus:outline-none focus:ring-2 focus:ring-blue-500 border-gray-300"[39m
                [33mid[39m=[32m"anthropicApiKey"[39m
                [33mplaceholder[39m=[32m"sk-ant-..."[39m
                [33mtabindex[39m=[32m"0"[39m
                [33mtype[39m=[32m"password"[39m
                [33mvalue[39m=[32m"sk-ant-valid-key"[39m
              [36m/>[39m
              [36m<button[39m
                [33mclass[39m=[32m"px-3 py-2 bg-blue-600 text-white rounded-md hover:bg-blue-700 disabled:bg-gray-400"[39m
                [33mtype[39m=[32m"button"[39m
              [36m>[39m
                [0mTest Anthropic Key[0m
              [36m</button>[39m
            [36m</div>[39m
          [36m</div>[39m
          [36m<div>[39m
            [36m<label[39m
              [33mclass[39m=[32m"block text-sm font-medium text-gray-700 mb-2"[39m
              [33mfor[39m=[32m"openaiApiKey"[39m
            [36m>[39m
              [0mOpenAI API Key (Optional)[0m
            [36m</label>[39m
            [36m<div[39m
              [33mclass[39m=[32m"flex space-x-2"[39m
            [36m>[39m
              [36m<input[39m
                [33mclass[39m=[32m"flex-1 px-3 py-2 border rounded-md focus:outline-none focus:ring-2 focus:ring-blue-500 border-gray-300"[39m
                [33mid[39m=[32m"openaiApiKey"[39m
                [33mplaceholder[39m=[32m"sk-..."[39m
                [33mtabindex[39m=[32m"0"[39m
                [33mtype[39m=[32m"password"[39m
                [33mvalue[39m=[32m""[39m
              [36m/>[39m
              [36m<button[39m
                [33mclass[39m=[32m"px-3 py-2 bg-blue-600 text-white rounded-md hover:bg-blue-700 disabled:bg-gray-400"[39m
                [33mdisabled[39m=[32m""[39m
                [33mtype[39m=[32m"button"[39m
              [36m>[39m
                [0mTest OpenAI Key[0m
              [36m</button>[39m
            [36m</div>[39m
          [36m</div>[39m
          [36m<div>[39m
            [36m<label[39m
              [33mclass[39m=[32m"block text-sm font-medium text-gray-700 mb-2"[39m
              [33mfor[39m=[32m"monthlyBudget"[39m
            [36m>[39m
              [0mMonthly Budget ($) *[0m
            [36m</label>[39m
            [36m<input[39m
              [33mclass[39m=[32m"w-full px-3 py-2 border rounded-md focus:outline-none focus:ring-2 focus:ring-blue-500 border-gray-300"[39m
              [33mid[39m=[32m"monthlyBudget"[39m
              [33mmin[39m=[32m"0"[39m
              [33mstep[39m=[32m"0.01"[39m
              [33mtabindex[39m=[32m"0"[39m
              [33mtype[39m=[32m"number"[39m
              [33mvalue[39m=[32m"100"[39m
            [36m/>[39m
          [36m</div>[39m
          [36m<div>[39m
            [36m<label[39m
              [33mclass[39m=[32m"block text-sm font-medium text-gray-700 mb-2"[39m
              [33mfor[39m=[32m"preferredProvider"[39m
            [36m>[39m
              [0mPreferred Provider[0m
            [36m</label>[39m
            [36m<select[39m
              [33mclass[39m=[32m"w-full px-3 py-2 border border-gray-300 rounded-md focus:outline-none focus:ring-2 focus:ring-blue-500"[39m
              [33mid[39m=[32m"preferredProvider"[39m
              [33mtabindex[39m=[32m"0"[39m
            [36m>[39m
              [36m<option[39m
                [33mvalue[39m=[32m"auto"[39m
              [36m>[39m
                [0mAuto[0m
              [36m</option>[39m
              [36m<option[39m
                [33mvalue[39m=[32m"anthropic"[39m
              [36m>[39m
                [0mAnthropic[0m
              [36m</option>[39m
              [36m<option[39m
                [33mvalue[39m=[32m"openai"[39m
              [36m>[39m
                [0mOpenAI[0m
              [36m</option>[39m
            [36m</select>[39m
          [36m</div>[39m
        [36m</div>[39m
        [36m<div[39m
          [33mclass[39m=[32m"flex justify-between mt-8"[39m
        [36m>[39m
          [36m<button[39m
            [33mclass[39m=[32m"px-4 py-2 text-gray-600 bg-gray-200 rounded-md hover:bg-gray-300 disabled:bg-gray-100 disabled:text-gray-400"[39m
            [33mtabindex[39m=[32m"0"[39m
          [36m>[39m
            [0mBack[0m
          [36m</button>[39m
          [36m<button[39m
            [33mclass[39m=[32m"px-6 py-2 bg-blue-600 text-white rounded-md hover:bg-blue-700 disabled:bg-gray-400"[39m
            [33mtabindex[39m=[32m"0"[39m
          [36m>[39m
            [0mContinue[0m
          [36m</button>[39m
        [36m</div>[39m
      [36m</div>[39m
    [36m</div>[39m
  [36m</div>[39m
[36m</body>[39m

Ignored nodes: comments, script, style
[36m<html>[39m
  [36m<head />[39m
  [36m<body>[39m
    [36m<div>[39m
      [36m<div[39m
        [33mclass[39m=[32m"max-w-2xl mx-auto p-6"[39m
      [36m>[39m
        [36m<div[39m
          [33mclass[39m=[32m"mb-8"[39m
        [36m>[39m
          [36m<div[39m
            [33mclass[39m=[32m"flex justify-between items-center mb-2"[39m
          [36m>[39m
            [36m<span[39m
              [33mclass[39m=[32m"text-sm text-gray-600"[39m
            [36m>[39m
              [0mStep [0m
              [0m2[0m
              [0m of [0m
              [0m4[0m
            [36m</span>[39m
            [36m<span[39m
              [33mclass[39m=[32m"text-sm text-gray-600"[39m
            [36m>[39m
              [0m50[0m
              [0m%[0m
            [36m</span>[39m
          [36m</div>[39m
          [36m<div[39m
            [33mclass[39m=[32m"w-full bg-gray-200 rounded-full h-2"[39m
          [36m>[39m
            [36m<div[39m
              [33maria-valuemax[39m=[32m"4"[39m
              [33maria-valuemin[39m=[32m"0"[39m
              [33maria-valuenow[39m=[32m"2"[39m
              [33mclass[39m=[32m"bg-blue-600 h-2 rounded-full transition-all duration-300"[39m
              [33mrole[39m=[32m"progressbar"[39m
              [33mstyle[39m=[32m"width: 50%;"[39m
            [36m/>[39m
          [36m</div>[39m
        [36m</div>[39m
        [36m<div[39m
          [33mclass[39m=[32m"bg-white rounded-lg shadow-md p-6"[39m
        [36m>[39m
          [36m<h2[39m
            [33mclass[39m=[32m"text-2xl font-bold text-gray-900 mb-2"[39m
          [36m>[39m
            [0mAI Provider Configuration[0m
          [36m</h2>[39m
          [36m<p[39m
            [33mclass[39m=[32m"text-gray-600 mb-6"[39m
          [36m>[39m
            [0mConfigure your AI provider settings[0m
          [36m</p>[39m
          [36m<div[39m
            [33mclass[39m=[32m"space-y-6"[39m
          [36m>[39m
            [36m<div>[39m
              [36m<label[39m
                [33mclass[39m=[32m"block text-sm font-medium text-gray-700 mb-2"[39m
                [33mfor[39m=[32m"anthropicApiKey"[39m
              [36m>[39m
                [0mAnthropic API Key *[0m
              [36m</label>[39m
              [36m<div[39m
                [33mclass[39m=[32m"flex space-x-2"[39m
              [36m>[39m
                [36m<input[39m
                  [33mclass[39m=[32m"flex-1 px-3 py-2 border rounded-md focus:outline-none focus:ring-2 focus:ring-blue-500 border-gray-300"[39m
                  [33mid[39m=[32m"anthropicApiKey"[39m
                  [33mplaceholder[39m=[32m"sk-ant-..."[39m
                  [33mtabindex[39m=[32m"0"[39m
                  [33mtype[39m=[32m"password"[39m
                  [33mvalue[39m=[32m"sk-ant-valid-key"[39m
                [36m/>[39m
                [36m<button[39m
                  [33mclass[39m=[32m"px-3 py-2 bg-blue-600 text-white rounded-md hover:bg-blue-700 disabled:bg-gray-400"[39m
                  [33mtype[39m=[32m"button"[39m
                [36m>[39m
                  [0mTest Anthropic Key[0m
                [36m</button>[39m
              [36m</div>[39m
            [36m</div>[39m
            [36m<div>[39m
              [36m<label[39m
                [33mclass[39m=[32m"block text-sm font-medium text-gray-700 mb-2"[39m
                [33mfor[39m=[32m"openaiApiKey"[39m
              [36m>[39m
                [0mOpenAI API Key (Optional)[0m
              [36m</label>[39m
              [36m<div[39m
                [33mclass[39m=[32m"flex space-x-2"[39m
              [36m>[39m
                [36m<input[39m
                  [33mclass[39m=[32m"flex-1 px-3 py-2 border rounded-md focus:outline-none focus:ring-2 focus:ring-blue-500 border-gray-300"[39m
                  [33mid[39m=[32m"openaiApiKey"[39m
                  [33mplaceholder[39m=[32m"sk-..."[39m
                  [33mtabindex[39m=[32m"0"[39m
                  [33mtype[39m=[32m"password"[39m
                  [33mvalue[39m=[32m""[39m
                [36m/>[39m
                [36m<button[39m
                  [33mclass[39m=[32m"px-3 py-2 bg-blue-600 text-white rounded-md hover:bg-blue-700 disabled:bg-gray-400"[39m
                  [33mdisabled[39m=[32m""[39m
                  [33mtype[39m=[32m"button"[39m
                [36m>[39m
                  [0mTest OpenAI Key[0m
                [36m</button>[39m
              [36m</div>[39m
            [36m</div>[39m
            [36m<div>[39m
              [36m<label[39m
                [33mclass[39m=[32m"block text-sm font-medium text-gray-700 mb-2"[39m
                [33mfor[39m=[32m"monthlyBudget"[39m
              [36m>[39m
                [0mMonthly Budget ($) *[0m
              [36m</label>[39m
              [36m<input[39m
                [33mclass[39m=[32m"w-full px-3 py-2 border rounded-md focus:outline-none focus:ring-2 focus:ring-blue-500 border-gray-300"[39m
                [33mid[39m=[32m"monthlyBudget"[39m
                [33mmin[39m=[32m"0"[39m
                [33mstep[39m=[32m"0.01"[39m
                [33mtabindex[39m=[32m"0"[39m
                [33mtype[39m=[32m"number"[39m
                [33mvalue[39m=[32m"100"[39m
              [36m/>[39m
            [36m</div>[39m
            [36m<div>[39m
              [36m<label[39m
                [33mclass[39m=[32m"block text-sm font-medium text-gray-700 mb-2"[39m
                [33mfor[39m=[32m"preferredProvider"[39m
              [36m>[39m
                [0mPreferred Provider[0m
              [36m</label>[39m
              [36m<select[39m
                [33mclass[39m=[32m"w-full px-3 py-2 border border-gray-300 rounded-md focus:outline-none focus:ring-2 focus:ring-blue-500"[39m
                [33mid[39m=[32m"preferredProvider"[39m
                [33mtabindex[39m=[32m"0"[39m
              [36m>[39m
                [36m<option[39m
                  [33mvalue[39m=[32m"auto"[39m
                [36m>[39m
                  [0mAuto[0m
                [36m</option>[39m
                [36m<option[39m
                  [33mvalue[39m=[32m"anthropic"[39m
                [36m>[39m
                  [0mAnthropic[0m
                [36m</option>[39m
                [36m<option[39m
                  [33mvalue[39m=[32m"openai"[39m
                [36m>[39m
                  [0mOpenAI[0m
                [36m</option>[39m
              [36m</select>[39m
            [36m</div>[39m
          [36m</div>[39m
          [36m<div[39m
            [33mclass[39m=[32m"flex justify-between mt-8"[39m
          [36m>[39m
            [36m<button[39m
              [33mclass[39m=[32m"px-4 py-2 text-gray-600 bg-gray-200 rounded-md hover:bg-gray-300 disabled:bg-gray-100 disabled:text-gray-400"[39m
              [33mtabindex[39m=[32m"0"[39m
            [36m>[39m
              [0mBack[0m
            [36m</button>[39m
            [36m<button[39m
              [33mclass[39m=[32m"px-6 py-2 bg-blue-600 text-white rounded-md hover:bg-blue-700 disabled:bg-gray-400"[39m
              [33mtabindex[39m=[32m"0"[39m
            [36m>[39m
              [0mContinue[0m
            [36m</button>[39m
          [36m</div>[39m
        [36m</div>[39m
      [36m</div>[39m
    [36m</div>[39m
  [36m</body>[39m
[36m</html>[39m
   × SetupWizard > Academic Preferences Step > should allow navigation with default preferences 18ms
     → Unable to find a label with the text of: /anthropic api key/i

Ignored nodes: comments, script, style
[36m<body>[39m
  [36m<div>[39m
    [36m<div[39m
      [33mclass[39m=[32m"max-w-2xl mx-auto p-6"[39m
    [36m>[39m
      [36m<div[39m
        [33mclass[39m=[32m"mb-8"[39m
      [36m>[39m
        [36m<div[39m
          [33mclass[39m=[32m"flex justify-between items-center mb-2"[39m
        [36m>[39m
          [36m<span[39m
            [33mclass[39m=[32m"text-sm text-gray-600"[39m
          [36m>[39m
            [0mStep [0m
            [0m3[0m
            [0m of [0m
            [0m4[0m
          [36m</span>[39m
          [36m<span[39m
            [33mclass[39m=[32m"text-sm text-gray-600"[39m
          [36m>[39m
            [0m75[0m
            [0m%[0m
          [36m</span>[39m
        [36m</div>[39m
        [36m<div[39m
          [33mclass[39m=[32m"w-full bg-gray-200 rounded-full h-2"[39m
        [36m>[39m
          [36m<div[39m
            [33maria-valuemax[39m=[32m"4"[39m
            [33maria-valuemin[39m=[32m"0"[39m
            [33maria-valuenow[39m=[32m"3"[39m
            [33mclass[39m=[32m"bg-blue-600 h-2 rounded-full transition-all duration-300"[39m
            [33mrole[39m=[32m"progressbar"[39m
            [33mstyle[39m=[32m"width: 75%;"[39m
          [36m/>[39m
        [36m</div>[39m
      [36m</div>[39m
      [36m<div[39m
        [33mclass[39m=[32m"bg-white rounded-lg shadow-md p-6"[39m
      [36m>[39m
        [36m<h2[39m
          [33mclass[39m=[32m"text-2xl font-bold text-gray-900 mb-2"[39m
        [36m>[39m
          [0mAcademic Preferences[0m
        [36m</h2>[39m
        [36m<p[39m
          [33mclass[39m=[32m"text-gray-600 mb-6"[39m
        [36m>[39m
          [0mSet your academic and citation preferences[0m
        [36m</p>[39m
        [36m<div[39m
          [33mclass[39m=[32m"space-y-6"[39m
        [36m>[39m
          [36m<div[39m
            [33mclass[39m=[32m"grid grid-cols-1 md:grid-cols-2 gap-6"[39m
          [36m>[39m
            [36m<div>[39m
              [36m<label[39m
                [33mclass[39m=[32m"block text-sm font-medium text-gray-700 mb-2"[39m
                [33mfor[39m=[32m"citationStyle"[39m
              [36m>[39m
                [0mCitation Style[0m
              [36m</label>[39m
              [36m<select[39m
                [33mclass[39m=[32m"w-full px-3 py-2 border border-gray-300 rounded-md focus:outline-none focus:ring-2 focus:ring-blue-500"[39m
                [33mid[39m=[32m"citationStyle"[39m
                [33mtabindex[39m=[32m"0"[39m
              [36m>[39m
                [36m<option[39m
                  [33mvalue[39m=[32m"apa"[39m
                [36m>[39m
                  [0mAPA[0m
                [36m</option>[39m
                [36m<option[39m
                  [33mvalue[39m=[32m"mla"[39m
                [36m>[39m
                  [0mMLA[0m
                [36m</option>[39m
                [36m<option[39m
                  [33mvalue[39m=[32m"chicago"[39m
                [36m>[39m
                  [0mChicago[0m
                [36m</option>[39m
                [36m<option[39m
                  [33mvalue[39m=[32m"harvard"[39m
                [36m>[39m
                  [0mHarvard[0m
                [36m</option>[39m
              [36m</select>[39m
            [36m</div>[39m
            [36m<div>[39m
              [36m<label[39m
                [33mclass[39m=[32m"block text-sm font-medium text-gray-700 mb-2"[39m
                [33mfor[39m=[32m"defaultLanguage"[39m
              [36m>[39m
                [0mDefault Language[0m
              [36m</label>[39m
              [36m<select[39m
                [33mclass[39m=[32m"w-full px-3 py-2 border border-gray-300 rounded-md focus:outline-none focus:ring-2 focus:ring-blue-500"[39m
                [33mid[39m=[32m"defaultLanguage"[39m
                [33mtabindex[39m=[32m"0"[39m
              [36m>[39m
                [36m<option[39m
                  [33mvalue[39m=[32m"en"[39m
                [36m>[39m
                  [0mEnglish[0m
                [36m</option>[39m
                [36m<option[39m
                  [33mvalue[39m=[32m"es"[39m
                [36m>[39m
                  [0mSpanish[0m
                [36m</option>[39m
                [36m<option[39m
                  [33mvalue[39m=[32m"fr"[39m
                [36m>[39m
                  [0mFrench[0m
                [36m</option>[39m
                [36m<option[39m
                  [33mvalue[39m=[32m"de"[39m
                [36m>[39m
                  [0mGerman[0m
                [36m</option>[39m
              [36m</select>[39m
            [36m</div>[39m
          [36m</div>[39m
          [36m<div[39m
            [33mclass[39m=[32m"flex items-center"[39m
          [36m>[39m
            [36m<input[39m
              [33mclass[39m=[32m"h-4 w-4 text-blue-600 focus:ring-blue-500 border-gray-300 rounded"[39m
              [33mid[39m=[32m"adhdFriendlyMode"[39m
              [33mtype[39m=[32m"checkbox"[39m
            [36m/>[39m
            [36m<label[39m
              [33mclass[39m=[32m"ml-2 block text-sm text-gray-700"[39m
              [33mfor[39m=[32m"adhdFriendlyMode"[39m
            [36m>[39m
              [0mADHD Friendly Mode[0m
            [36m</label>[39m
          [36m</div>[39m
          [36m<div>[39m
            [36m<label[39m
              [33mclass[39m=[32m"block text-sm font-medium text-gray-700 mb-2"[39m
              [33mfor[39m=[32m"theme"[39m
            [36m>[39m
              [0mTheme[0m
            [36m</label>[39m
            [36m<select[39m
              [33mclass[39m=[32m"w-full px-3 py-2 border border-gray-300 rounded-md focus:outline-none focus:ring-2 focus:ring-blue-500"[39m
              [33mid[39m=[32m"theme"[39m
              [33mtabindex[39m=[32m"0"[39m
            [36m>[39m
              [36m<option[39m
                [33mvalue[39m=[32m"system"[39m
              [36m>[39m
                [0mSystem[0m
              [36m</option>[39m
              [36m<option[39m
                [33mvalue[39m=[32m"light"[39m
              [36m>[39m
                [0mLight[0m
              [36m</option>[39m
              [36m<option[39m
                [33mvalue[39m=[32m"dark"[39m
              [36m>[39m
                [0mDark[0m
              [36m</option>[39m
            [36m</select>[39m
          [36m</div>[39m
          [36m<div[39m
            [33mclass[39m=[32m"space-y-3"[39m
          [36m>[39m
            [36m<div[39m
              [33mclass[39m=[32m"flex items-center"[39m
            [36m>[39m
              [36m<input[39m
                [33mclass[39m=[32m"h-4 w-4 text-blue-600 focus:ring-blue-500 border-gray-300 rounded"[39m
                [33mid[39m=[32m"reducedMotion"[39m
                [33mtype[39m=[32m"checkbox"[39m
              [36m/>[39m
              [36m<label[39m
                [33mclass[39m=[32m"ml-2 block text-sm text-gray-700"[39m
                [33mfor[39m=[32m"reducedMotion"[39m
              [36m>[39m
                [0mReduced Motion[0m
              [36m</label>[39m
            [36m</div>[39m
            [36m<div[39m
              [33mclass[39m=[32m"flex items-center"[39m
            [36m>[39m
              [36m<input[39m
                [33mclass[39m=[32m"h-4 w-4 text-blue-600 focus:ring-blue-500 border-gray-300 rounded"[39m
                [33mid[39m=[32m"highContrast"[39m
                [33mtype[39m=[32m"checkbox"[39m
              [36m/>[39m
              [36m<label[39m
                [33mclass[39m=[32m"ml-2 block text-sm text-gray-700"[39m
                [33mfor[39m=[32m"highContrast"[39m
              [36m>[39m
                [0mHigh Contrast[0m
              [36m</label>[39m
            [36m</div>[39m
          [36m</div>[39m
        [36m</div>[39m
        [36m<div[39m
          [33mclass[39m=[32m"flex justify-between mt-8"[39m
        [36m>[39m
          [36m<button[39m
            [33mclass[39m=[32m"px-4 py-2 text-gray-600 bg-gray-200 rounded-md hover:bg-gray-300 disabled:bg-gray-100 disabled:text-gray-400"[39m
            [33mtabindex[39m=[32m"0"[39m
          [36m>[39m
            [0mBack[0m
          [36m</button>[39m
          [36m<button[39m
            [33mclass[39m=[32m"px-6 py-2 bg-blue-600 text-white rounded-md hover:bg-blue-700 disabled:bg-gray-400"[39m
            [33mtabindex[39m=[32m"0"[39m
          [36m>[39m
            [0mContinue[0m
          [36m</button>[39m
        [36m</div>[39m
      [36m</div>[39m
    [36m</div>[39m
  [36m</div>[39m
[36m</body>[39m
   × SetupWizard > Review & Complete Step > should display configuration summary 1012ms
     → Unable to find role="heading" and name `/AI Provider Configuration/i`

Ignored nodes: comments, script, style
[36m<body>[39m
  [36m<div>[39m
    [36m<div[39m
      [33mclass[39m=[32m"max-w-2xl mx-auto p-6"[39m
    [36m>[39m
      [36m<div[39m
        [33mclass[39m=[32m"mb-8"[39m
      [36m>[39m
        [36m<div[39m
          [33mclass[39m=[32m"flex justify-between items-center mb-2"[39m
        [36m>[39m
          [36m<span[39m
            [33mclass[39m=[32m"text-sm text-gray-600"[39m
          [36m>[39m
            [0mStep [0m
            [0m4[0m
            [0m of [0m
            [0m4[0m
          [36m</span>[39m
          [36m<span[39m
            [33mclass[39m=[32m"text-sm text-gray-600"[39m
          [36m>[39m
            [0m100[0m
            [0m%[0m
          [36m</span>[39m
        [36m</div>[39m
        [36m<div[39m
          [33mclass[39m=[32m"w-full bg-gray-200 rounded-full h-2"[39m
        [36m>[39m
          [36m<div[39m
            [33maria-valuemax[39m=[32m"4"[39m
            [33maria-valuemin[39m=[32m"0"[39m
            [33maria-valuenow[39m=[32m"4"[39m
            [33mclass[39m=[32m"bg-blue-600 h-2 rounded-full transition-all duration-300"[39m
            [33mrole[39m=[32m"progressbar"[39m
            [33mstyle[39m=[32m"width: 100%;"[39m
          [36m/>[39m
        [36m</div>[39m
      [36m</div>[39m
      [36m<div[39m
        [33mclass[39m=[32m"bg-white rounded-lg shadow-md p-6"[39m
      [36m>[39m
        [36m<h2[39m
          [33mclass[39m=[32m"text-2xl font-bold text-gray-900 mb-2"[39m
        [36m>[39m
          [0mReview & Complete[0m
        [36m</h2>[39m
        [36m<p[39m
          [33mclass[39m=[32m"text-gray-600 mb-6"[39m
        [36m>[39m
          [0mReview your configuration and complete setup[0m
        [36m</p>[39m
        [36m<div[39m
          [33mclass[39m=[32m"space-y-6"[39m
        [36m>[39m
          [36m<h3[39m
            [33mclass[39m=[32m"text-lg font-semibold text-gray-900"[39m
          [36m>[39m
            [0mConfiguration Summary[0m
          [36m</h3>[39m
          [36m<div[39m
            [33mclass[39m=[32m"grid grid-cols-1 md:grid-cols-2 gap-4"[39m
          [36m>[39m
            [36m<div>[39m
              [36m<h4[39m
                [33mclass[39m=[32m"font-medium text-gray-700"[39m
              [36m>[39m
                [0mAI Provider:[0m
              [36m</h4>[39m
              [36m<p[39m
                [33mclass[39m=[32m"text-gray-600"[39m
              [36m>[39m
                [0mauto[0m
              [36m</p>[39m
            [36m</div>[39m
            [36m<div>[39m
              [36m<h4[39m
                [33mclass[39m=[32m"font-medium text-gray-700"[39m
              [36m>[39m
                [0mMonthly Budget:[0m
              [36m</h4>[39m
              [36m<p[39m
                [33mclass[39m=[32m"text-gray-600"[39m
              [36m>[39m
                [0m$[0m
                [0m100[0m
              [36m</p>[39m
            [36m</div>[39m
            [36m<div>[39m
              [36m<h4[39m
                [33mclass[39m=[32m"font-medium text-gray-700"[39m
              [36m>[39m
                [0mCitation Style:[0m
              [36m</h4>[39m
              [36m<p[39m
                [33mclass[39m=[32m"text-gray-600"[39m
              [36m>[39m
                [0mAPA[0m
              [36m</p>[39m
            [36m</div>[39m
            [36m<div>[39m
              [36m<h4[39m
                [33mclass[39m=[32m"font-medium text-gray-700"[39m
              [36m>[39m
                [0mLanguage:[0m
              [36m</h4>[39m
              [36m<p[39m
                [33mclass[39m=[32m"text-gray-600"[39m
              [36m>[39m
                [0mEnglish[0m
              [36m</p>[39m
            [36m</div>[39m
          [36m</div>[39m
          [36m<div[39m
            [33mclass[39m=[32m"bg-gray-50 p-4 rounded-lg"[39m
          [36m>[39m
            [36m<h4[39m
              [33mclass[39m=[32m"font-medium text-gray-700 mb-2"[39m
            [36m>[39m
              [0mSpecial Features:[0m
            [36m</h4>[39m
            [36m<ul[39m
              [33mclass[39m=[32m"text-gray-600 space-y-1"[39m
            [36m>[39m
              [36m<li>[39m
                [0m• Theme: [0m
                [0msystem[0m
              [36m</li>[39m
            [36m</ul>[39m
          [36m</div>[39m
        [36m</div>[39m
        [36m<div[39m
          [33mclass[39m=[32m"flex justify-between mt-8"[39m
        [36m>[39m
          [36m<button[39m
            [33mclass[39m=[32m"px-4 py-2 text-gray-600 bg-gray-200 rounded-md hover:bg-gray-300 disabled:bg-gray-100 disabled:text-gray-400"[39m
            [33mtabindex[39m=[32m"0"[39m
          [36m>[39m
            [0mBack[0m
          [36m</button>[39m
          [36m<button[39m
            [33mclass[39m=[32m"px-6 py-2 bg-green-600 text-white rounded-md hover:bg-green-700 disabled:bg-gray-400"[39m
            [33mtabindex[39m=[32m"0"[39m
          [36m>[39m
            [0mComplete Setup[0m
          [36m</button>[39m
        [36m</div>[39m
      [36m</div>[39m
    [36m</div>[39m
  [36m</div>[39m
[36m</body>[39m

Ignored nodes: comments, script, style
[36m<html>[39m
  [36m<head />[39m
  [36m<body>[39m
    [36m<div>[39m
      [36m<div[39m
        [33mclass[39m=[32m"max-w-2xl mx-auto p-6"[39m
      [36m>[39m
        [36m<div[39m
          [33mclass[39m=[32m"mb-8"[39m
        [36m>[39m
          [36m<div[39m
            [33mclass[39m=[32m"flex justify-between items-center mb-2"[39m
          [36m>[39m
            [36m<span[39m
              [33mclass[39m=[32m"text-sm text-gray-600"[39m
            [36m>[39m
              [0mStep [0m
              [0m4[0m
              [0m of [0m
              [0m4[0m
            [36m</span>[39m
            [36m<span[39m
              [33mclass[39m=[32m"text-sm text-gray-600"[39m
            [36m>[39m
              [0m100[0m
              [0m%[0m
            [36m</span>[39m
          [36m</div>[39m
          [36m<div[39m
            [33mclass[39m=[32m"w-full bg-gray-200 rounded-full h-2"[39m
          [36m>[39m
            [36m<div[39m
              [33maria-valuemax[39m=[32m"4"[39m
              [33maria-valuemin[39m=[32m"0"[39m
              [33maria-valuenow[39m=[32m"4"[39m
              [33mclass[39m=[32m"bg-blue-600 h-2 rounded-full transition-all duration-300"[39m
              [33mrole[39m=[32m"progressbar"[39m
              [33mstyle[39m=[32m"width: 100%;"[39m
            [36m/>[39m
          [36m</div>[39m
        [36m</div>[39m
        [36m<div[39m
          [33mclass[39m=[32m"bg-white rounded-lg shadow-md p-6"[39m
        [36m>[39m
          [36m<h2[39m
            [33mclass[39m=[32m"text-2xl font-bold text-gray-900 mb-2"[39m
          [36m>[39m
            [0mReview & Complete[0m
          [36m</h2>[39m
          [36m<p[39m
            [33mclass[39m=[32m"text-gray-600 mb-6"[39m
          [36m>[39m
            [0mReview your configuration and complete setup[0m
          [36m</p>[39m
          [36m<div[39m
            [33mclass[39m=[32m"space-y-6"[39m
          [36m>[39m
            [36m<h3[39m
              [33mclass[39m=[32m"text-lg font-semibold text-gray-900"[39m
            [36m>[39m
              [0mConfiguration Summary[0m
            [36m</h3>[39m
            [36m<div[39m
              [33mclass[39m=[32m"grid grid-cols-1 md:grid-cols-2 gap-4"[39m
            [36m>[39m
              [36m<div>[39m
                [36m<h4[39m
                  [33mclass[39m=[32m"font-medium text-gray-700"[39m
                [36m>[39m
                  [0mAI Provider:[0m
                [36m</h4>[39m
                [36m<p[39m
                  [33mclass[39m=[32m"text-gray-600"[39m
                [36m>[39m
                  [0mauto[0m
                [36m</p>[39m
              [36m</div>[39m
              [36m<div>[39m
                [36m<h4[39m
                  [33mclass[39m=[32m"font-medium text-gray-700"[39m
                [36m>[39m
                  [0mMonthly Budget:[0m
                [36m</h4>[39m
                [36m<p[39m
                  [33mclass[39m=[32m"text-gray-600"[39m
                [36m>[39m
                  [0m$[0m
                  [0m100[0m
                [36m</p>[39m
              [36m</div>[39m
              [36m<div>[39m
                [36m<h4[39m
                  [33mclass[39m=[32m"font-medium text-gray-700"[39m
                [36m>[39m
                  [0mCitation Style:[0m
                [36m</h4>[39m
                [36m<p[39m
                  [33mclass[39m=[32m"text-gray-600"[39m
                [36m>[39m
                  [0mAPA[0m
                [36m</p>[39m
              [36m</div>[39m
              [36m<div>[39m
                [36m<h4[39m
                  [33mclass[39m=[32m"font-medium text-gray-700"[39m
                [36m>[39m
                  [0mLanguage:[0m
                [36m</h4>[39m
                [36m<p[39m
                  [33mclass[39m=[32m"text-gray-600"[39m
                [36m>[39m
                  [0mEnglish[0m
                [36m</p>[39m
              [36m</div>[39m
            [36m</div>[39m
            [36m<div[39m
              [33mclass[39m=[32m"bg-gray-50 p-4 rounded-lg"[39m
            [36m>[39m
              [36m<h4[39m
                [33mclass[39m=[32m"font-medium text-gray-700 mb-2"[39m
              [36m>[39m
                [0mSpecial Features:[0m
              [36m</h4>[39m
              [36m<ul[39m
                [33mclass[39m=[32m"text-gray-600 space-y-1"[39m
              [36m>[39m
                [36m<li>[39m
                  [0m• Theme: [0m
                  [0msystem[0m
                [36m</li>[39m
              [36m</ul>[39m
            [36m</div>[39m
          [36m</div>[39m
          [36m<div[39m
            [33mclass[39m=[32m"flex justify-between mt-8"[39m
          [36m>[39m
            [36m<button[39m
              [33mclass[39m=[32m"px-4 py-2 text-gray-600 bg-gray-200 rounded-md hover:bg-gray-300 disabled:bg-gray-100 disabled:text-gray-400"[39m
              [33mtabindex[39m=[32m"0"[39m
            [36m>[39m
              [0mBack[0m
            [36m</button>[39m
            [36m<button[39m
              [33mclass[39m=[32m"px-6 py-2 bg-green-600 text-white rounded-md hover:bg-green-700 disabled:bg-gray-400"[39m
              [33mtabindex[39m=[32m"0"[39m
            [36m>[39m
              [0mComplete Setup[0m
            [36m</button>[39m
          [36m</div>[39m
        [36m</div>[39m
      [36m</div>[39m
    [36m</div>[39m
  [36m</body>[39m
[36m</html>[39m
   × SetupWizard > Review & Complete Step > should complete setup successfully 1030ms
     → Unable to find role="heading" and name `/Academic Preferences/i`

Ignored nodes: comments, script, style
[36m<body>[39m
  [36m<div>[39m
    [36m<div[39m
      [33mclass[39m=[32m"max-w-2xl mx-auto p-6"[39m
    [36m>[39m
      [36m<div[39m
        [33mclass[39m=[32m"mb-8"[39m
      [36m>[39m
        [36m<div[39m
          [33mclass[39m=[32m"flex justify-between items-center mb-2"[39m
        [36m>[39m
          [36m<span[39m
            [33mclass[39m=[32m"text-sm text-gray-600"[39m
          [36m>[39m
            [0mStep [0m
            [0m2[0m
            [0m of [0m
            [0m4[0m
          [36m</span>[39m
          [36m<span[39m
            [33mclass[39m=[32m"text-sm text-gray-600"[39m
          [36m>[39m
            [0m50[0m
            [0m%[0m
          [36m</span>[39m
        [36m</div>[39m
        [36m<div[39m
          [33mclass[39m=[32m"w-full bg-gray-200 rounded-full h-2"[39m
        [36m>[39m
          [36m<div[39m
            [33maria-valuemax[39m=[32m"4"[39m
            [33maria-valuemin[39m=[32m"0"[39m
            [33maria-valuenow[39m=[32m"2"[39m
            [33mclass[39m=[32m"bg-blue-600 h-2 rounded-full transition-all duration-300"[39m
            [33mrole[39m=[32m"progressbar"[39m
            [33mstyle[39m=[32m"width: 50%;"[39m
          [36m/>[39m
        [36m</div>[39m
      [36m</div>[39m
      [36m<div[39m
        [33mclass[39m=[32m"bg-white rounded-lg shadow-md p-6"[39m
      [36m>[39m
        [36m<h2[39m
          [33mclass[39m=[32m"text-2xl font-bold text-gray-900 mb-2"[39m
        [36m>[39m
          [0mAI Provider Configuration[0m
        [36m</h2>[39m
        [36m<p[39m
          [33mclass[39m=[32m"text-gray-600 mb-6"[39m
        [36m>[39m
          [0mConfigure your AI provider settings[0m
        [36m</p>[39m
        [36m<div[39m
          [33mclass[39m=[32m"space-y-6"[39m
        [36m>[39m
          [36m<div>[39m
            [36m<label[39m
              [33mclass[39m=[32m"block text-sm font-medium text-gray-700 mb-2"[39m
              [33mfor[39m=[32m"anthropicApiKey"[39m
            [36m>[39m
              [0mAnthropic API Key *[0m
            [36m</label>[39m
            [36m<div[39m
              [33mclass[39m=[32m"flex space-x-2"[39m
            [36m>[39m
              [36m<input[39m
                [33mclass[39m=[32m"flex-1 px-3 py-2 border rounded-md focus:outline-none focus:ring-2 focus:ring-blue-500 border-gray-300"[39m
                [33mid[39m=[32m"anthropicApiKey"[39m
                [33mplaceholder[39m=[32m"sk-ant-..."[39m
                [33mtabindex[39m=[32m"0"[39m
                [33mtype[39m=[32m"password"[39m
                [33mvalue[39m=[32m"sk-ant-valid-key"[39m
              [36m/>[39m
              [36m<button[39m
                [33mclass[39m=[32m"px-3 py-2 bg-blue-600 text-white rounded-md hover:bg-blue-700 disabled:bg-gray-400"[39m
                [33mtype[39m=[32m"button"[39m
              [36m>[39m
                [0mTest Anthropic Key[0m
              [36m</button>[39m
            [36m</div>[39m
          [36m</div>[39m
          [36m<div>[39m
            [36m<label[39m
              [33mclass[39m=[32m"block text-sm font-medium text-gray-700 mb-2"[39m
              [33mfor[39m=[32m"openaiApiKey"[39m
            [36m>[39m
              [0mOpenAI API Key (Optional)[0m
            [36m</label>[39m
            [36m<div[39m
              [33mclass[39m=[32m"flex space-x-2"[39m
            [36m>[39m
              [36m<input[39m
                [33mclass[39m=[32m"flex-1 px-3 py-2 border rounded-md focus:outline-none focus:ring-2 focus:ring-blue-500 border-gray-300"[39m
                [33mid[39m=[32m"openaiApiKey"[39m
                [33mplaceholder[39m=[32m"sk-..."[39m
                [33mtabindex[39m=[32m"0"[39m
                [33mtype[39m=[32m"password"[39m
                [33mvalue[39m=[32m""[39m
              [36m/>[39m
              [36m<button[39m
                [33mclass[39m=[32m"px-3 py-2 bg-blue-600 text-white rounded-md hover:bg-blue-700 disabled:bg-gray-400"[39m
                [33mdisabled[39m=[32m""[39m
                [33mtype[39m=[32m"button"[39m
              [36m>[39m
                [0mTest OpenAI Key[0m
              [36m</button>[39m
            [36m</div>[39m
          [36m</div>[39m
          [36m<div>[39m
            [36m<label[39m
              [33mclass[39m=[32m"block text-sm font-medium text-gray-700 mb-2"[39m
              [33mfor[39m=[32m"monthlyBudget"[39m
            [36m>[39m
              [0mMonthly Budget ($) *[0m
            [36m</label>[39m
            [36m<input[39m
              [33mclass[39m=[32m"w-full px-3 py-2 border rounded-md focus:outline-none focus:ring-2 focus:ring-blue-500 border-gray-300"[39m
              [33mid[39m=[32m"monthlyBudget"[39m
              [33mmin[39m=[32m"0"[39m
              [33mstep[39m=[32m"0.01"[39m
              [33mtabindex[39m=[32m"0"[39m
              [33mtype[39m=[32m"number"[39m
              [33mvalue[39m=[32m"100"[39m
            [36m/>[39m
          [36m</div>[39m
          [36m<div>[39m
            [36m<label[39m
              [33mclass[39m=[32m"block text-sm font-medium text-gray-700 mb-2"[39m
              [33mfor[39m=[32m"preferredProvider"[39m
            [36m>[39m
              [0mPreferred Provider[0m
            [36m</label>[39m
            [36m<select[39m
              [33mclass[39m=[32m"w-full px-3 py-2 border border-gray-300 rounded-md focus:outline-none focus:ring-2 focus:ring-blue-500"[39m
              [33mid[39m=[32m"preferredProvider"[39m
              [33mtabindex[39m=[32m"0"[39m
            [36m>[39m
              [36m<option[39m
                [33mvalue[39m=[32m"auto"[39m
              [36m>[39m
                [0mAuto[0m
              [36m</option>[39m
              [36m<option[39m
                [33mvalue[39m=[32m"anthropic"[39m
              [36m>[39m
                [0mAnthropic[0m
              [36m</option>[39m
              [36m<option[39m
                [33mvalue[39m=[32m"openai"[39m
              [36m>[39m
                [0mOpenAI[0m
              [36m</option>[39m
            [36m</select>[39m
          [36m</div>[39m
        [36m</div>[39m
        [36m<div[39m
          [33mclass[39m=[32m"flex justify-between mt-8"[39m
        [36m>[39m
          [36m<button[39m
            [33mclass[39m=[32m"px-4 py-2 text-gray-600 bg-gray-200 rounded-md hover:bg-gray-300 disabled:bg-gray-100 disabled:text-gray-400"[39m
            [33mtabindex[39m=[32m"0"[39m
          [36m>[39m
            [0mBack[0m
          [36m</button>[39m
          [36m<button[39m
            [33mclass[39m=[32m"px-6 py-2 bg-blue-600 text-white rounded-md hover:bg-blue-700 disabled:bg-gray-400"[39m
            [33mtabindex[39m=[32m"0"[39m
          [36m>[39m
            [0mContinue[0m
          [36m</button>[39m
        [36m</div>[39m
      [36m</div>[39m
    [36m</div>[39m
  [36m</div>[39m
[36m</body>[39m

Ignored nodes: comments, script, style
[36m<html>[39m
  [36m<head />[39m
  [36m<body>[39m
    [36m<div>[39m
      [36m<div[39m
        [33mclass[39m=[32m"max-w-2xl mx-auto p-6"[39m
      [36m>[39m
        [36m<div[39m
          [33mclass[39m=[32m"mb-8"[39m
        [36m>[39m
          [36m<div[39m
            [33mclass[39m=[32m"flex justify-between items-center mb-2"[39m
          [36m>[39m
            [36m<span[39m
              [33mclass[39m=[32m"text-sm text-gray-600"[39m
            [36m>[39m
              [0mStep [0m
              [0m2[0m
              [0m of [0m
              [0m4[0m
            [36m</span>[39m
            [36m<span[39m
              [33mclass[39m=[32m"text-sm text-gray-600"[39m
            [36m>[39m
              [0m50[0m
              [0m%[0m
            [36m</span>[39m
          [36m</div>[39m
          [36m<div[39m
            [33mclass[39m=[32m"w-full bg-gray-200 rounded-full h-2"[39m
          [36m>[39m
            [36m<div[39m
              [33maria-valuemax[39m=[32m"4"[39m
              [33maria-valuemin[39m=[32m"0"[39m
              [33maria-valuenow[39m=[32m"2"[39m
              [33mclass[39m=[32m"bg-blue-600 h-2 rounded-full transition-all duration-300"[39m
              [33mrole[39m=[32m"progressbar"[39m
              [33mstyle[39m=[32m"width: 50%;"[39m
            [36m/>[39m
          [36m</div>[39m
        [36m</div>[39m
        [36m<div[39m
          [33mclass[39m=[32m"bg-white rounded-lg shadow-md p-6"[39m
        [36m>[39m
          [36m<h2[39m
            [33mclass[39m=[32m"text-2xl font-bold text-gray-900 mb-2"[39m
          [36m>[39m
            [0mAI Provider Configuration[0m
          [36m</h2>[39m
          [36m<p[39m
            [33mclass[39m=[32m"text-gray-600 mb-6"[39m
          [36m>[39m
            [0mConfigure your AI provider settings[0m
          [36m</p>[39m
          [36m<div[39m
            [33mclass[39m=[32m"space-y-6"[39m
          [36m>[39m
            [36m<div>[39m
              [36m<label[39m
                [33mclass[39m=[32m"block text-sm font-medium text-gray-700 mb-2"[39m
                [33mfor[39m=[32m"anthropicApiKey"[39m
              [36m>[39m
                [0mAnthropic API Key *[0m
              [36m</label>[39m
              [36m<div[39m
                [33mclass[39m=[32m"flex space-x-2"[39m
              [36m>[39m
                [36m<input[39m
                  [33mclass[39m=[32m"flex-1 px-3 py-2 border rounded-md focus:outline-none focus:ring-2 focus:ring-blue-500 border-gray-300"[39m
                  [33mid[39m=[32m"anthropicApiKey"[39m
                  [33mplaceholder[39m=[32m"sk-ant-..."[39m
                  [33mtabindex[39m=[32m"0"[39m
                  [33mtype[39m=[32m"password"[39m
                  [33mvalue[39m=[32m"sk-ant-valid-key"[39m
                [36m/>[39m
                [36m<button[39m
                  [33mclass[39m=[32m"px-3 py-2 bg-blue-600 text-white rounded-md hover:bg-blue-700 disabled:bg-gray-400"[39m
                  [33mtype[39m=[32m"button"[39m
                [36m>[39m
                  [0mTest Anthropic Key[0m
                [36m</button>[39m
              [36m</div>[39m
            [36m</div>[39m
            [36m<div>[39m
              [36m<label[39m
                [33mclass[39m=[32m"block text-sm font-medium text-gray-700 mb-2"[39m
                [33mfor[39m=[32m"openaiApiKey"[39m
              [36m>[39m
                [0mOpenAI API Key (Optional)[0m
              [36m</label>[39m
              [36m<div[39m
                [33mclass[39m=[32m"flex space-x-2"[39m
              [36m>[39m
                [36m<input[39m
                  [33mclass[39m=[32m"flex-1 px-3 py-2 border rounded-md focus:outline-none focus:ring-2 focus:ring-blue-500 border-gray-300"[39m
                  [33mid[39m=[32m"openaiApiKey"[39m
                  [33mplaceholder[39m=[32m"sk-..."[39m
                  [33mtabindex[39m=[32m"0"[39m
                  [33mtype[39m=[32m"password"[39m
                  [33mvalue[39m=[32m""[39m
                [36m/>[39m
                [36m<button[39m
                  [33mclass[39m=[32m"px-3 py-2 bg-blue-600 text-white rounded-md hover:bg-blue-700 disabled:bg-gray-400"[39m
                  [33mdisabled[39m=[32m""[39m
                  [33mtype[39m=[32m"button"[39m
                [36m>[39m
                  [0mTest OpenAI Key[0m
                [36m</button>[39m
              [36m</div>[39m
            [36m</div>[39m
            [36m<div>[39m
              [36m<label[39m
                [33mclass[39m=[32m"block text-sm font-medium text-gray-700 mb-2"[39m
                [33mfor[39m=[32m"monthlyBudget"[39m
              [36m>[39m
                [0mMonthly Budget ($) *[0m
              [36m</label>[39m
              [36m<input[39m
                [33mclass[39m=[32m"w-full px-3 py-2 border rounded-md focus:outline-none focus:ring-2 focus:ring-blue-500 border-gray-300"[39m
                [33mid[39m=[32m"monthlyBudget"[39m
                [33mmin[39m=[32m"0"[39m
                [33mstep[39m=[32m"0.01"[39m
                [33mtabindex[39m=[32m"0"[39m
                [33mtype[39m=[32m"number"[39m
                [33mvalue[39m=[32m"100"[39m
              [36m/>[39m
            [36m</div>[39m
            [36m<div>[39m
              [36m<label[39m
                [33mclass[39m=[32m"block text-sm font-medium text-gray-700 mb-2"[39m
                [33mfor[39m=[32m"preferredProvider"[39m
              [36m>[39m
                [0mPreferred Provider[0m
              [36m</label>[39m
              [36m<select[39m
                [33mclass[39m=[32m"w-full px-3 py-2 border border-gray-300 rounded-md focus:outline-none focus:ring-2 focus:ring-blue-500"[39m
                [33mid[39m=[32m"preferredProvider"[39m
                [33mtabindex[39m=[32m"0"[39m
              [36m>[39m
                [36m<option[39m
                  [33mvalue[39m=[32m"auto"[39m
                [36m>[39m
                  [0mAuto[0m
                [36m</option>[39m
                [36m<option[39m
                  [33mvalue[39m=[32m"anthropic"[39m
                [36m>[39m
                  [0mAnthropic[0m
                [36m</option>[39m
                [36m<option[39m
                  [33mvalue[39m=[32m"openai"[39m
                [36m>[39m
                  [0mOpenAI[0m
                [36m</option>[39m
              [36m</select>[39m
            [36m</div>[39m
          [36m</div>[39m
          [36m<div[39m
            [33mclass[39m=[32m"flex justify-between mt-8"[39m
          [36m>[39m
            [36m<button[39m
              [33mclass[39m=[32m"px-4 py-2 text-gray-600 bg-gray-200 rounded-md hover:bg-gray-300 disabled:bg-gray-100 disabled:text-gray-400"[39m
              [33mtabindex[39m=[32m"0"[39m
            [36m>[39m
              [0mBack[0m
            [36m</button>[39m
            [36m<button[39m
              [33mclass[39m=[32m"px-6 py-2 bg-blue-600 text-white rounded-md hover:bg-blue-700 disabled:bg-gray-400"[39m
              [33mtabindex[39m=[32m"0"[39m
            [36m>[39m
              [0mContinue[0m
            [36m</button>[39m
          [36m</div>[39m
        [36m</div>[39m
      [36m</div>[39m
    [36m</div>[39m
  [36m</body>[39m
[36m</html>[39m
   × SetupWizard > Review & Complete Step > should handle setup completion errors 20ms
     → Unable to find a label with the text of: /anthropic api key/i

Ignored nodes: comments, script, style
[36m<body>[39m
  [36m<div>[39m
    [36m<div[39m
      [33mclass[39m=[32m"max-w-2xl mx-auto p-6"[39m
    [36m>[39m
      [36m<div[39m
        [33mclass[39m=[32m"mb-8"[39m
      [36m>[39m
        [36m<div[39m
          [33mclass[39m=[32m"flex justify-between items-center mb-2"[39m
        [36m>[39m
          [36m<span[39m
            [33mclass[39m=[32m"text-sm text-gray-600"[39m
          [36m>[39m
            [0mStep [0m
            [0m3[0m
            [0m of [0m
            [0m4[0m
          [36m</span>[39m
          [36m<span[39m
            [33mclass[39m=[32m"text-sm text-gray-600"[39m
          [36m>[39m
            [0m75[0m
            [0m%[0m
          [36m</span>[39m
        [36m</div>[39m
        [36m<div[39m
          [33mclass[39m=[32m"w-full bg-gray-200 rounded-full h-2"[39m
        [36m>[39m
          [36m<div[39m
            [33maria-valuemax[39m=[32m"4"[39m
            [33maria-valuemin[39m=[32m"0"[39m
            [33maria-valuenow[39m=[32m"3"[39m
            [33mclass[39m=[32m"bg-blue-600 h-2 rounded-full transition-all duration-300"[39m
            [33mrole[39m=[32m"progressbar"[39m
            [33mstyle[39m=[32m"width: 75%;"[39m
          [36m/>[39m
        [36m</div>[39m
      [36m</div>[39m
      [36m<div[39m
        [33mclass[39m=[32m"bg-white rounded-lg shadow-md p-6"[39m
      [36m>[39m
        [36m<h2[39m
          [33mclass[39m=[32m"text-2xl font-bold text-gray-900 mb-2"[39m
        [36m>[39m
          [0mAcademic Preferences[0m
        [36m</h2>[39m
        [36m<p[39m
          [33mclass[39m=[32m"text-gray-600 mb-6"[39m
        [36m>[39m
          [0mSet your academic and citation preferences[0m
        [36m</p>[39m
        [36m<div[39m
          [33mclass[39m=[32m"space-y-6"[39m
        [36m>[39m
          [36m<div[39m
            [33mclass[39m=[32m"grid grid-cols-1 md:grid-cols-2 gap-6"[39m
          [36m>[39m
            [36m<div>[39m
              [36m<label[39m
                [33mclass[39m=[32m"block text-sm font-medium text-gray-700 mb-2"[39m
                [33mfor[39m=[32m"citationStyle"[39m
              [36m>[39m
                [0mCitation Style[0m
              [36m</label>[39m
              [36m<select[39m
                [33mclass[39m=[32m"w-full px-3 py-2 border border-gray-300 rounded-md focus:outline-none focus:ring-2 focus:ring-blue-500"[39m
                [33mid[39m=[32m"citationStyle"[39m
                [33mtabindex[39m=[32m"0"[39m
              [36m>[39m
                [36m<option[39m
                  [33mvalue[39m=[32m"apa"[39m
                [36m>[39m
                  [0mAPA[0m
                [36m</option>[39m
                [36m<option[39m
                  [33mvalue[39m=[32m"mla"[39m
                [36m>[39m
                  [0mMLA[0m
                [36m</option>[39m
                [36m<option[39m
                  [33mvalue[39m=[32m"chicago"[39m
                [36m>[39m
                  [0mChicago[0m
                [36m</option>[39m
                [36m<option[39m
                  [33mvalue[39m=[32m"harvard"[39m
                [36m>[39m
                  [0mHarvard[0m
                [36m</option>[39m
              [36m</select>[39m
            [36m</div>[39m
            [36m<div>[39m
              [36m<label[39m
                [33mclass[39m=[32m"block text-sm font-medium text-gray-700 mb-2"[39m
                [33mfor[39m=[32m"defaultLanguage"[39m
              [36m>[39m
                [0mDefault Language[0m
              [36m</label>[39m
              [36m<select[39m
                [33mclass[39m=[32m"w-full px-3 py-2 border border-gray-300 rounded-md focus:outline-none focus:ring-2 focus:ring-blue-500"[39m
                [33mid[39m=[32m"defaultLanguage"[39m
                [33mtabindex[39m=[32m"0"[39m
              [36m>[39m
                [36m<option[39m
                  [33mvalue[39m=[32m"en"[39m
                [36m>[39m
                  [0mEnglish[0m
                [36m</option>[39m
                [36m<option[39m
                  [33mvalue[39m=[32m"es"[39m
                [36m>[39m
                  [0mSpanish[0m
                [36m</option>[39m
                [36m<option[39m
                  [33mvalue[39m=[32m"fr"[39m
                [36m>[39m
                  [0mFrench[0m
                [36m</option>[39m
                [36m<option[39m
                  [33mvalue[39m=[32m"de"[39m
                [36m>[39m
                  [0mGerman[0m
                [36m</option>[39m
              [36m</select>[39m
            [36m</div>[39m
          [36m</div>[39m
          [36m<div[39m
            [33mclass[39m=[32m"flex items-center"[39m
          [36m>[39m
            [36m<input[39m
              [33mclass[39m=[32m"h-4 w-4 text-blue-600 focus:ring-blue-500 border-gray-300 rounded"[39m
              [33mid[39m=[32m"adhdFriendlyMode"[39m
              [33mtype[39m=[32m"checkbox"[39m
            [36m/>[39m
            [36m<label[39m
              [33mclass[39m=[32m"ml-2 block text-sm text-gray-700"[39m
              [33mfor[39m=[32m"adhdFriendlyMode"[39m
            [36m>[39m
              [0mADHD Friendly Mode[0m
            [36m</label>[39m
          [36m</div>[39m
          [36m<div>[39m
            [36m<label[39m
              [33mclass[39m=[32m"block text-sm font-medium text-gray-700 mb-2"[39m
              [33mfor[39m=[32m"theme"[39m
            [36m>[39m
              [0mTheme[0m
            [36m</label>[39m
            [36m<select[39m
              [33mclass[39m=[32m"w-full px-3 py-2 border border-gray-300 rounded-md focus:outline-none focus:ring-2 focus:ring-blue-500"[39m
              [33mid[39m=[32m"theme"[39m
              [33mtabindex[39m=[32m"0"[39m
            [36m>[39m
              [36m<option[39m
                [33mvalue[39m=[32m"system"[39m
              [36m>[39m
                [0mSystem[0m
              [36m</option>[39m
              [36m<option[39m
                [33mvalue[39m=[32m"light"[39m
              [36m>[39m
                [0mLight[0m
              [36m</option>[39m
              [36m<option[39m
                [33mvalue[39m=[32m"dark"[39m
              [36m>[39m
                [0mDark[0m
              [36m</option>[39m
            [36m</select>[39m
          [36m</div>[39m
          [36m<div[39m
            [33mclass[39m=[32m"space-y-3"[39m
          [36m>[39m
            [36m<div[39m
              [33mclass[39m=[32m"flex items-center"[39m
            [36m>[39m
              [36m<input[39m
                [33mclass[39m=[32m"h-4 w-4 text-blue-600 focus:ring-blue-500 border-gray-300 rounded"[39m
                [33mid[39m=[32m"reducedMotion"[39m
                [33mtype[39m=[32m"checkbox"[39m
              [36m/>[39m
              [36m<label[39m
                [33mclass[39m=[32m"ml-2 block text-sm text-gray-700"[39m
                [33mfor[39m=[32m"reducedMotion"[39m
              [36m>[39m
                [0mReduced Motion[0m
              [36m</label>[39m
            [36m</div>[39m
            [36m<div[39m
              [33mclass[39m=[32m"flex items-center"[39m
            [36m>[39m
              [36m<input[39m
                [33mclass[39m=[32m"h-4 w-4 text-blue-600 focus:ring-blue-500 border-gray-300 rounded"[39m
                [33mid[39m=[32m"highContrast"[39m
                [33mtype[39m=[32m"checkbox"[39m
              [36m/>[39m
              [36m<label[39m
                [33mclass[39m=[32m"ml-2 block text-sm text-gray-700"[39m
                [33mfor[39m=[32m"highContrast"[39m
              [36m>[39m
                [0mHigh Contrast[0m
              [36m</label>[39m
            [36m</div>[39m
          [36m</div>[39m
        [36m</div>[39m
        [36m<div[39m
          [33mclass[39m=[32m"flex justify-between mt-8"[39m
        [36m>[39m
          [36m<button[39m
            [33mclass[39m=[32m"px-4 py-2 text-gray-600 bg-gray-200 rounded-md hover:bg-gray-300 disabled:bg-gray-100 disabled:text-gray-400"[39m
            [33mtabindex[39m=[32m"0"[39m
          [36m>[39m
            [0mBack[0m
          [36m</button>[39m
          [36m<button[39m
            [33mclass[39m=[32m"px-6 py-2 bg-blue-600 text-white rounded-md hover:bg-blue-700 disabled:bg-gray-400"[39m
            [33mtabindex[39m=[32m"0"[39m
          [36m>[39m
            [0mContinue[0m
          [36m</button>[39m
        [36m</div>[39m
      [36m</div>[39m
    [36m</div>[39m
  [36m</div>[39m
[36m</body>[39m
   × SetupWizard > Review & Complete Step > should show loading state during setup 1016ms
     → Unable to find role="heading" and name `/Academic Preferences/i`

Ignored nodes: comments, script, style
[36m<body>[39m
  [36m<div>[39m
    [36m<div[39m
      [33mclass[39m=[32m"max-w-2xl mx-auto p-6"[39m
    [36m>[39m
      [36m<div[39m
        [33mclass[39m=[32m"mb-8"[39m
      [36m>[39m
        [36m<div[39m
          [33mclass[39m=[32m"flex justify-between items-center mb-2"[39m
        [36m>[39m
          [36m<span[39m
            [33mclass[39m=[32m"text-sm text-gray-600"[39m
          [36m>[39m
            [0mStep [0m
            [0m2[0m
            [0m of [0m
            [0m4[0m
          [36m</span>[39m
          [36m<span[39m
            [33mclass[39m=[32m"text-sm text-gray-600"[39m
          [36m>[39m
            [0m50[0m
            [0m%[0m
          [36m</span>[39m
        [36m</div>[39m
        [36m<div[39m
          [33mclass[39m=[32m"w-full bg-gray-200 rounded-full h-2"[39m
        [36m>[39m
          [36m<div[39m
            [33maria-valuemax[39m=[32m"4"[39m
            [33maria-valuemin[39m=[32m"0"[39m
            [33maria-valuenow[39m=[32m"2"[39m
            [33mclass[39m=[32m"bg-blue-600 h-2 rounded-full transition-all duration-300"[39m
            [33mrole[39m=[32m"progressbar"[39m
            [33mstyle[39m=[32m"width: 50%;"[39m
          [36m/>[39m
        [36m</div>[39m
      [36m</div>[39m
      [36m<div[39m
        [33mclass[39m=[32m"bg-white rounded-lg shadow-md p-6"[39m
      [36m>[39m
        [36m<h2[39m
          [33mclass[39m=[32m"text-2xl font-bold text-gray-900 mb-2"[39m
        [36m>[39m
          [0mAI Provider Configuration[0m
        [36m</h2>[39m
        [36m<p[39m
          [33mclass[39m=[32m"text-gray-600 mb-6"[39m
        [36m>[39m
          [0mConfigure your AI provider settings[0m
        [36m</p>[39m
        [36m<div[39m
          [33mclass[39m=[32m"space-y-6"[39m
        [36m>[39m
          [36m<div>[39m
            [36m<label[39m
              [33mclass[39m=[32m"block text-sm font-medium text-gray-700 mb-2"[39m
              [33mfor[39m=[32m"anthropicApiKey"[39m
            [36m>[39m
              [0mAnthropic API Key *[0m
            [36m</label>[39m
            [36m<div[39m
              [33mclass[39m=[32m"flex space-x-2"[39m
            [36m>[39m
              [36m<input[39m
                [33mclass[39m=[32m"flex-1 px-3 py-2 border rounded-md focus:outline-none focus:ring-2 focus:ring-blue-500 border-gray-300"[39m
                [33mid[39m=[32m"anthropicApiKey"[39m
                [33mplaceholder[39m=[32m"sk-ant-..."[39m
                [33mtabindex[39m=[32m"0"[39m
                [33mtype[39m=[32m"password"[39m
                [33mvalue[39m=[32m"sk-ant-valid-key"[39m
              [36m/>[39m
              [36m<button[39m
                [33mclass[39m=[32m"px-3 py-2 bg-blue-600 text-white rounded-md hover:bg-blue-700 disabled:bg-gray-400"[39m
                [33mtype[39m=[32m"button"[39m
              [36m>[39m
                [0mTest Anthropic Key[0m
              [36m</button>[39m
            [36m</div>[39m
          [36m</div>[39m
          [36m<div>[39m
            [36m<label[39m
              [33mclass[39m=[32m"block text-sm font-medium text-gray-700 mb-2"[39m
              [33mfor[39m=[32m"openaiApiKey"[39m
            [36m>[39m
              [0mOpenAI API Key (Optional)[0m
            [36m</label>[39m
            [36m<div[39m
              [33mclass[39m=[32m"flex space-x-2"[39m
            [36m>[39m
              [36m<input[39m
                [33mclass[39m=[32m"flex-1 px-3 py-2 border rounded-md focus:outline-none focus:ring-2 focus:ring-blue-500 border-gray-300"[39m
                [33mid[39m=[32m"openaiApiKey"[39m
                [33mplaceholder[39m=[32m"sk-..."[39m
                [33mtabindex[39m=[32m"0"[39m
                [33mtype[39m=[32m"password"[39m
                [33mvalue[39m=[32m""[39m
              [36m/>[39m
              [36m<button[39m
                [33mclass[39m=[32m"px-3 py-2 bg-blue-600 text-white rounded-md hover:bg-blue-700 disabled:bg-gray-400"[39m
                [33mdisabled[39m=[32m""[39m
                [33mtype[39m=[32m"button"[39m
              [36m>[39m
                [0mTest OpenAI Key[0m
              [36m</button>[39m
            [36m</div>[39m
          [36m</div>[39m
          [36m<div>[39m
            [36m<label[39m
              [33mclass[39m=[32m"block text-sm font-medium text-gray-700 mb-2"[39m
              [33mfor[39m=[32m"monthlyBudget"[39m
            [36m>[39m
              [0mMonthly Budget ($) *[0m
            [36m</label>[39m
            [36m<input[39m
              [33mclass[39m=[32m"w-full px-3 py-2 border rounded-md focus:outline-none focus:ring-2 focus:ring-blue-500 border-gray-300"[39m
              [33mid[39m=[32m"monthlyBudget"[39m
              [33mmin[39m=[32m"0"[39m
              [33mstep[39m=[32m"0.01"[39m
              [33mtabindex[39m=[32m"0"[39m
              [33mtype[39m=[32m"number"[39m
              [33mvalue[39m=[32m"100"[39m
            [36m/>[39m
          [36m</div>[39m
          [36m<div>[39m
            [36m<label[39m
              [33mclass[39m=[32m"block text-sm font-medium text-gray-700 mb-2"[39m
              [33mfor[39m=[32m"preferredProvider"[39m
            [36m>[39m
              [0mPreferred Provider[0m
            [36m</label>[39m
            [36m<select[39m
              [33mclass[39m=[32m"w-full px-3 py-2 border border-gray-300 rounded-md focus:outline-none focus:ring-2 focus:ring-blue-500"[39m
              [33mid[39m=[32m"preferredProvider"[39m
              [33mtabindex[39m=[32m"0"[39m
            [36m>[39m
              [36m<option[39m
                [33mvalue[39m=[32m"auto"[39m
              [36m>[39m
                [0mAuto[0m
              [36m</option>[39m
              [36m<option[39m
                [33mvalue[39m=[32m"anthropic"[39m
              [36m>[39m
                [0mAnthropic[0m
              [36m</option>[39m
              [36m<option[39m
                [33mvalue[39m=[32m"openai"[39m
              [36m>[39m
                [0mOpenAI[0m
              [36m</option>[39m
            [36m</select>[39m
          [36m</div>[39m
        [36m</div>[39m
        [36m<div[39m
          [33mclass[39m=[32m"flex justify-between mt-8"[39m
        [36m>[39m
          [36m<button[39m
            [33mclass[39m=[32m"px-4 py-2 text-gray-600 bg-gray-200 rounded-md hover:bg-gray-300 disabled:bg-gray-100 disabled:text-gray-400"[39m
            [33mtabindex[39m=[32m"0"[39m
          [36m>[39m
            [0mBack[0m
          [36m</button>[39m
          [36m<button[39m
            [33mclass[39m=[32m"px-6 py-2 bg-blue-600 text-white rounded-md hover:bg-blue-700 disabled:bg-gray-400"[39m
            [33mtabindex[39m=[32m"0"[39m
          [36m>[39m
            [0mContinue[0m
          [36m</button>[39m
        [36m</div>[39m
      [36m</div>[39m
    [36m</div>[39m
  [36m</div>[39m
[36m</body>[39m

Ignored nodes: comments, script, style
[36m<html>[39m
  [36m<head />[39m
  [36m<body>[39m
    [36m<div>[39m
      [36m<div[39m
        [33mclass[39m=[32m"max-w-2xl mx-auto p-6"[39m
      [36m>[39m
        [36m<div[39m
          [33mclass[39m=[32m"mb-8"[39m
        [36m>[39m
          [36m<div[39m
            [33mclass[39m=[32m"flex justify-between items-center mb-2"[39m
          [36m>[39m
            [36m<span[39m
              [33mclass[39m=[32m"text-sm text-gray-600"[39m
            [36m>[39m
              [0mStep [0m
              [0m2[0m
              [0m of [0m
              [0m4[0m
            [36m</span>[39m
            [36m<span[39m
              [33mclass[39m=[32m"text-sm text-gray-600"[39m
            [36m>[39m
              [0m50[0m
              [0m%[0m
            [36m</span>[39m
          [36m</div>[39m
          [36m<div[39m
            [33mclass[39m=[32m"w-full bg-gray-200 rounded-full h-2"[39m
          [36m>[39m
            [36m<div[39m
              [33maria-valuemax[39m=[32m"4"[39m
              [33maria-valuemin[39m=[32m"0"[39m
              [33maria-valuenow[39m=[32m"2"[39m
              [33mclass[39m=[32m"bg-blue-600 h-2 rounded-full transition-all duration-300"[39m
              [33mrole[39m=[32m"progressbar"[39m
              [33mstyle[39m=[32m"width: 50%;"[39m
            [36m/>[39m
          [36m</div>[39m
        [36m</div>[39m
        [36m<div[39m
          [33mclass[39m=[32m"bg-white rounded-lg shadow-md p-6"[39m
        [36m>[39m
          [36m<h2[39m
            [33mclass[39m=[32m"text-2xl font-bold text-gray-900 mb-2"[39m
          [36m>[39m
            [0mAI Provider Configuration[0m
          [36m</h2>[39m
          [36m<p[39m
            [33mclass[39m=[32m"text-gray-600 mb-6"[39m
          [36m>[39m
            [0mConfigure your AI provider settings[0m
          [36m</p>[39m
          [36m<div[39m
            [33mclass[39m=[32m"space-y-6"[39m
          [36m>[39m
            [36m<div>[39m
              [36m<label[39m
                [33mclass[39m=[32m"block text-sm font-medium text-gray-700 mb-2"[39m
                [33mfor[39m=[32m"anthropicApiKey"[39m
              [36m>[39m
                [0mAnthropic API Key *[0m
              [36m</label>[39m
              [36m<div[39m
                [33mclass[39m=[32m"flex space-x-2"[39m
              [36m>[39m
                [36m<input[39m
                  [33mclass[39m=[32m"flex-1 px-3 py-2 border rounded-md focus:outline-none focus:ring-2 focus:ring-blue-500 border-gray-300"[39m
                  [33mid[39m=[32m"anthropicApiKey"[39m
                  [33mplaceholder[39m=[32m"sk-ant-..."[39m
                  [33mtabindex[39m=[32m"0"[39m
                  [33mtype[39m=[32m"password"[39m
                  [33mvalue[39m=[32m"sk-ant-valid-key"[39m
                [36m/>[39m
                [36m<button[39m
                  [33mclass[39m=[32m"px-3 py-2 bg-blue-600 text-white rounded-md hover:bg-blue-700 disabled:bg-gray-400"[39m
                  [33mtype[39m=[32m"button"[39m
                [36m>[39m
                  [0mTest Anthropic Key[0m
                [36m</button>[39m
              [36m</div>[39m
            [36m</div>[39m
            [36m<div>[39m
              [36m<label[39m
                [33mclass[39m=[32m"block text-sm font-medium text-gray-700 mb-2"[39m
                [33mfor[39m=[32m"openaiApiKey"[39m
              [36m>[39m
                [0mOpenAI API Key (Optional)[0m
              [36m</label>[39m
              [36m<div[39m
                [33mclass[39m=[32m"flex space-x-2"[39m
              [36m>[39m
                [36m<input[39m
                  [33mclass[39m=[32m"flex-1 px-3 py-2 border rounded-md focus:outline-none focus:ring-2 focus:ring-blue-500 border-gray-300"[39m
                  [33mid[39m=[32m"openaiApiKey"[39m
                  [33mplaceholder[39m=[32m"sk-..."[39m
                  [33mtabindex[39m=[32m"0"[39m
                  [33mtype[39m=[32m"password"[39m
                  [33mvalue[39m=[32m""[39m
                [36m/>[39m
                [36m<button[39m
                  [33mclass[39m=[32m"px-3 py-2 bg-blue-600 text-white rounded-md hover:bg-blue-700 disabled:bg-gray-400"[39m
                  [33mdisabled[39m=[32m""[39m
                  [33mtype[39m=[32m"button"[39m
                [36m>[39m
                  [0mTest OpenAI Key[0m
                [36m</button>[39m
              [36m</div>[39m
            [36m</div>[39m
            [36m<div>[39m
              [36m<label[39m
                [33mclass[39m=[32m"block text-sm font-medium text-gray-700 mb-2"[39m
                [33mfor[39m=[32m"monthlyBudget"[39m
              [36m>[39m
                [0mMonthly Budget ($) *[0m
              [36m</label>[39m
              [36m<input[39m
                [33mclass[39m=[32m"w-full px-3 py-2 border rounded-md focus:outline-none focus:ring-2 focus:ring-blue-500 border-gray-300"[39m
                [33mid[39m=[32m"monthlyBudget"[39m
                [33mmin[39m=[32m"0"[39m
                [33mstep[39m=[32m"0.01"[39m
                [33mtabindex[39m=[32m"0"[39m
                [33mtype[39m=[32m"number"[39m
                [33mvalue[39m=[32m"100"[39m
              [36m/>[39m
            [36m</div>[39m
            [36m<div>[39m
              [36m<label[39m
                [33mclass[39m=[32m"block text-sm font-medium text-gray-700 mb-2"[39m
                [33mfor[39m=[32m"preferredProvider"[39m
              [36m>[39m
                [0mPreferred Provider[0m
              [36m</label>[39m
              [36m<select[39m
                [33mclass[39m=[32m"w-full px-3 py-2 border border-gray-300 rounded-md focus:outline-none focus:ring-2 focus:ring-blue-500"[39m
                [33mid[39m=[32m"preferredProvider"[39m
                [33mtabindex[39m=[32m"0"[39m
              [36m>[39m
                [36m<option[39m
                  [33mvalue[39m=[32m"auto"[39m
                [36m>[39m
                  [0mAuto[0m
                [36m</option>[39m
                [36m<option[39m
                  [33mvalue[39m=[32m"anthropic"[39m
                [36m>[39m
                  [0mAnthropic[0m
                [36m</option>[39m
                [36m<option[39m
                  [33mvalue[39m=[32m"openai"[39m
                [36m>[39m
                  [0mOpenAI[0m
                [36m</option>[39m
              [36m</select>[39m
            [36m</div>[39m
          [36m</div>[39m
          [36m<div[39m
            [33mclass[39m=[32m"flex justify-between mt-8"[39m
          [36m>[39m
            [36m<button[39m
              [33mclass[39m=[32m"px-4 py-2 text-gray-600 bg-gray-200 rounded-md hover:bg-gray-300 disabled:bg-gray-100 disabled:text-gray-400"[39m
              [33mtabindex[39m=[32m"0"[39m
            [36m>[39m
              [0mBack[0m
            [36m</button>[39m
            [36m<button[39m
              [33mclass[39m=[32m"px-6 py-2 bg-blue-600 text-white rounded-md hover:bg-blue-700 disabled:bg-gray-400"[39m
              [33mtabindex[39m=[32m"0"[39m
            [36m>[39m
              [0mContinue[0m
            [36m</button>[39m
          [36m</div>[39m
        [36m</div>[39m
      [36m</div>[39m
    [36m</div>[39m
  [36m</body>[39m
[36m</html>[39m
   ✓ SetupWizard > Accessibility > should have proper ARIA labels and roles 11ms
   ✓ SetupWizard > Accessibility > should support keyboard navigation 7ms
   ✓ SetupWizard > Data Persistence > should save progress between steps 15ms
   × SetupWizard Edge Cases (TDD RED Phase) > should resume at correct step after partial completion (user leaves and returns) 1004ms
     → Unable to find role="heading" and name `/Academic Preferences/i`

Ignored nodes: comments, script, style
[36m<body>[39m
  [36m<div>[39m
    [36m<div[39m
      [33mclass[39m=[32m"max-w-2xl mx-auto p-6"[39m
    [36m>[39m
      [36m<div[39m
        [33mclass[39m=[32m"mb-8"[39m
      [36m>[39m
        [36m<div[39m
          [33mclass[39m=[32m"flex justify-between items-center mb-2"[39m
        [36m>[39m
          [36m<span[39m
            [33mclass[39m=[32m"text-sm text-gray-600"[39m
          [36m>[39m
            [0mStep [0m
            [0m1[0m
            [0m of [0m
            [0m4[0m
          [36m</span>[39m
          [36m<span[39m
            [33mclass[39m=[32m"text-sm text-gray-600"[39m
          [36m>[39m
            [0m25[0m
            [0m%[0m
          [36m</span>[39m
        [36m</div>[39m
        [36m<div[39m
          [33mclass[39m=[32m"w-full bg-gray-200 rounded-full h-2"[39m
        [36m>[39m
          [36m<div[39m
            [33maria-valuemax[39m=[32m"4"[39m
            [33maria-valuemin[39m=[32m"0"[39m
            [33maria-valuenow[39m=[32m"1"[39m
            [33mclass[39m=[32m"bg-blue-600 h-2 rounded-full transition-all duration-300"[39m
            [33mrole[39m=[32m"progressbar"[39m
            [33mstyle[39m=[32m"width: 25%;"[39m
          [36m/>[39m
        [36m</div>[39m
      [36m</div>[39m
      [36m<div[39m
        [33mclass[39m=[32m"bg-white rounded-lg shadow-md p-6"[39m
      [36m>[39m
        [36m<h2[39m
          [33mclass[39m=[32m"text-2xl font-bold text-gray-900 mb-2"[39m
        [36m>[39m
          [0mWelcome to Academic Workflow Assistant[0m
        [36m</h2>[39m
        [36m<p[39m
          [33mclass[39m=[32m"text-gray-600 mb-6"[39m
        [36m>[39m
          [0mLet's get you set up with your AI-powered research assistant[0m
        [36m</p>[39m
        [36m<div[39m
          [33mclass[39m=[32m"space-y-4"[39m
        [36m>[39m
          [36m<p[39m
            [33mclass[39m=[32m"text-gray-700"[39m
          [36m>[39m
            [0mThis wizard will help you configure your Academic Workflow Assistant with:[0m
          [36m</p>[39m
          [36m<ul[39m
            [33mclass[39m=[32m"list-disc list-inside text-gray-700 space-y-2"[39m
          [36m>[39m
            [36m<li>[39m
              [0mAI provider settings (API keys and preferences)[0m
            [36m</li>[39m
            [36m<li>[39m
              [0mAcademic preferences (citation style, language)[0m
            [36m</li>[39m
            [36m<li>[39m
              [0mUI preferences (theme, accessibility)[0m
            [36m</li>[39m
          [36m</ul>[39m
          [36m<p[39m
            [33mclass[39m=[32m"text-gray-700"[39m
          [36m>[39m
            [0mLet's get started![0m
          [36m</p>[39m
        [36m</div>[39m
        [36m<div[39m
          [33mclass[39m=[32m"flex justify-between mt-8"[39m
        [36m>[39m
          [36m<button[39m
            [33mclass[39m=[32m"px-4 py-2 text-gray-600 bg-gray-200 rounded-md hover:bg-gray-300 disabled:bg-gray-100 disabled:text-gray-400"[39m
            [33mdisabled[39m=[32m""[39m
            [33mtabindex[39m=[32m"0"[39m
          [36m>[39m
            [0mBack[0m
          [36m</button>[39m
          [36m<button[39m
            [33mclass[39m=[32m"px-6 py-2 bg-blue-600 text-white rounded-md hover:bg-blue-700 disabled:bg-gray-400"[39m
            [33mtabindex[39m=[32m"0"[39m
          [36m>[39m
            [0mContinue[0m
          [36m</button>[39m
        [36m</div>[39m
      [36m</div>[39m
    [36m</div>[39m
  [36m</div>[39m
[36m</body>[39m

Ignored nodes: comments, script, style
[36m<html>[39m
  [36m<head />[39m
  [36m<body>[39m
    [36m<div>[39m
      [36m<div[39m
        [33mclass[39m=[32m"max-w-2xl mx-auto p-6"[39m
      [36m>[39m
        [36m<div[39m
          [33mclass[39m=[32m"mb-8"[39m
        [36m>[39m
          [36m<div[39m
            [33mclass[39m=[32m"flex justify-between items-center mb-2"[39m
          [36m>[39m
            [36m<span[39m
              [33mclass[39m=[32m"text-sm text-gray-600"[39m
            [36m>[39m
              [0mStep [0m
              [0m1[0m
              [0m of [0m
              [0m4[0m
            [36m</span>[39m
            [36m<span[39m
              [33mclass[39m=[32m"text-sm text-gray-600"[39m
            [36m>[39m
              [0m25[0m
              [0m%[0m
            [36m</span>[39m
          [36m</div>[39m
          [36m<div[39m
            [33mclass[39m=[32m"w-full bg-gray-200 rounded-full h-2"[39m
          [36m>[39m
            [36m<div[39m
              [33maria-valuemax[39m=[32m"4"[39m
              [33maria-valuemin[39m=[32m"0"[39m
              [33maria-valuenow[39m=[32m"1"[39m
              [33mclass[39m=[32m"bg-blue-600 h-2 rounded-full transition-all duration-300"[39m
              [33mrole[39m=[32m"progressbar"[39m
              [33mstyle[39m=[32m"width: 25%;"[39m
            [36m/>[39m
          [36m</div>[39m
        [36m</div>[39m
        [36m<div[39m
          [33mclass[39m=[32m"bg-white rounded-lg shadow-md p-6"[39m
        [36m>[39m
          [36m<h2[39m
            [33mclass[39m=[32m"text-2xl font-bold text-gray-900 mb-2"[39m
          [36m>[39m
            [0mWelcome to Academic Workflow Assistant[0m
          [36m</h2>[39m
          [36m<p[39m
            [33mclass[39m=[32m"text-gray-600 mb-6"[39m
          [36m>[39m
            [0mLet's get you set up with your AI-powered research assistant[0m
          [36m</p>[39m
          [36m<div[39m
            [33mclass[39m=[32m"space-y-4"[39m
          [36m>[39m
            [36m<p[39m
              [33mclass[39m=[32m"text-gray-700"[39m
            [36m>[39m
              [0mThis wizard will help you configure your Academic Workflow Assistant with:[0m
            [36m</p>[39m
            [36m<ul[39m
              [33mclass[39m=[32m"list-disc list-inside text-gray-700 space-y-2"[39m
            [36m>[39m
              [36m<li>[39m
                [0mAI provider settings (API keys and preferences)[0m
              [36m</li>[39m
              [36m<li>[39m
                [0mAcademic preferences (citation style, language)[0m
              [36m</li>[39m
              [36m<li>[39m
                [0mUI preferences (theme, accessibility)[0m
              [36m</li>[39m
            [36m</ul>[39m
            [36m<p[39m
              [33mclass[39m=[32m"text-gray-700"[39m
            [36m>[39m
              [0mLet's get started![0m
            [36m</p>[39m
          [36m</div>[39m
          [36m<div[39m
            [33mclass[39m=[32m"flex justify-between mt-8"[39m
          [36m>[39m
            [36m<button[39m
              [33mclass[39m=[32m"px-4 py-2 text-gray-600 bg-gray-200 rounded-md hover:bg-gray-300 disabled:bg-gray-100 disabled:text-gray-400"[39m
              [33mdisabled[39m=[32m""[39m
              [33mtabindex[39m=[32m"0"[39m
            [36m>[39m
              [0mBack[0m
            [36m</button>[39m
            [36m<button[39m
              [33mclass[39m=[32m"px-6 py-2 bg-blue-600 text-white rounded-md hover:bg-blue-700 disabled:bg-gray-400"[39m
              [33mtabindex[39m=[32m"0"[39m
            [36m>[39m
              [0mContinue[0m
            [36m</button>[39m
          [36m</div>[39m
        [36m</div>[39m
      [36m</div>[39m
    [36m</div>[39m
  [36m</body>[39m
[36m</html>[39m
   × SetupWizard Edge Cases (TDD RED Phase) > should handle corrupted/missing settings from API 1006ms
     → Unable to find an element with the text: /failed to load setup status/i. This could be because the text is broken up by multiple elements. In this case, you can provide a function for your text matcher to make your matcher more flexible.

Ignored nodes: comments, script, style
[36m<body>[39m
  [36m<div>[39m
    [36m<div[39m
      [33mclass[39m=[32m"max-w-2xl mx-auto p-6"[39m
    [36m>[39m
      [36m<div[39m
        [33mclass[39m=[32m"mb-8"[39m
      [36m>[39m
        [36m<div[39m
          [33mclass[39m=[32m"flex justify-between items-center mb-2"[39m
        [36m>[39m
          [36m<span[39m
            [33mclass[39m=[32m"text-sm text-gray-600"[39m
          [36m>[39m
            [0mStep [0m
            [0m1[0m
            [0m of [0m
            [0m4[0m
          [36m</span>[39m
          [36m<span[39m
            [33mclass[39m=[32m"text-sm text-gray-600"[39m
          [36m>[39m
            [0m25[0m
            [0m%[0m
          [36m</span>[39m
        [36m</div>[39m
        [36m<div[39m
          [33mclass[39m=[32m"w-full bg-gray-200 rounded-full h-2"[39m
        [36m>[39m
          [36m<div[39m
            [33maria-valuemax[39m=[32m"4"[39m
            [33maria-valuemin[39m=[32m"0"[39m
            [33maria-valuenow[39m=[32m"1"[39m
            [33mclass[39m=[32m"bg-blue-600 h-2 rounded-full transition-all duration-300"[39m
            [33mrole[39m=[32m"progressbar"[39m
            [33mstyle[39m=[32m"width: 25%;"[39m
          [36m/>[39m
        [36m</div>[39m
      [36m</div>[39m
      [36m<div[39m
        [33mclass[39m=[32m"bg-white rounded-lg shadow-md p-6"[39m
      [36m>[39m
        [36m<h2[39m
          [33mclass[39m=[32m"text-2xl font-bold text-gray-900 mb-2"[39m
        [36m>[39m
          [0mWelcome to Academic Workflow Assistant[0m
        [36m</h2>[39m
        [36m<p[39m
          [33mclass[39m=[32m"text-gray-600 mb-6"[39m
        [36m>[39m
          [0mLet's get you set up with your AI-powered research assistant[0m
        [36m</p>[39m
        [36m<div[39m
          [33mclass[39m=[32m"space-y-4"[39m
        [36m>[39m
          [36m<p[39m
            [33mclass[39m=[32m"text-gray-700"[39m
          [36m>[39m
            [0mThis wizard will help you configure your Academic Workflow Assistant with:[0m
          [36m</p>[39m
          [36m<ul[39m
            [33mclass[39m=[32m"list-disc list-inside text-gray-700 space-y-2"[39m
          [36m>[39m
            [36m<li>[39m
              [0mAI provider settings (API keys and preferences)[0m
            [36m</li>[39m
            [36m<li>[39m
              [0mAcademic preferences (citation style, language)[0m
            [36m</li>[39m
            [36m<li>[39m
              [0mUI preferences (theme, accessibility)[0m
            [36m</li>[39m
          [36m</ul>[39m
          [36m<p[39m
            [33mclass[39m=[32m"text-gray-700"[39m
          [36m>[39m
            [0mLet's get started![0m
          [36m</p>[39m
        [36m</div>[39m
        [36m<div[39m
          [33mclass[39m=[32m"flex justify-between mt-8"[39m
        [36m>[39m
          [36m<button[39m
            [33mclass[39m=[32m"px-4 py-2 text-gray-600 bg-gray-200 rounded-md hover:bg-gray-300 disabled:bg-gray-100 disabled:text-gray-400"[39m
            [33mdisabled[39m=[32m""[39m
            [33mtabindex[39m=[32m"0"[39m
          [36m>[39m
            [0mBack[0m
          [36m</button>[39m
          [36m<button[39m
            [33mclass[39m=[32m"px-6 py-2 bg-blue-600 text-white rounded-md hover:bg-blue-700 disabled:bg-gray-400"[39m
            [33mtabindex[39m=[32m"0"[39m
          [36m>[39m
            [0mContinue[0m
          [36m</button>[39m
        [36m</div>[39m
      [36m</div>[39m
    [36m</div>[39m
  [36m</div>[39m
  [36m<div>[39m
    [36m<div[39m
      [33mclass[39m=[32m"max-w-2xl mx-auto p-6"[39m
    [36m>[39m
      [36m<div[39m
        [33mclass[39m=[32m"mb-8"[39m
      [36m>[39m
        [36m<div[39m
          [33mclass[39m=[32m"flex justify-between items-center mb-2"[39m
        [36m>[39m
          [36m<span[39m
            [33mclass[39m=[32m"text-sm text-gray-600"[39m
          [36m>[39m
            [0mStep [0m
            [0m2[0m
            [0m of [0m
            [0m4[0m
          [36m</span>[39m
          [36m<span[39m
            [33mclass[39m=[32m"text-sm text-gray-600"[39m
          [36m>[39m
            [0m50[0m
            [0m%[0m
          [36m</span>[39m
        [36m</div>[39m
        [36m<div[39m
          [33mclass[39m=[32m"w-full bg-gray-200 rounded-full h-2"[39m
        [36m>[39m
          [36m<div[39m
            [33maria-valuemax[39m=[32m"4"[39m
            [33maria-valuemin[39m=[32m"0"[39m
            [33maria-valuenow[39m=[32m"2"[39m
            [33mclass[39m=[32m"bg-blue-600 h-2 rounded-full transition-all duration-300"[39m
            [33mrole[39m=[32m"progressbar"[39m
            [33mstyle[39m=[32m"width: 50%;"[39m
          [36m/>[39m
        [36m</div>[39m
      [36m</div>[39m
      [36m<div[39m
        [33mclass[39m=[32m"bg-white rounded-lg shadow-md p-6"[39m
      [36m>[39m
        [36m<h2[39m
          [33mclass[39m=[32m"text-2xl font-bold text-gray-900 mb-2"[39m
        [36m>[39m
          [0mAI Provider Configuration[0m
        [36m</h2>[39m
        [36m<p[39m
          [33mclass[39m=[32m"text-gray-600 mb-6"[39m
        [36m>[39m
          [0mConfigure your AI provider settings[0m
        [36m</p>[39m
        [36m<div[39m
          [33mclass[39m=[32m"space-y-6"[39m
        [36m>[39m
          [36m<div>[39m
            [36m<label[39m
              [33mclass[39m=[32m"block text-sm font-medium text-gray-700 mb-2"[39m
              [33mfor[39m=[32m"anthropicApiKey"[39m
            [36m>[39m
              [0mAnthropic API Key *[0m
            [36m</label>[39m
            [36m<div[39m
              [33mclass[39m=[32m"flex space-x-2"[39m
            [36m>[39m
              [36m<input[39m
                [33mclass[39m=[32m"flex-1 px-3 py-2 border rounded-md focus:outline-none focus:ring-2 focus:ring-blue-500 border-gray-300"[39m
                [33mid[39m=[32m"anthropicApiKey"[39m
                [33mplaceholder[39m=[32m"sk-ant-..."[39m
                [33mtabindex[39m=[32m"0"[39m
                [33mtype[39m=[32m"password"[39m
                [33mvalue[39m=[32m""[39m
              [36m/>[39m
              [36m<button[39m
                [33mclass[39m=[32m"px-3 py-2 bg-blue-600 text-white rounded-md hover:bg-blue-700 disabled:bg-gray-400"[39m
                [33mdisabled[39m=[32m""[39m
                [33mtype[39m=[32m"button"[39m
              [36m>[39m
                [0mTest Anthropic Key[0m
              [36m</button>[39m
            [36m</div>[39m
          [36m</div>[39m
          [36m<div>[39m
            [36m<label[39m
              [33mclass[39m=[32m"block text-sm font-medium text-gray-700 mb-2"[39m
              [33mfor[39m=[32m"openaiApiKey"[39m
            [36m>[39m
              [0mOpenAI API Key (Optional)[0m
            [36m</label>[39m
            [36m<div[39m
              [33mclass[39m=[32m"flex space-x-2"[39m
            [36m>[39m
              [36m<input[39m
                [33mclass[39m=[32m"flex-1 px-3 py-2 border rounded-md focus:outline-none focus:ring-2 focus:ring-blue-500 border-gray-300"[39m
                [33mid[39m=[32m"openaiApiKey"[39m
                [33mplaceholder[39m=[32m"sk-..."[39m
                [33mtabindex[39m=[32m"0"[39m
                [33mtype[39m=[32m"password"[39m
                [33mvalue[39m=[32m""[39m
              [36m/>[39m
              [36m<button[39m
                [33mclass[39m=[32m"px-3 py-2 bg-blue-600 text-white rounded-md hover:bg-blue-700 disabled:bg-gray-400"[39m
                [33mdisabled[39m=[32m""[39m
                [33mtype[39m=[32m"button"[39m
              [36m>[39m
                [0mTest OpenAI Key[0m
              [36m</button>[39m
            [36m</div>[39m
          [36m</div>[39m
          [36m<div>[39m
            [36m<label[39m
              [33mclass[39m=[32m"block text-sm font-medium text-gray-700 mb-2"[39m
              [33mfor[39m=[32m"monthlyBudget"[39m
            [36m>[39m
              [0mMonthly Budget ($) *[0m
            [36m</label>[39m
            [36m<input[39m
              [33mclass[39m=[32m"w-full px-3 py-2 border rounded-md focus:outline-none focus:ring-2 focus:ring-blue-500 border-gray-300"[39m
              [33mid[39m=[32m"monthlyBudget"[39m
              [33mmin[39m=[32m"0"[39m
              [33mstep[39m=[32m"0.01"[39m
              [33mtabindex[39m=[32m"0"[39m
              [33mtype[39m=[32m"number"[39m
              [33mvalue[39m=[32m"100"[39m
            [36m/>[39m
          [36m</div>[39m
          [36m<div>[39m
            [36m<label[39m
              [33mclass[39m=[32m"block text-sm font-medium text-gray-700 mb-2"[39m
              [33mfor[39m=[32m"preferredProvider"[39m
            [36m>[39m
              [0mPreferred Provider[0m
            [36m</label>[39m
            [36m<select[39m
              [33mclass[39m=[32m"w-full px-3 py-2 border border-gray-300 rounded-md focus:outline-none focus:ring-2 focus:ring-blue-500"[39m
              [33mid[39m=[32m"preferredProvider"[39m
              [33mtabindex[39m=[32m"0"[39m
            [36m>[39m
              [36m<option[39m
                [33mvalue[39m=[32m"auto"[39m
              [36m>[39m
                [0mAuto[0m
              [36m</option>[39m
              [36m<option[39m
                [33mvalue[39m=[32m"anthropic"[39m
              [36m>[39m
                [0mAnthropic[0m
              [36m</option>[39m
              [36m<option[39m
                [33mvalue[39m=[32m"openai"[39m
              [36m>[39m
                [0mOpenAI[0m
              [36m</option>[39m
            [36m</select>[39m
          [36m</div>[39m
        [36m</div>[39m
        [36m<div[39m
          [33mclass[39m=[32m"flex justify-between mt-8"[39m
        [36m>[39m
          [36m<button[39m
            [33mclass[39m=[32m"px-4 py-2 text-gray-600 bg-gray-200 rounded-md hover:bg-gray-300 disabled:bg-gray-100 disabled:text-gray-400"[39m
            [33mtabindex[39m=[32m"0"[39m
          [36m>[39m
            [0mBack[0m
          [36m</button>[39m
          [36m<button[39m
            [33mclass[39m=[32m"px-6 py-2 bg-blue-600 text-white rounded-md hover:bg-blue-700 disabled:bg-gray-400"[39m
            [33mdisabled[39m=[32m""[39m
            [33mtabindex[39m=[32m"0"[39m
          [36m>[39m
            [0mContinue[0m
          [36m</button>[39m
        [36m</div>[39m
      [36m</div>[39m
    [36m</div>[39m
  [36m</div>[39m
[36m</body>[39m

Ignored nodes: comments, script, style
[36m<html>[39m
  [36m<head />[39m
  [36m<body>[39m
    [36m<div>[39m
      [36m<div[39m
        [33mclass[39m=[32m"max-w-2xl mx-auto p-6"[39m
      [36m>[39m
        [36m<div[39m
          [33mclass[39m=[32m"mb-8"[39m
        [36m>[39m
          [36m<div[39m
            [33mclass[39m=[32m"flex justify-between items-center mb-2"[39m
          [36m>[39m
            [36m<span[39m
              [33mclass[39m=[32m"text-sm text-gray-600"[39m
            [36m>[39m
              [0mStep [0m
              [0m1[0m
              [0m of [0m
              [0m4[0m
            [36m</span>[39m
            [36m<span[39m
              [33mclass[39m=[32m"text-sm text-gray-600"[39m
            [36m>[39m
              [0m25[0m
              [0m%[0m
            [36m</span>[39m
          [36m</div>[39m
          [36m<div[39m
            [33mclass[39m=[32m"w-full bg-gray-200 rounded-full h-2"[39m
          [36m>[39m
            [36m<div[39m
              [33maria-valuemax[39m=[32m"4"[39m
              [33maria-valuemin[39m=[32m"0"[39m
              [33maria-valuenow[39m=[32m"1"[39m
              [33mclass[39m=[32m"bg-blue-600 h-2 rounded-full transition-all duration-300"[39m
              [33mrole[39m=[32m"progressbar"[39m
              [33mstyle[39m=[32m"width: 25%;"[39m
            [36m/>[39m
          [36m</div>[39m
        [36m</div>[39m
        [36m<div[39m
          [33mclass[39m=[32m"bg-white rounded-lg shadow-md p-6"[39m
        [36m>[39m
          [36m<h2[39m
            [33mclass[39m=[32m"text-2xl font-bold text-gray-900 mb-2"[39m
          [36m>[39m
            [0mWelcome to Academic Workflow Assistant[0m
          [36m</h2>[39m
          [36m<p[39m
            [33mclass[39m=[32m"text-gray-600 mb-6"[39m
          [36m>[39m
            [0mLet's get you set up with your AI-powered research assistant[0m
          [36m</p>[39m
          [36m<div[39m
            [33mclass[39m=[32m"space-y-4"[39m
          [36m>[39m
            [36m<p[39m
              [33mclass[39m=[32m"text-gray-700"[39m
            [36m>[39m
              [0mThis wizard will help you configure your Academic Workflow Assistant with:[0m
            [36m</p>[39m
            [36m<ul[39m
              [33mclass[39m=[32m"list-disc list-inside text-gray-700 space-y-2"[39m
            [36m>[39m
              [36m<li>[39m
                [0mAI provider settings (API keys and preferences)[0m
              [36m</li>[39m
              [36m<li>[39m
                [0mAcademic preferences (citation style, language)[0m
              [36m</li>[39m
              [36m<li>[39m
                [0mUI preferences (theme, accessibility)[0m
              [36m</li>[39m
            [36m</ul>[39m
            [36m<p[39m
              [33mclass[39m=[32m"text-gray-700"[39m
            [36m>[39m
              [0mLet's get started![0m
            [36m</p>[39m
          [36m</div>[39m
          [36m<div[39m
            [33mclass[39m=[32m"flex justify-between mt-8"[39m
          [36m>[39m
            [36m<button[39m
              [33mclass[39m=[32m"px-4 py-2 text-gray-600 bg-gray-200 rounded-md hover:bg-gray-300 disabled:bg-gray-100 disabled:text-gray-400"[39m
              [33mdisabled[39m=[32m""[39m
              [33mtabindex[39m=[32m"0"[39m
            [36m>[39m
              [0mBack[0m
            [36m</button>[39m
            [36m<button[39m
              [33mclass[39m=[32m"px-6 py-2 bg-blue-600 text-white rounded-md hover:bg-blue-700 disabled:bg-gray-400"[39m
              [33mtabindex[39m=[32m"0"[39m
            [36m>[39m
              [0mContinue[0m
            [36m</button>[39m
          [36m</div>[39m
        [36m</div>[39m
      [36m</div>[39m
    [36m</div>[39m
    [36m<div>[39m
      [36m<div[39m
        [33mclass[39m=[32m"max-w-2xl mx-auto p-6"[39m
      [36m>[39m
        [36m<div[39m
          [33mclass[39m=[32m"mb-8"[39m
        [36m>[39m
          [36m<div[39m
            [33mclass[39m=[32m"flex justify-between items-center mb-2"[39m
          [36m>[39m
            [36m<span[39m
              [33mclass[39m=[32m"text-sm text-gray-600"[39m
            [36m>[39m
              [0mStep [0m
              [0m2[0m
              [0m of [0m
              [0m4[0m
            [36m</span>[39m
            [36m<span[39m
              [33mclass[39m=[32m"text-sm text-gray-600"[39m
            [36m>[39m
              [0m50[0m
              [0m%[0m
            [36m</span>[39m
          [36m</div>[39m
          [36m<div[39m
            [33mclass[39m=[32m"w-full bg-gray-200 rounded-full h-2"[39m
          [36m>[39m
            [36m<div[39m
              [33maria-valuemax[39m=[32m"4"[39m
              [33maria-valuemin[39m=[32m"0"[39m
              [33maria-valuenow[39m=[32m"2"[39m
              [33mclass[39m=[32m"bg-blue-600 h-2 rounded-full transition-all duration-300"[39m
              [33mrole[39m=[32m"progressbar"[39m
              [33mstyle[39m=[32m"width: 50%;"[39m
            [36m/>[39m
          [36m</div>[39m
        [36m</div>[39m
        [36m<div[39m
          [33mclass[39m=[32m"bg-white rounded-lg shadow-md p-6"[39m
        [36m>[39m
          [36m<h2[39m
            [33mclass[39m=[32m"text-2xl font-bold text-gray-900 mb-2"[39m
          [36m>[39m
            [0mAI Provider Configuration[0m
          [36m</h2>[39m
          [36m<p[39m
            [33mclass[39m=[32m"text-gray-600 mb-6"[39m
          [36m>[39m
            [0mConfigure your AI provider settings[0m
          [36m</p>[39m
          [36m<div[39m
            [33mclass[39m=[32m"space-y-6"[39m
          [36m>[39m
            [36m<div>[39m
              [36m<label[39m
                [33mclass[39m=[32m"block text-sm font-medium text-gray-700 mb-2"[39m
                [33mfor[39m=[32m"anthropicApiKey"[39m
              [36m>[39m
                [0mAnthropic API Key *[0m
              [36m</label>[39m
              [36m<div[39m
                [33mclass[39m=[32m"flex space-x-2"[39m
              [36m>[39m
                [36m<input[39m
                  [33mclass[39m=[32m"flex-1 px-3 py-2 border rounded-md focus:outline-none focus:ring-2 focus:ring-blue-500 border-gray-300"[39m
                  [33mid[39m=[32m"anthropicApiKey"[39m
                  [33mplaceholder[39m=[32m"sk-ant-..."[39m
                  [33mtabindex[39m=[32m"0"[39m
                  [33mtype[39m=[32m"password"[39m
                  [33mvalue[39m=[32m""[39m
                [36m/>[39m
                [36m<button[39m
                  [33mclass[39m=[32m"px-3 py-2 bg-blue-600 text-white rounded-md hover:bg-blue-700 disabled:bg-gray-400"[39m
                  [33mdisabled[39m=[32m""[39m
                  [33mtype[39m=[32m"button"[39m
                [36m>[39m
                  [0mTest Anthropic Key[0m
                [36m</button>[39m
              [36m</div>[39m
            [36m</div>[39m
            [36m<div>[39m
              [36m<label[39m
                [33mclass[39m=[32m"block text-sm font-medium text-gray-700 mb-2"[39m
                [33mfor[39m=[32m"openaiApiKey"[39m
              [36m>[39m
                [0mOpenAI API Key (Optional)[0m
              [36m</label>[39m
              [36m<div[39m
                [33mclass[39m=[32m"flex space-x-2"[39m
              [36m>[39m
                [36m<input[39m
                  [33mclass[39m=[32m"flex-1 px-3 py-2 border rounded-md focus:outline-none focus:ring-2 focus:ring-blue-500 border-gray-300"[39m
                  [33mid[39m=[32m"openaiApiKey"[39m
                  [33mplaceholder[39m=[32m"sk-..."[39m
                  [33mtabindex[39m=[32m"0"[39m
                  [33mtype[39m=[32m"password"[39m
                  [33mvalue[39m=[32m""[39m
                [36m/>[39m
                [36m<button[39m
                  [33mclass[39m=[32m"px-3 py-2 bg-blue-600 text-white rounded-md hover:bg-blue-700 disabled:bg-gray-400"[39m
                  [33mdisabled[39m=[32m""[39m
                  [33mtype[39m=[32m"button"[39m
                [36m>[39m
                  [0mTest OpenAI Key[0m
                [36m</button>[39m
              [36m</div>[39m
            [36m</div>[39m
            [36m<div>[39m
              [36m<label[39m
                [33mclass[39m=[32m"block text-sm font-medium text-gray-700 mb-2"[39m
                [33mfor[39m=[32m"monthlyBudget"[39m
              [36m>[39m
                [0mMonthly Budget ($) *[0m
              [36m</label>[39m
              [36m<input[39m
                [33mclass[39m=[32m"w-full px-3 py-2 border rounded-md focus:outline-none focus:ring-2 focus:ring-blue-500 border-gray-300"[39m
                [33mid[39m=[32m"monthlyBudget"[39m
                [33mmin[39m=[32m"0"[39m
                [33mstep[39m=[32m"0.01"[39m
                [33mtabindex[39m=[32m"0"[39m
                [33mtype[39m=[32m"number"[39m
                [33mvalue[39m=[32m"100"[39m
              [36m/>[39m
            [36m</div>[39m
            [36m<div>[39m
              [36m<label[39m
                [33mclass[39m=[32m"block text-sm font-medium text-gray-700 mb-2"[39m
                [33mfor[39m=[32m"preferredProvider"[39m
              [36m>[39m
                [0mPreferred Provider[0m
              [36m</label>[39m
              [36m<select[39m
                [33mclass[39m=[32m"w-full px-3 py-2 border border-gray-300 rounded-md focus:outline-none focus:ring-2 focus:ring-blue-500"[39m
                [33mid[39m=[32m"preferredProvider"[39m
                [33mtabindex[39m=[32m"0"[39m
              [36m>[39m
                [36m<option[39m
                  [33mvalue[39m=[32m"auto"[39m
                [36m>[39m
                  [0mAuto[0m
                [36m</option>[39m
                [36m<option[39m
                  [33mvalue[39m=[32m"anthropic"[39m
                [36m>[39m
                  [0mAnthropic[0m
                [36m</option>[39m
                [36m<option[39m
                  [33mvalue[39m=[32m"openai"[39m
                [36m>[39m
                  [0mOpenAI[0m
                [36m</option>[39m
              [36m</select>[39m
            [36m</div>[39m
          [36m</div>[39m
          [36m<div[39m
            [33mclass[39m=[32m"flex justify-between mt-8"[39m
          [36m>[39m
            [36m<button[39m
              [33mclass[39m=[32m"px-4 py-2 text-gray-600 bg-gray-200 rounded-md hover:bg-gray-300 disabled:bg-gray-100 disabled:text-gray-400"[39m
              [33mtabindex[39m=[32m"0"[39m
            [36m>[39m
              [0mBack[0m
            [36m</button>[39m
            [36m<button[39m
              [33mclass[39m=[32m"px-6 py-2 bg-blue-600 text-white rounded-md hover:bg-blue-700 disabled:bg-gray-400"[39m
              [33mdisabled[39m=[32m""[39m
              [33mtabindex[39m=[32m"0"[39m
            [36m>[39m
              [0mContinue[0m
            [36m</button>[39m
          [36m</div>[39m
        [36m</div>[39m
      [36m</div>[39m
    [36m</div>[39m
  [36m</body>[39m
[36m</html>[39m
   × SetupWizard Edge Cases (TDD RED Phase) > should handle rapid navigation between steps (simulate fast user) 10ms
     → Found multiple elements with the role "button" and name `/continue/i`

Here are the matching elements:

Ignored nodes: comments, script, style
[36m<button[39m
  [33mclass[39m=[32m"px-6 py-2 bg-blue-600 text-white rounded-md hover:bg-blue-700 disabled:bg-gray-400"[39m
  [33mtabindex[39m=[32m"0"[39m
[36m>[39m
  [0mContinue[0m
[36m</button>[39m

Ignored nodes: comments, script, style
[36m<button[39m
  [33mclass[39m=[32m"px-6 py-2 bg-blue-600 text-white rounded-md hover:bg-blue-700 disabled:bg-gray-400"[39m
  [33mdisabled[39m=[32m""[39m
  [33mtabindex[39m=[32m"0"[39m
[36m>[39m
  [0mContinue[0m
[36m</button>[39m

Ignored nodes: comments, script, style
[36m<button[39m
  [33mclass[39m=[32m"px-6 py-2 bg-blue-600 text-white rounded-md hover:bg-blue-700 disabled:bg-gray-400"[39m
  [33mtabindex[39m=[32m"0"[39m
[36m>[39m
  [0mContinue[0m
[36m</button>[39m

(If this is intentional, then use the `*AllBy*` variant of the query (like `queryAllByText`, `getAllByText`, or `findAllByText`)).

Ignored nodes: comments, script, style
[36m<body>[39m
  [36m<div>[39m
    [36m<div[39m
      [33mclass[39m=[32m"max-w-2xl mx-auto p-6"[39m
    [36m>[39m
      [36m<div[39m
        [33mclass[39m=[32m"mb-8"[39m
      [36m>[39m
        [36m<div[39m
          [33mclass[39m=[32m"flex justify-between items-center mb-2"[39m
        [36m>[39m
          [36m<span[39m
            [33mclass[39m=[32m"text-sm text-gray-600"[39m
          [36m>[39m
            [0mStep [0m
            [0m1[0m
            [0m of [0m
            [0m4[0m
          [36m</span>[39m
          [36m<span[39m
            [33mclass[39m=[32m"text-sm text-gray-600"[39m
          [36m>[39m
            [0m25[0m
            [0m%[0m
          [36m</span>[39m
        [36m</div>[39m
        [36m<div[39m
          [33mclass[39m=[32m"w-full bg-gray-200 rounded-full h-2"[39m
        [36m>[39m
          [36m<div[39m
            [33maria-valuemax[39m=[32m"4"[39m
            [33maria-valuemin[39m=[32m"0"[39m
            [33maria-valuenow[39m=[32m"1"[39m
            [33mclass[39m=[32m"bg-blue-600 h-2 rounded-full transition-all duration-300"[39m
            [33mrole[39m=[32m"progressbar"[39m
            [33mstyle[39m=[32m"width: 25%;"[39m
          [36m/>[39m
        [36m</div>[39m
      [36m</div>[39m
      [36m<div[39m
        [33mclass[39m=[32m"bg-white rounded-lg shadow-md p-6"[39m
      [36m>[39m
        [36m<h2[39m
          [33mclass[39m=[32m"text-2xl font-bold text-gray-900 mb-2"[39m
        [36m>[39m
          [0mWelcome to Academic Workflow Assistant[0m
        [36m</h2>[39m
        [36m<p[39m
          [33mclass[39m=[32m"text-gray-600 mb-6"[39m
        [36m>[39m
          [0mLet's get you set up with your AI-powered research assistant[0m
        [36m</p>[39m
        [36m<div[39m
          [33mclass[39m=[32m"space-y-4"[39m
        [36m>[39m
          [36m<p[39m
            [33mclass[39m=[32m"text-gray-700"[39m
          [36m>[39m
            [0mThis wizard will help you configure your Academic Workflow Assistant with:[0m
          [36m</p>[39m
          [36m<ul[39m
            [33mclass[39m=[32m"list-disc list-inside text-gray-700 space-y-2"[39m
          [36m>[39m
            [36m<li>[39m
              [0mAI provider settings (API keys and preferences)[0m
            [36m</li>[39m
            [36m<li>[39m
              [0mAcademic preferences (citation style, language)[0m
            [36m</li>[39m
            [36m<li>[39m
              [0mUI preferences (theme, accessibility)[0m
            [36m</li>[39m
          [36m</ul>[39m
          [36m<p[39m
            [33mclass[39m=[32m"text-gray-700"[39m
          [36m>[39m
            [0mLet's get started![0m
          [36m</p>[39m
        [36m</div>[39m
        [36m<div[39m
          [33mclass[39m=[32m"flex justify-between mt-8"[39m
        [36m>[39m
          [36m<button[39m
            [33mclass[39m=[32m"px-4 py-2 text-gray-600 bg-gray-200 rounded-md hover:bg-gray-300 disabled:bg-gray-100 disabled:text-gray-400"[39m
            [33mdisabled[39m=[32m""[39m
            [33mtabindex[39m=[32m"0"[39m
          [36m>[39m
            [0mBack[0m
          [36m</button>[39m
          [36m<button[39m
            [33mclass[39m=[32m"px-6 py-2 bg-blue-600 text-white rounded-md hover:bg-blue-700 disabled:bg-gray-400"[39m
            [33mtabindex[39m=[32m"0"[39m
          [36m>[39m
            [0mContinue[0m
          [36m</button>[39m
        [36m</div>[39m
      [36m</div>[39m
    [36m</div>[39m
  [36m</div>[39m
  [36m<div>[39m
    [36m<div[39m
      [33mclass[39m=[32m"max-w-2xl mx-auto p-6"[39m
    [36m>[39m
      [36m<div[39m
        [33mclass[39m=[32m"mb-8"[39m
      [36m>[39m
        [36m<div[39m
          [33mclass[39m=[32m"flex justify-between items-center mb-2"[39m
        [36m>[39m
          [36m<span[39m
            [33mclass[39m=[32m"text-sm text-gray-600"[39m
          [36m>[39m
            [0mStep [0m
            [0m2[0m
            [0m of [0m
            [0m4[0m
          [36m</span>[39m
          [36m<span[39m
            [33mclass[39m=[32m"text-sm text-gray-600"[39m
          [36m>[39m
            [0m50[0m
            [0m%[0m
          [36m</span>[39m
        [36m</div>[39m
        [36m<div[39m
          [33mclass[39m=[32m"w-full bg-gray-200 rounded-full h-2"[39m
        [36m>[39m
          [36m<div[39m
            [33maria-valuemax[39m=[32m"4"[39m
            [33maria-valuemin[39m=[32m"0"[39m
            [33maria-valuenow[39m=[32m"2"[39m
            [33mclass[39m=[32m"bg-blue-600 h-2 rounded-full transition-all duration-300"[39m
            [33mrole[39m=[32m"progressbar"[39m
            [33mstyle[39m=[32m"width: 50%;"[39m
          [36m/>[39m
        [36m</div>[39m
      [36m</div>[39m
      [36m<div[39m
        [33mclass[39m=[32m"bg-white rounded-lg shadow-md p-6"[39m
      [36m>[39m
        [36m<h2[39m
          [33mclass[39m=[32m"text-2xl font-bold text-gray-900 mb-2"[39m
        [36m>[39m
          [0mAI Provider Configuration[0m
        [36m</h2>[39m
        [36m<p[39m
          [33mclass[39m=[32m"text-gray-600 mb-6"[39m
        [36m>[39m
          [0mConfigure your AI provider settings[0m
        [36m</p>[39m
        [36m<div[39m
          [33mclass[39m=[32m"space-y-6"[39m
        [36m>[39m
          [36m<div>[39m
            [36m<label[39m
              [33mclass[39m=[32m"block text-sm font-medium text-gray-700 mb-2"[39m
              [33mfor[39m=[32m"anthropicApiKey"[39m
            [36m>[39m
              [0mAnthropic API Key *[0m
            [36m</label>[39m
            [36m<div[39m
              [33mclass[39m=[32m"flex space-x-2"[39m
            [36m>[39m
              [36m<input[39m
                [33mclass[39m=[32m"flex-1 px-3 py-2 border rounded-md focus:outline-none focus:ring-2 focus:ring-blue-500 border-gray-300"[39m
                [33mid[39m=[32m"anthropicApiKey"[39m
                [33mplaceholder[39m=[32m"sk-ant-..."[39m
                [33mtabindex[39m=[32m"0"[39m
                [33mtype[39m=[32m"password"[39m
                [33mvalue[39m=[32m""[39m
              [36m/>[39m
              [36m<button[39m
                [33mclass[39m=[32m"px-3 py-2 bg-blue-600 text-white rounded-md hover:bg-blue-700 disabled:bg-gray-400"[39m
                [33mdisabled[39m=[32m""[39m
                [33mtype[39m=[32m"button"[39m
              [36m>[39m
                [0mTest Anthropic Key[0m
              [36m</button>[39m
            [36m</div>[39m
          [36m</div>[39m
          [36m<div>[39m
            [36m<label[39m
              [33mclass[39m=[32m"block text-sm font-medium text-gray-700 mb-2"[39m
              [33mfor[39m=[32m"openaiApiKey"[39m
            [36m>[39m
              [0mOpenAI API Key (Optional)[0m
            [36m</label>[39m
            [36m<div[39m
              [33mclass[39m=[32m"flex space-x-2"[39m
            [36m>[39m
              [36m<input[39m
                [33mclass[39m=[32m"flex-1 px-3 py-2 border rounded-md focus:outline-none focus:ring-2 focus:ring-blue-500 border-gray-300"[39m
                [33mid[39m=[32m"openaiApiKey"[39m
                [33mplaceholder[39m=[32m"sk-..."[39m
                [33mtabindex[39m=[32m"0"[39m
                [33mtype[39m=[32m"password"[39m
                [33mvalue[39m=[32m""[39m
              [36m/>[39m
              [36m<button[39m
                [33mclass[39m=[32m"px-3 py-2 bg-blue-600 text-white rounded-md hover:bg-blue-700 disabled:bg-gray-400"[39m
                [33mdisabled[39m=[32m""[39m
                [33mtype[39m=[32m"button"[39m
              [36m>[39m
                [0mTest OpenAI Key[0m
              [36m</button>[39m
            [36m</div>[39m
          [36m</div>[39m
          [36m<div>[39m
            [36m<label[39m
              [33mclass[39m=[32m"block text-sm font-medium text-gray-700 mb-2"[39m
              [33mfor[39m=[32m"monthlyBudget"[39m
            [36m>[39m
              [0mMonthly Budget ($) *[0m
            [36m</label>[39m
            [36m<input[39m
              [33mclass[39m=[32m"w-full px-3 py-2 border rounded-md focus:outline-none focus:ring-2 focus:ring-blue-500 border-gray-300"[39m
              [33mid[39m=[32m"monthlyBudget"[39m
              [33mmin[39m=[32m"0"[39m
              [33mstep[39m=[32m"0.01"[39m
              [33mtabindex[39m=[32m"0"[39m
              [33mtype[39m=[32m"number"[39m
              [33mvalue[39m=[32m"100"[39m
            [36m/>[39m
          [36m</div>[39m
          [36m<div>[39m
            [36m<label[39m
              [33mclass[39m=[32m"block text-sm font-medium text-gray-700 mb-2"[39m
              [33mfor[39m=[32m"preferredProvider"[39m
            [36m>[39m
              [0mPreferred Provider[0m
            [36m</label>[39m
            [36m<select[39m
              [33mclass[39m=[32m"w-full px-3 py-2 border border-gray-300 rounded-md focus:outline-none focus:ring-2 focus:ring-blue-500"[39m
              [33mid[39m=[32m"preferredProvider"[39m
              [33mtabindex[39m=[32m"0"[39m
            [36m>[39m
              [36m<option[39m
                [33mvalue[39m=[32m"auto"[39m
              [36m>[39m
                [0mAuto[0m
              [36m</option>[39m
              [36m<option[39m
                [33mvalue[39m=[32m"anthropic"[39m
              [36m>[39m
                [0mAnthropic[0m
              [36m</option>[39m
              [36m<option[39m
                [33mvalue[39m=[32m"openai"[39m
              [36m>[39m
                [0mOpenAI[0m
              [36m</option>[39m
            [36m</select>[39m
          [36m</div>[39m
        [36m</div>[39m
        [36m<div[39m
          [33mclass[39m=[32m"flex justify-between mt-8"[39m
        [36m>[39m
          [36m<button[39m
            [33mclass[39m=[32m"px-4 py-2 text-gray-600 bg-gray-200 rounded-md hover:bg-gray-300 disabled:bg-gray-100 disabled:text-gray-400"[39m
            [33mtabindex[39m=[32m"0"[39m
          [36m>[39m
            [0mBack[0m
          [36m</button>[39m
          [36m<button[39m
            [33mclass[39m=[32m"px-6 py-2 bg-blue-600 text-white rounded-md hover:bg-blue-700 disabled:bg-gray-400"[39m
            [33mdisabled[39m=[32m""[39m
            [33mtabindex[39m=[32m"0"[39m
          [36m>[39m
            [0mContinue[0m
          [36m</button>[39m
        [36m</div>[39m
      [36m</div>[39m
    [36m</div>[39m
  [36m</div>[39m
  [36m<div>[39m
    [36m<div[39m
      [33mclass[39m=[32m"max-w-2xl mx-auto p-6"[39m
    [36m>[39m
      [36m<div[39m
        [33mclass[39m=[32m"mb-8"[39m
      [36m>[39m
        [36m<div[39m
          [33mclass[39m=[32m"flex justify-between items-center mb-2"[39m
        [36m>[39m
          [36m<span[39m
            [33mclass[39m=[32m"text-sm text-gray-600"[39m
          [36m>[39m
            [0mStep [0m
            [0m1[0m
            [0m of [0m
            [0m4[0m
          [36m</span>[39m
          [36m<span[39m
            [33mclass[39m=[32m"text-sm text-gray-600"[39m
          [36m>[39m
            [0m25[0m
            [0m%[0m
          [36m</span>[39m
        [36m</div>[39m
        [36m<div[39m
          [33mclass[39m=[32m"w-full bg-gray-200 rounded-full h-2"[39m
        [36m>[39m
          [36m<div[39m
            [33maria-valuemax[39m=[32m"4"[39m
            [33maria-valuemin[39m=[32m"0"[39m
            [33maria-valuenow[39m=[32m"1"[39m
            [33mclass[39m=[32m"bg-blue-600 h-2 rounded-full transition-all duration-300"[39m
            [33mrole[39m=[32m"progressbar"[39m
            [33mstyle[39m=[32m"width: 25%;"[39m
          [36m/>[39m
        [36m</div>[39m
      [36m</div>[39m
      [36m<div[39m
        [33mclass[39m=[32m"bg-white rounded-lg shadow-md p-6"[39m
      [36m>[39m
        [36m<h2[39m
          [33mclass[39m=[32m"text-2xl font-bold text-gray-900 mb-2"[39m
        [36m>[39m
          [0mWelcome to Academic Workflow Assistant[0m
        [36m</h2>[39m
        [36m<p[39m
          [33mclass[39m=[32m"text-gray-600 mb-6"[39m
        [36m>[39m
          [0mLet's get you set up with your AI-powered research assistant[0m
        [36m</p>[39m
        [36m<div[39m
          [33mclass[39m=[32m"space-y-4"[39m
        [36m>[39m
          [36m<p[39m
            [33mclass[39m=[32m"text-gray-700"[39m
          [36m>[39m
            [0mThis wizard will help you configure your Academic Workflow Assistant with:[0m
          [36m</p>[39m
          [36m<ul[39m
            [33mclass[39m=[32m"list-disc list-inside text-gray-700 space-y-2"[39m
          [36m>[39m
            [36m<li>[39m
              [0mAI provider settings (API keys and preferences)[0m
            [36m</li>[39m
            [36m<li>[39m
              [0mAcademic preferences (citation style, language)[0m
            [36m</li>[39m
            [36m<li>[39m
              [0mUI preferences (theme, accessibility)[0m
            [36m</li>[39m
          [36m</ul>[39m
          [36m<p[39m
            [33mclass[39m=[32m"text-gray-700"[39m
          [36m>[39m
            [0mLet's get started![0m
          [36m</p>[39m
        [36m</div>[39m
        [36m<div[39m
          [33mclass[39m=[32m"flex justify-between mt-8"[39m
        [36m>[39m
          [36m<button[39m
            [33mclass[39m=[32m"px-4 py-2 text-gray-600 bg-gray-200 rounded-md hover:bg-gray-300 disabled:bg-gray-100 disabled:text-gray-400"[39m
            [33mdisabled[39m=[32m""[39m
            [33mtabindex[39m=[32m"0"[39m
          [36m>[39m
            [0mBack[0m
          [36m</button>[39m
          [36m<button[39m
            [33mclass[39m=[32m"px-6 py-2 bg-blue-600 text-white rounded-md hover:bg-blue-700 disabled:bg-gray-400"[39m
            [33mtabindex[39m=[32m"0"[39m
          [36m>[39m
            [0mContinue[0m
          [36m</button>[39m
        [36m</div>[39m
      [36m</div>[39m
    [36m</div>[39m
  [36m</div>[39m
[36m</body>[39m
   × SetupWizard Edge Cases (TDD RED Phase) > should have correct ARIA attributes and support keyboard navigation (accessibility) 1006ms
     → Found multiple elements with the role "progressbar"

Here are the matching elements:

Ignored nodes: comments, script, style
[36m<div[39m
  [33maria-valuemax[39m=[32m"4"[39m
  [33maria-valuemin[39m=[32m"0"[39m
  [33maria-valuenow[39m=[32m"1"[39m
  [33mclass[39m=[32m"bg-blue-600 h-2 rounded-full transition-all duration-300"[39m
  [33mrole[39m=[32m"progressbar"[39m
  [33mstyle[39m=[32m"width: 25%;"[39m
[36m/>[39m

Ignored nodes: comments, script, style
[36m<div[39m
  [33maria-valuemax[39m=[32m"4"[39m
  [33maria-valuemin[39m=[32m"0"[39m
  [33maria-valuenow[39m=[32m"2"[39m
  [33mclass[39m=[32m"bg-blue-600 h-2 rounded-full transition-all duration-300"[39m
  [33mrole[39m=[32m"progressbar"[39m
  [33mstyle[39m=[32m"width: 50%;"[39m
[36m/>[39m

Ignored nodes: comments, script, style
[36m<div[39m
  [33maria-valuemax[39m=[32m"4"[39m
  [33maria-valuemin[39m=[32m"0"[39m
  [33maria-valuenow[39m=[32m"1"[39m
  [33mclass[39m=[32m"bg-blue-600 h-2 rounded-full transition-all duration-300"[39m
  [33mrole[39m=[32m"progressbar"[39m
  [33mstyle[39m=[32m"width: 25%;"[39m
[36m/>[39m

Ignored nodes: comments, script, style
[36m<div[39m
  [33maria-valuemax[39m=[32m"4"[39m
  [33maria-valuemin[39m=[32m"0"[39m
  [33maria-valuenow[39m=[32m"2"[39m
  [33mclass[39m=[32m"bg-blue-600 h-2 rounded-full transition-all duration-300"[39m
  [33mrole[39m=[32m"progressbar"[39m
  [33mstyle[39m=[32m"width: 50%;"[39m
[36m/>[39m

(If this is intentional, then use the `*AllBy*` variant of the query (like `queryAllByText`, `getAllByText`, or `findAllByText`)).

Ignored nodes: comments, script, style
[36m<body>[39m
  [36m<div>[39m
    [36m<div[39m
      [33mclass[39m=[32m"max-w-2xl mx-auto p-6"[39m
    [36m>[39m
      [36m<div[39m
        [33mclass[39m=[32m"mb-8"[39m
      [36m>[39m
        [36m<div[39m
          [33mclass[39m=[32m"flex justify-between items-center mb-2"[39m
        [36m>[39m
          [36m<span[39m
            [33mclass[39m=[32m"text-sm text-gray-600"[39m
          [36m>[39m
            [0mStep [0m
            [0m1[0m
            [0m of [0m
            [0m4[0m
          [36m</span>[39m
          [36m<span[39m
            [33mclass[39m=[32m"text-sm text-gray-600"[39m
          [36m>[39m
            [0m25[0m
            [0m%[0m
          [36m</span>[39m
        [36m</div>[39m
        [36m<div[39m
          [33mclass[39m=[32m"w-full bg-gray-200 rounded-full h-2"[39m
        [36m>[39m
          [36m<div[39m
            [33maria-valuemax[39m=[32m"4"[39m
            [33maria-valuemin[39m=[32m"0"[39m
            [33maria-valuenow[39m=[32m"1"[39m
            [33mclass[39m=[32m"bg-blue-600 h-2 rounded-full transition-all duration-300"[39m
            [33mrole[39m=[32m"progressbar"[39m
            [33mstyle[39m=[32m"width: 25%;"[39m
          [36m/>[39m
        [36m</div>[39m
      [36m</div>[39m
      [36m<div[39m
        [33mclass[39m=[32m"bg-white rounded-lg shadow-md p-6"[39m
      [36m>[39m
        [36m<h2[39m
          [33mclass[39m=[32m"text-2xl font-bold text-gray-900 mb-2"[39m
        [36m>[39m
          [0mWelcome to Academic Workflow Assistant[0m
        [36m</h2>[39m
        [36m<p[39m
          [33mclass[39m=[32m"text-gray-600 mb-6"[39m
        [36m>[39m
          [0mLet's get you set up with your AI-powered research assistant[0m
        [36m</p>[39m
        [36m<div[39m
          [33mclass[39m=[32m"space-y-4"[39m
        [36m>[39m
          [36m<p[39m
            [33mclass[39m=[32m"text-gray-700"[39m
          [36m>[39m
            [0mThis wizard will help you configure your Academic Workflow Assistant with:[0m
          [36m</p>[39m
          [36m<ul[39m
            [33mclass[39m=[32m"list-disc list-inside text-gray-700 space-y-2"[39m
          [36m>[39m
            [36m<li>[39m
              [0mAI provider settings (API keys and preferences)[0m
            [36m</li>[39m
            [36m<li>[39m
              [0mAcademic preferences (citation style, language)[0m
            [36m</li>[39m
            [36m<li>[39m
              [0mUI preferences (theme, accessibility)[0m
            [36m</li>[39m
          [36m</ul>[39m
          [36m<p[39m
            [33mclass[39m=[32m"text-gray-700"[39m
          [36m>[39m
            [0mLet's get started![0m
          [36m</p>[39m
        [36m</div>[39m
        [36m<div[39m
          [33mclass[39m=[32m"flex justify-between mt-8"[39m
        [36m>[39m
          [36m<button[39m
            [33mclass[39m=[32m"px-4 py-2 text-gray-600 bg-gray-200 rounded-md hover:bg-gray-300 disabled:bg-gray-100 disabled:text-gray-400"[39m
            [33mdisabled[39m=[32m""[39m
            [33mtabindex[39m=[32m"0"[39m
          [36m>[39m
            [0mBack[0m
          [36m</button>[39m
          [36m<button[39m
            [33mclass[39m=[32m"px-6 py-2 bg-blue-600 text-white rounded-md hover:bg-blue-700 disabled:bg-gray-400"[39m
            [33mtabindex[39m=[32m"0"[39m
          [36m>[39m
            [0mContinue[0m
          [36m</button>[39m
        [36m</div>[39m
      [36m</div>[39m
    [36m</div>[39m
  [36m</div>[39m
  [36m<div>[39m
    [36m<div[39m
      [33mclass[39m=[32m"max-w-2xl mx-auto p-6"[39m
    [36m>[39m
      [36m<div[39m
        [33mclass[39m=[32m"mb-8"[39m
      [36m>[39m
        [36m<div[39m
          [33mclass[39m=[32m"flex justify-between items-center mb-2"[39m
        [36m>[39m
          [36m<span[39m
            [33mclass[39m=[32m"text-sm text-gray-600"[39m
          [36m>[39m
            [0mStep [0m
            [0m2[0m
            [0m of [0m
            [0m4[0m
          [36m</span>[39m
          [36m<span[39m
            [33mclass[39m=[32m"text-sm text-gray-600"[39m
          [36m>[39m
            [0m50[0m
            [0m%[0m
          [36m</span>[39m
        [36m</div>[39m
        [36m<div[39m
          [33mclass[39m=[32m"w-full bg-gray-200 rounded-full h-2"[39m
        [36m>[39m
          [36m<div[39m
            [33maria-valuemax[39m=[32m"4"[39m
            [33maria-valuemin[39m=[32m"0"[39m
            [33maria-valuenow[39m=[32m"2"[39m
            [33mclass[39m=[32m"bg-blue-600 h-2 rounded-full transition-all duration-300"[39m
            [33mrole[39m=[32m"progressbar"[39m
            [33mstyle[39m=[32m"width: 50%;"[39m
          [36m/>[39m
        [36m</div>[39m
      [36m</div>[39m
      [36m<div[39m
        [33mclass[39m=[32m"bg-white rounded-lg shadow-md p-6"[39m
      [36m>[39m
        [36m<h2[39m
          [33mclass[39m=[32m"text-2xl font-bold text-gray-900 mb-2"[39m
        [36m>[39m
          [0mAI Provider Configuration[0m
        [36m</h2>[39m
        [36m<p[39m
          [33mclass[39m=[32m"text-gray-600 mb-6"[39m
        [36m>[39m
          [0mConfigure your AI provider settings[0m
        [36m</p>[39m
        [36m<div[39m
          [33mclass[39m=[32m"space-y-6"[39m
        [36m>[39m
          [36m<div>[39m
            [36m<label[39m
              [33mclass[39m=[32m"block text-sm font-medium text-gray-700 mb-2"[39m
              [33mfor[39m=[32m"anthropicApiKey"[39m
            [36m>[39m
              [0mAnthropic API Key *[0m
            [36m</label>[39m
            [36m<div[39m
              [33mclass[39m=[32m"flex space-x-2"[39m
            [36m>[39m
              [36m<input[39m
                [33mclass[39m=[32m"flex-1 px-3 py-2 border rounded-md focus:outline-none focus:ring-2 focus:ring-blue-500 border-gray-300"[39m
                [33mid[39m=[32m"anthropicApiKey"[39m
                [33mplaceholder[39m=[32m"sk-ant-..."[39m
                [33mtabindex[39m=[32m"0"[39m
                [33mtype[39m=[32m"password"[39m
                [33mvalue[39m=[32m""[39m
              [36m/>[39m
              [36m<button[39m
                [33mclass[39m=[32m"px-3 py-2 bg-blue-600 text-white rounded-md hover:bg-blue-700 disabled:bg-gray-400"[39m
                [33mdisabled[39m=[32m""[39m
                [33mtype[39m=[32m"button"[39m
              [36m>[39m
                [0mTest Anthropic Key[0m
              [36m</button>[39m
            [36m</div>[39m
          [36m</div>[39m
          [36m<div>[39m
            [36m<label[39m
              [33mclass[39m=[32m"block text-sm font-medium text-gray-700 mb-2"[39m
              [33mfor...

Ignored nodes: comments, script, style
[36m<html>[39m
  [36m<head />[39m
  [36m<body>[39m
    [36m<div>[39m
      [36m<div[39m
        [33mclass[39m=[32m"max-w-2xl mx-auto p-6"[39m
      [36m>[39m
        [36m<div[39m
          [33mclass[39m=[32m"mb-8"[39m
        [36m>[39m
          [36m<div[39m
            [33mclass[39m=[32m"flex justify-between items-center mb-2"[39m
          [36m>[39m
            [36m<span[39m
              [33mclass[39m=[32m"text-sm text-gray-600"[39m
            [36m>[39m
              [0mStep [0m
              [0m1[0m
              [0m of [0m
              [0m4[0m
            [36m</span>[39m
            [36m<span[39m
              [33mclass[39m=[32m"text-sm text-gray-600"[39m
            [36m>[39m
              [0m25[0m
              [0m%[0m
            [36m</span>[39m
          [36m</div>[39m
          [36m<div[39m
            [33mclass[39m=[32m"w-full bg-gray-200 rounded-full h-2"[39m
          [36m>[39m
            [36m<div[39m
              [33maria-valuemax[39m=[32m"4"[39m
              [33maria-valuemin[39m=[32m"0"[39m
              [33maria-valuenow[39m=[32m"1"[39m
              [33mclass[39m=[32m"bg-blue-600 h-2 rounded-full transition-all duration-300"[39m
              [33mrole[39m=[32m"progressbar"[39m
              [33mstyle[39m=[32m"width: 25%;"[39m
            [36m/>[39m
          [36m</div>[39m
        [36m</div>[39m
        [36m<div[39m
          [33mclass[39m=[32m"bg-white rounded-lg shadow-md p-6"[39m
        [36m>[39m
          [36m<h2[39m
            [33mclass[39m=[32m"text-2xl font-bold text-gray-900 mb-2"[39m
          [36m>[39m
            [0mWelcome to Academic Workflow Assistant[0m
          [36m</h2>[39m
          [36m<p[39m
            [33mclass[39m=[32m"text-gray-600 mb-6"[39m
          [36m>[39m
            [0mLet's get you set up with your AI-powered research assistant[0m
          [36m</p>[39m
          [36m<div[39m
            [33mclass[39m=[32m"space-y-4"[39m
          [36m>[39m
            [36m<p[39m
              [33mclass[39m=[32m"text-gray-700"[39m
            [36m>[39m
              [0mThis wizard will help you configure your Academic Workflow Assistant with:[0m
            [36m</p>[39m
            [36m<ul[39m
              [33mclass[39m=[32m"list-disc list-inside text-gray-700 space-y-2"[39m
            [36m>[39m
              [36m<li>[39m
                [0mAI provider settings (API keys and preferences)[0m
              [36m</li>[39m
              [36m<li>[39m
                [0mAcademic preferences (citation style, language)[0m
              [36m</li>[39m
              [36m<li>[39m
                [0mUI preferences (theme, accessibility)[0m
              [36m</li>[39m
            [36m</ul>[39m
            [36m<p[39m
              [33mclass[39m=[32m"text-gray-700"[39m
            [36m>[39m
              [0mLet's get started![0m
            [36m</p>[39m
          [36m</div>[39m
          [36m<div[39m
            [33mclass[39m=[32m"flex justify-between mt-8"[39m
          [36m>[39m
            [36m<button[39m
              [33mclass[39m=[32m"px-4 py-2 text-gray-600 bg-gray-200 rounded-md hover:bg-gray-300 disabled:bg-gray-100 disabled:text-gray-400"[39m
              [33mdisabled[39m=[32m""[39m
              [33mtabindex[39m=[32m"0"[39m
            [36m>[39m
              [0mBack[0m
            [36m</button>[39m
            [36m<button[39m
              [33mclass[39m=[32m"px-6 py-2 bg-blue-600 text-white rounded-md hover:bg-blue-700 disabled:bg-gray-400"[39m
              [33mtabindex[39m=[32m"0"[39m
            [36m>[39m
              [0mContinue[0m
            [36m</button>[39m
          [36m</div>[39m
        [36m</div>[39m
      [36m</div>[39m
    [36m</div>[39m
    [36m<div>[39m
      [36m<div[39m
        [33mclass[39m=[32m"max-w-2xl mx-auto p-6"[39m
      [36m>[39m
        [36m<div[39m
          [33mclass[39m=[32m"mb-8"[39m
        [36m>[39m
          [36m<div[39m
            [33mclass[39m=[32m"flex justify-between items-center mb-2"[39m
          [36m>[39m
            [36m<span[39m
              [33mclass[39m=[32m"text-sm text-gray-600"[39m
            [36m>[39m
              [0mStep [0m
              [0m2[0m
              [0m of [0m
              [0m4[0m
            [36m</span>[39m
            [36m<span[39m
              [33mclass[39m=[32m"text-sm text-gray-600"[39m
            [36m>[39m
              [0m50[0m
              [0m%[0m
            [36m</span>[39m
          [36m</div>[39m
          [36m<div[39m
            [33mclass[39m=[32m"w-full bg-gray-200 rounded-full h-2"[39m
          [36m>[39m
            [36m<div[39m
              [33maria-valuemax[39m=[32m"4"[39m
              [33maria-valuemin[39m=[32m"0"[39m
              [33maria-valuenow[39m=[32m"2"[39m
              [33mclass[39m=[32m"bg-blue-600 h-2 rounded-full transition-all duration-300"[39m
              [33mrole[39m=[32m"progressbar"[39m
              [33mstyle[39m=[32m"width: 50%;"[39m
            [36m/>[39m
          [36m</div>[39m
        [36m</div>[39m
        [36m<div[39m
          [33mclass[39m=[32m"bg-white rounded-lg shadow-md p-6"[39m
        [36m>[39m
          [36m<h2[39m
            [33mclass[39m=[32m"text-2xl font-bold text-gray-900 mb-2"[39m
          [36m>[39m
            [0mAI Provider Configuration[0m
          [36m</h2>[39m
          [36m<p[39m
            [33mclass[39m=[32m"text-gray-600 mb-6"[39m
          [36m>[39m
            [0mConfigure your AI provider settings[0m
          [36m</p>[39m
          [36m<div[39m
            [33mclass[39m=[32m"space-y-6"[39m
          [36m>[39m
            [36m<div>[39m
              [36m<label[39m
                [33mclass[39m=[32m"block text-sm font-medium text-gray-700 mb-2"[39m
                [33mfor[39m=[32m"anthropicApiKey"[39m
              [36m>[39m
                [0mAnthropic API Key *[0m
              [36m</label>[39m
              [36m<div[39m
                [33mclass[39m=[32m"flex space-x-2"[39m
              [36m>[39m
                [36m<input[39m
                  [33mclass[39m=[32m"flex-1 px-3 py-2 border rounded-md focus:outline-none focus:ring-2 focus:ring-blue-500 border-gray-300"[39m
                  [33mid[39m=[32m"anthropicApiKey"[39m
                  [33mplaceholder[39m=[32m"sk-ant-..."[39m
                  [33mtabindex[39m=[32m"0"[39m
                  [33mtype[39m=[32m"password"[39m
                  [33mvalue[39m=[32m""[39m
                [36m/>[39m
                [36m<button[39m
                  [33mclass[39m=[32m"px-3 py-2 bg-blue-600 text-white rounded-md hover:bg-blue-700 disabled:bg-gray-400"[39m
                  [33mdisabled[39m=...

 Test Files  3 failed | 11 passed (14)
      Tests  35 failed | 208 passed | 1 skipped (244)
   Start at  08:17:34
   Duration  11.69s (transform 660ms, setup 1.19s, collect 1.99s, tests 15.28s, environment 6.49s, prepare 1.14s)

